../Core/Src/main.c:91:5:main	16	static
../Core/Src/main.c:151:6:SystemClock_Config	88	static
../Core/Src/main.c:197:13:MX_ADC2_Init	40	static
../Core/Src/main.c:256:13:MX_DAC3_Init	56	static
../Core/Src/main.c:303:13:MX_OPAMP1_Init	8	static
../Core/Src/main.c:335:13:MX_OPAMP3_Init	8	static
../Core/Src/main.c:367:13:MX_TIM6_Init	24	static
../Core/Src/main.c:403:13:MX_DMA_Init	16	static
../Core/Src/main.c:425:13:MX_GPIO_Init	16	static
../Core/Src/main.c:441:7:HAL_ADC_ConvCpltCallback	24	static
../Core/Src/main.c:461:7:HAL_ADC_ConvHalfCpltCallback	24	static
../Core/Src/main.c:484:6:Error_Handler	4	static,ignoring_inline_asm
