../Core/Src/main.c:127:6:fft_hanning_f32	32	static
../Core/Src/main.c:143:6:fft_hamming_f32	32	static
../Core/Src/main.c:158:6:fft_bartlett_f32	0	static
../Core/Src/main.c:177:6:fft_blackman_harris_92db_f32	56	static
../Core/Src/main.c:194:6:USB_send_message	128	static
../Core/Src/main.c:319:6:SystemClock_Config	88	static,ignoring_inline_asm
../Core/Src/main.c:212:5:main	112	static,ignoring_inline_asm
../Core/Src/main.c:697:7:HAL_ADC_ConvHalfCpltCallback	8	static
../Core/Src/main.c:738:7:HAL_ADC_ConvCpltCallback	8	static
../Core/Src/main.c:783:6:Error_Handler	0	static,ignoring_inline_asm
