Archive member included to satisfy reference by file (symbol)

C:\Users\87407\OneDrive\Stm32G431\DSP_LIB\Drivers\CMSIS\DSP_DRIVERS\Lib\GCC\libarm_cortexM4lf_math.a(arm_rfft_fast_init_f32.o)
                              ./Core/Src/main.o (arm_rfft_fast_init_f32)
C:\Users\87407\OneDrive\Stm32G431\DSP_LIB\Drivers\CMSIS\DSP_DRIVERS\Lib\GCC\libarm_cortexM4lf_math.a(arm_rfft_fast_f32.o)
                              ./Core/Src/main.o (arm_rfft_fast_f32)
C:\Users\87407\OneDrive\Stm32G431\DSP_LIB\Drivers\CMSIS\DSP_DRIVERS\Lib\GCC\libarm_cortexM4lf_math.a(arm_cfft_f32.o)
                              C:\Users\87407\OneDrive\Stm32G431\DSP_LIB\Drivers\CMSIS\DSP_DRIVERS\Lib\GCC\libarm_cortexM4lf_math.a(arm_rfft_fast_f32.o) (arm_cfft_f32)
C:\Users\87407\OneDrive\Stm32G431\DSP_LIB\Drivers\CMSIS\DSP_DRIVERS\Lib\GCC\libarm_cortexM4lf_math.a(arm_bitreversal2.o)
                              C:\Users\87407\OneDrive\Stm32G431\DSP_LIB\Drivers\CMSIS\DSP_DRIVERS\Lib\GCC\libarm_cortexM4lf_math.a(arm_cfft_f32.o) (arm_bitreversal_32)
C:\Users\87407\OneDrive\Stm32G431\DSP_LIB\Drivers\CMSIS\DSP_DRIVERS\Lib\GCC\libarm_cortexM4lf_math.a(arm_common_tables.o)
                              C:\Users\87407\OneDrive\Stm32G431\DSP_LIB\Drivers\CMSIS\DSP_DRIVERS\Lib\GCC\libarm_cortexM4lf_math.a(arm_rfft_fast_init_f32.o) (twiddleCoef_rfft_4096)
C:\Users\87407\OneDrive\Stm32G431\DSP_LIB\Drivers\CMSIS\DSP_DRIVERS\Lib\GCC\libarm_cortexM4lf_math.a(arm_cfft_radix8_f32.o)
                              C:\Users\87407\OneDrive\Stm32G431\DSP_LIB\Drivers\CMSIS\DSP_DRIVERS\Lib\GCC\libarm_cortexM4lf_math.a(arm_cfft_f32.o) (arm_radix8_butterfly_f32)
C:/ST/STM32CubeIDE_1.15.1/STM32CubeIDE/plugins/com.st.stm32cube.ide.mcu.externaltools.gnu-tools-for-stm32.12.3.rel1.win32_1.0.100.202403111256/tools/bin/../lib/gcc/arm-none-eabi/12.3.1/../../../../arm-none-eabi/lib/thumb/v7e-m+fp/hard\libc_nano.a(libc_a-exit.o)
                              C:/ST/STM32CubeIDE_1.15.1/STM32CubeIDE/plugins/com.st.stm32cube.ide.mcu.externaltools.gnu-tools-for-stm32.12.3.rel1.win32_1.0.100.202403111256/tools/bin/../lib/gcc/arm-none-eabi/12.3.1/../../../../arm-none-eabi/lib/thumb/v7e-m+fp/hard/crt0.o (exit)
C:/ST/STM32CubeIDE_1.15.1/STM32CubeIDE/plugins/com.st.stm32cube.ide.mcu.externaltools.gnu-tools-for-stm32.12.3.rel1.win32_1.0.100.202403111256/tools/bin/../lib/gcc/arm-none-eabi/12.3.1/../../../../arm-none-eabi/lib/thumb/v7e-m+fp/hard\libc_nano.a(libc_a-findfp.o)
                              C:/ST/STM32CubeIDE_1.15.1/STM32CubeIDE/plugins/com.st.stm32cube.ide.mcu.externaltools.gnu-tools-for-stm32.12.3.rel1.win32_1.0.100.202403111256/tools/bin/../lib/gcc/arm-none-eabi/12.3.1/../../../../arm-none-eabi/lib/thumb/v7e-m+fp/hard\libc_nano.a(libc_a-exit.o) (__stdio_exit_handler)
C:/ST/STM32CubeIDE_1.15.1/STM32CubeIDE/plugins/com.st.stm32cube.ide.mcu.externaltools.gnu-tools-for-stm32.12.3.rel1.win32_1.0.100.202403111256/tools/bin/../lib/gcc/arm-none-eabi/12.3.1/../../../../arm-none-eabi/lib/thumb/v7e-m+fp/hard\libc_nano.a(libc_a-fwalk.o)
                              C:/ST/STM32CubeIDE_1.15.1/STM32CubeIDE/plugins/com.st.stm32cube.ide.mcu.externaltools.gnu-tools-for-stm32.12.3.rel1.win32_1.0.100.202403111256/tools/bin/../lib/gcc/arm-none-eabi/12.3.1/../../../../arm-none-eabi/lib/thumb/v7e-m+fp/hard\libc_nano.a(libc_a-findfp.o) (_fwalk_sglue)
C:/ST/STM32CubeIDE_1.15.1/STM32CubeIDE/plugins/com.st.stm32cube.ide.mcu.externaltools.gnu-tools-for-stm32.12.3.rel1.win32_1.0.100.202403111256/tools/bin/../lib/gcc/arm-none-eabi/12.3.1/../../../../arm-none-eabi/lib/thumb/v7e-m+fp/hard\libc_nano.a(libc_a-sprintf.o)
                              ./Core/Src/main.o (sprintf)
C:/ST/STM32CubeIDE_1.15.1/STM32CubeIDE/plugins/com.st.stm32cube.ide.mcu.externaltools.gnu-tools-for-stm32.12.3.rel1.win32_1.0.100.202403111256/tools/bin/../lib/gcc/arm-none-eabi/12.3.1/../../../../arm-none-eabi/lib/thumb/v7e-m+fp/hard\libc_nano.a(libc_a-stdio.o)
                              C:/ST/STM32CubeIDE_1.15.1/STM32CubeIDE/plugins/com.st.stm32cube.ide.mcu.externaltools.gnu-tools-for-stm32.12.3.rel1.win32_1.0.100.202403111256/tools/bin/../lib/gcc/arm-none-eabi/12.3.1/../../../../arm-none-eabi/lib/thumb/v7e-m+fp/hard\libc_nano.a(libc_a-findfp.o) (__sread)
C:/ST/STM32CubeIDE_1.15.1/STM32CubeIDE/plugins/com.st.stm32cube.ide.mcu.externaltools.gnu-tools-for-stm32.12.3.rel1.win32_1.0.100.202403111256/tools/bin/../lib/gcc/arm-none-eabi/12.3.1/../../../../arm-none-eabi/lib/thumb/v7e-m+fp/hard\libc_nano.a(libc_a-memset.o)
                              C:/ST/STM32CubeIDE_1.15.1/STM32CubeIDE/plugins/com.st.stm32cube.ide.mcu.externaltools.gnu-tools-for-stm32.12.3.rel1.win32_1.0.100.202403111256/tools/bin/../lib/gcc/arm-none-eabi/12.3.1/../../../../arm-none-eabi/lib/thumb/v7e-m+fp/hard/crt0.o (memset)
[...]
Memory Configuration

Name             Origin             Length             Attributes
RAM              0x20000000         0x00008000         xrw
FLASH            0x08000000         0x00020000         xr
*default*        0x00000000         0xffffffff

Linker script and memory map

LOAD C:/ST/STM32CubeIDE_1.15.1/STM32CubeIDE/plugins/com.st.stm32cube.ide.mcu.externaltools.gnu-tools-for-stm32.12.3.rel1.win32_1.0.100.202403111256/tools/bin/../lib/gcc/arm-none-eabi/12.3.1/thumb/v7e-m+fp/hard/crti.o
LOAD C:/ST/STM32CubeIDE_1.15.1/STM32CubeIDE/plugins/com.st.stm32cube.ide.mcu.externaltools.gnu-tools-for-stm32.12.3.rel1.win32_1.0.100.202403111256/tools/bin/../lib/gcc/arm-none-eabi/12.3.1/thumb/v7e-m+fp/hard/crtbegin.o
LOAD C:/ST/STM32CubeIDE_1.15.1/STM32CubeIDE/plugins/com.st.stm32cube.ide.mcu.externaltools.gnu-tools-for-stm32.12.3.rel1.win32_1.0.100.202403111256/tools/bin/../lib/gcc/arm-none-eabi/12.3.1/../../../../arm-none-eabi/lib/thumb/v7e-m+fp/hard/crt0.o
LOAD ./Core/Src/main.o
LOAD ./Core/Src/stm32g4xx_hal_msp.o
LOAD ./Core/Src/stm32g4xx_it.o
LOAD ./Core/Src/syscalls.o
LOAD ./Core/Src/sysmem.o
LOAD ./Core/Src/system_stm32g4xx.o
LOAD ./Core/Startup/startup_stm32g431rbtx.o
LOAD ./Drivers/STM32G4xx_HAL_Driver/Src/stm32g4xx_hal.o
LOAD ./Drivers/STM32G4xx_HAL_Driver/Src/stm32g4xx_hal_adc.o
LOAD ./Drivers/STM32G4xx_HAL_Driver/Src/stm32g4xx_hal_adc_ex.o
LOAD ./Drivers/STM32G4xx_HAL_Driver/Src/stm32g4xx_hal_cordic.o
LOAD ./Drivers/STM32G4xx_HAL_Driver/Src/stm32g4xx_hal_cortex.o
LOAD ./Drivers/STM32G4xx_HAL_Driver/Src/stm32g4xx_hal_dac.o
LOAD ./Drivers/STM32G4xx_HAL_Driver/Src/stm32g4xx_hal_dac_ex.o
LOAD ./Drivers/STM32G4xx_HAL_Driver/Src/stm32g4xx_hal_dma.o
LOAD ./Drivers/STM32G4xx_HAL_Driver/Src/stm32g4xx_hal_dma_ex.o
LOAD ./Drivers/STM32G4xx_HAL_Driver/Src/stm32g4xx_hal_exti.o
LOAD ./Drivers/STM32G4xx_HAL_Driver/Src/stm32g4xx_hal_flash.o
LOAD ./Drivers/STM32G4xx_HAL_Driver/Src/stm32g4xx_hal_flash_ex.o
LOAD ./Drivers/STM32G4xx_HAL_Driver/Src/stm32g4xx_hal_flash_ramfunc.o
LOAD ./Drivers/STM32G4xx_HAL_Driver/Src/stm32g4xx_hal_fmac.o
LOAD ./Drivers/STM32G4xx_HAL_Driver/Src/stm32g4xx_hal_gpio.o
LOAD ./Drivers/STM32G4xx_HAL_Driver/Src/stm32g4xx_hal_opamp.o
LOAD ./Drivers/STM32G4xx_HAL_Driver/Src/stm32g4xx_hal_opamp_ex.o
LOAD ./Drivers/STM32G4xx_HAL_Driver/Src/stm32g4xx_hal_pcd.o
LOAD ./Drivers/STM32G4xx_HAL_Driver/Src/stm32g4xx_hal_pcd_ex.o
LOAD ./Drivers/STM32G4xx_HAL_Driver/Src/stm32g4xx_hal_pwr.o
LOAD ./Drivers/STM32G4xx_HAL_Driver/Src/stm32g4xx_hal_pwr_ex.o
LOAD ./Drivers/STM32G4xx_HAL_Driver/Src/stm32g4xx_hal_rcc.o
LOAD ./Drivers/STM32G4xx_HAL_Driver/Src/stm32g4xx_hal_rcc_ex.o
LOAD ./Drivers/STM32G4xx_HAL_Driver/Src/stm32g4xx_hal_tim.o
LOAD ./Drivers/STM32G4xx_HAL_Driver/Src/stm32g4xx_hal_tim_ex.o
LOAD ./Drivers/STM32G4xx_HAL_Driver/Src/stm32g4xx_ll_adc.o
LOAD ./Drivers/STM32G4xx_HAL_Driver/Src/stm32g4xx_ll_usb.o
LOAD ./Middlewares/ST/STM32_USB_Device_Library/Class/CDC/Src/usbd_cdc.o
LOAD ./Middlewares/ST/STM32_USB_Device_Library/Core/Src/usbd_core.o
LOAD ./Middlewares/ST/STM32_USB_Device_Library/Core/Src/usbd_ctlreq.o
LOAD ./Middlewares/ST/STM32_USB_Device_Library/Core/Src/usbd_ioreq.o
LOAD ./USB_Device/App/usb_device.o
LOAD ./USB_Device/App/usbd_cdc_if.o
LOAD ./USB_Device/App/usbd_desc.o
LOAD ./USB_Device/Target/usbd_conf.o
LOAD C:\Users\87407\OneDrive\Stm32G431\DSP_LIB\Drivers\CMSIS\DSP_DRIVERS\Lib\GCC\libarm_cortexM4lf_math.a
START GROUP
LOAD C:/ST/STM32CubeIDE_1.15.1/STM32CubeIDE/plugins/com.st.stm32cube.ide.mcu.externaltools.gnu-tools-for-stm32.12.3.rel1.win32_1.0.100.202403111256/tools/bin/../lib/gcc/arm-none-eabi/12.3.1/../../../../arm-none-eabi/lib/thumb/v7e-m+fp/hard\libc_nano.a
LOAD C:/ST/STM32CubeIDE_1.15.1/STM32CubeIDE/plugins/com.st.stm32cube.ide.mcu.externaltools.gnu-tools-for-stm32.12.3.rel1.win32_1.0.100.202403111256/tools/bin/../lib/gcc/arm-none-eabi/12.3.1/../../../../arm-none-eabi/lib/thumb/v7e-m+fp/hard\libm.a
END GROUP
START GROUP
LOAD C:/ST/STM32CubeIDE_1.15.1/STM32CubeIDE/plugins/com.st.stm32cube.ide.mcu.externaltools.gnu-tools-for-stm32.12.3.rel1.win32_1.0.100.202403111256/tools/bin/../lib/gcc/arm-none-eabi/12.3.1/thumb/v7e-m+fp/hard\libgcc.a
LOAD C:/ST/STM32CubeIDE_1.15.1/STM32CubeIDE/plugins/com.st.stm32cube.ide.mcu.externaltools.gnu-tools-for-stm32.12.3.rel1.win32_1.0.100.202403111256/tools/bin/../lib/gcc/arm-none-eabi/12.3.1/../../../../arm-none-eabi/lib/thumb/v7e-m+fp/hard\libc_nano.a
END GROUP
START GROUP
LOAD C:/ST/STM32CubeIDE_1.15.1/STM32CubeIDE/plugins/com.st.stm32cube.ide.mcu.externaltools.gnu-tools-for-stm32.12.3.rel1.win32_1.0.100.202403111256/tools/bin/../lib/gcc/arm-none-eabi/12.3.1/thumb/v7e-m+fp/hard\libgcc.a
LOAD C:/ST/STM32CubeIDE_1.15.1/STM32CubeIDE/plugins/com.st.stm32cube.ide.mcu.externaltools.gnu-tools-for-stm32.12.3.rel1.win32_1.0.100.202403111256/tools/bin/../lib/gcc/arm-none-eabi/12.3.1/../../../../arm-none-eabi/lib/thumb/v7e-m+fp/hard\libc_nano.a
LOAD C:/ST/STM32CubeIDE_1.15.1/STM32CubeIDE/plugins/com.st.stm32cube.ide.mcu.externaltools.gnu-tools-for-stm32.12.3.rel1.win32_1.0.100.202403111256/tools/bin/../lib/gcc/arm-none-eabi/12.3.1/../../../../arm-none-eabi/lib/thumb/v7e-m+fp/hard\libnosys.a
END GROUP
START GROUP
LOAD C:/ST/STM32CubeIDE_1.15.1/STM32CubeIDE/plugins/com.st.stm32cube.ide.mcu.externaltools.gnu-tools-for-stm32.12.3.rel1.win32_1.0.100.202403111256/tools/bin/../lib/gcc/arm-none-eabi/12.3.1/thumb/v7e-m+fp/hard\libgcc.a
LOAD C:/ST/STM32CubeIDE_1.15.1/STM32CubeIDE/plugins/com.st.stm32cube.ide.mcu.externaltools.gnu-tools-for-stm32.12.3.rel1.win32_1.0.100.202403111256/tools/bin/../lib/gcc/arm-none-eabi/12.3.1/../../../../arm-none-eabi/lib/thumb/v7e-m+fp/hard\libc_nano.a
LOAD C:/ST/STM32CubeIDE_1.15.1/STM32CubeIDE/plugins/com.st.stm32cube.ide.mcu.externaltools.gnu-tools-for-stm32.12.3.rel1.win32_1.0.100.202403111256/tools/bin/../lib/gcc/arm-none-eabi/12.3.1/../../../../arm-none-eabi/lib/thumb/v7e-m+fp/hard\libnosys.a
END GROUP
LOAD C:/ST/STM32CubeIDE_1.15.1/STM32CubeIDE/plugins/com.st.stm32cube.ide.mcu.externaltools.gnu-tools-for-stm32.12.3.rel1.win32_1.0.100.202403111256/tools/bin/../lib/gcc/arm-none-eabi/12.3.1/thumb/v7e-m+fp/hard/crtend.o
LOAD C:/ST/STM32CubeIDE_1.15.1/STM32CubeIDE/plugins/com.st.stm32cube.ide.mcu.externaltools.gnu-tools-for-stm32.12.3.rel1.win32_1.0.100.202403111256/tools/bin/../lib/gcc/arm-none-eabi/12.3.1/thumb/v7e-m+fp/hard/crtn.o
                0x20008000                        _estack = (ORIGIN (RAM) + LENGTH (RAM))
                0x00000200                        _Min_Heap_Size = 0x200
                0x00000400                        _Min_Stack_Size = 0x400

.isr_vector     0x08000000      0x1d8
                0x08000000                        . = ALIGN (0x4)
 *(.isr_vector)
 .isr_vector    0x08000000      0x1d8 ./Core/Startup/startup_stm32g431rbtx.o
                0x08000000                g_pfnVectors
                0x080001d8                        . = ALIGN (0x4)

.text           0x080001e0     0x7508
                0x080001e0                        . = ALIGN (0x4)
 *(.text)
 .text          0x080001e0       0x40 C:/ST/STM32CubeIDE_1.15.1/STM32CubeIDE/plugins/com.st.stm32cube.ide.mcu.externaltools.gnu-tools-for-stm32.12.3.rel1.win32_1.0.100.202403111256/tools/bin/../lib/gcc/arm-none-eabi/12.3.1/thumb/v7e-m+fp/hard/crtbegin.o
 .text          0x08000220       0x10 C:/ST/STM32CubeIDE_1.15.1/STM32CubeIDE/plugins/com.st.stm32cube.ide.mcu.externaltools.gnu-tools-for-stm32.12.3.rel1.win32_1.0.100.202403111256/tools/bin/../lib/gcc/arm-none-eabi/12.3.1/../../../../arm-none-eabi/lib/thumb/v7e-m+fp/hard\libc_nano.a(libc_a-strlen.o)
                0x08000220                strlen
 .text          0x08000230       0xa0 C:/ST/STM32CubeIDE_1.15.1/STM32CubeIDE/plugins/com.st.stm32cube.ide.mcu.externaltools.gnu-tools-for-stm32.12.3.rel1.win32_1.0.100.202403111256/tools/bin/../lib/gcc/arm-none-eabi/12.3.1/../../../../arm-none-eabi/lib/thumb/v7e-m+fp/hard\libc_nano.a(libc_a-memchr.o)
                0x08000230                memchr
 *(.text*)
 .text.fft_blackman_harris_92db_f32
                0x080002d0       0x9c ./Core/Src/main.o
                0x080002d0                fft_blackman_harris_92db_f32
 .text.USB_send_message
                0x0800036c       0x28 ./Core/Src/main.o
                0x0800036c                USB_send_message
 .text.SystemClock_Config
                0x08000394       0x6c ./Core/Src/main.o
                0x08000394                SystemClock_Config
 .text.startup.main
                0x08000400      0x334 ./Core/Src/main.o
                0x08000400                main
 .text.HAL_ADC_ConvHalfCpltCallback
                0x08000734       0x38 ./Core/Src/main.o
                0x08000734                HAL_ADC_ConvHalfCpltCallback
 .text.HAL_ADC_ConvCpltCallback
                0x0800076c       0x38 ./Core/Src/main.o
                0x0800076c                HAL_ADC_ConvCpltCallback
 .text.Error_Handler
                0x080007a4        0x4 ./Core/Src/main.o
                0x080007a4                Error_Handler
 .text.HAL_MspInit
                0x080007a8       0x48 ./Core/Src/stm32g4xx_hal_msp.o
                0x080007a8                HAL_MspInit
 .text.HAL_ADC_MspInit
                0x080007f0       0xa0 ./Core/Src/stm32g4xx_hal_msp.o
                0x080007f0                HAL_ADC_MspInit
 .text.HAL_CORDIC_MspInit
                0x08000890       0x2c ./Core/Src/stm32g4xx_hal_msp.o
                0x08000890                HAL_CORDIC_MspInit
 .text.HAL_DAC_MspInit
                0x080008bc       0x74 ./Core/Src/stm32g4xx_hal_msp.o
                0x080008bc                HAL_DAC_MspInit
 .text.HAL_FMAC_MspInit
                0x08000930       0x28 ./Core/Src/stm32g4xx_hal_msp.o
                0x08000930                HAL_FMAC_MspInit
 .text.HAL_OPAMP_MspInit
                0x08000958       0x6c ./Core/Src/stm32g4xx_hal_msp.o
                0x08000958                HAL_OPAMP_MspInit
 .text.HAL_TIM_Base_MspInit
                0x080009c4       0x28 ./Core/Src/stm32g4xx_hal_msp.o
                0x080009c4                HAL_TIM_Base_MspInit
 .text.NMI_Handler
                0x080009ec        0x2 ./Core/Src/stm32g4xx_it.o
                0x080009ec                NMI_Handler
 .text.HardFault_Handler
                0x080009ee        0x2 ./Core/Src/stm32g4xx_it.o
                0x080009ee                HardFault_Handler
 .text.MemManage_Handler
                0x080009f0        0x2 ./Core/Src/stm32g4xx_it.o
                0x080009f0                MemManage_Handler
 .text.BusFault_Handler
                0x080009f2        0x2 ./Core/Src/stm32g4xx_it.o
                0x080009f2                BusFault_Handler
 .text.UsageFault_Handler
                0x080009f4        0x2 ./Core/Src/stm32g4xx_it.o
                0x080009f4                UsageFault_Handler
 .text.SVC_Handler
                0x080009f6        0x2 ./Core/Src/stm32g4xx_it.o
                0x080009f6                SVC_Handler
 .text.DebugMon_Handler
                0x080009f8        0x2 ./Core/Src/stm32g4xx_it.o
                0x080009f8                DebugMon_Handler
 .text.PendSV_Handler
                0x080009fa        0x2 ./Core/Src/stm32g4xx_it.o
                0x080009fa                PendSV_Handler
 .text.SysTick_Handler
                0x080009fc        0x4 ./Core/Src/stm32g4xx_it.o
                0x080009fc                SysTick_Handler
 .text.DMA1_Channel1_IRQHandler
                0x08000a00        0xc ./Core/Src/stm32g4xx_it.o
                0x08000a00                DMA1_Channel1_IRQHandler
 .text.DMA1_Channel2_IRQHandler
                0x08000a0c        0xc ./Core/Src/stm32g4xx_it.o
                0x08000a0c                DMA1_Channel2_IRQHandler
 .text.ADC1_2_IRQHandler
                0x08000a18        0xc ./Core/Src/stm32g4xx_it.o
                0x08000a18                ADC1_2_IRQHandler
 .text.USB_LP_IRQHandler
                0x08000a24        0xc ./Core/Src/stm32g4xx_it.o
                0x08000a24                USB_LP_IRQHandler
 .text._sbrk    0x08000a30       0x40 ./Core/Src/sysmem.o
                0x08000a30                _sbrk
 .text.SystemInit
                0x08000a70       0x14 ./Core/Src/system_stm32g4xx.o
                0x08000a70                SystemInit
 .text.Reset_Handler
                0x08000a84       0x50 ./Core/Startup/startup_stm32g431rbtx.o
                0x08000a84                Reset_Handler
 .text.Default_Handler
                0x08000ad4        0x2 ./Core/Startup/startup_stm32g431rbtx.o
                0x08000ad4                RTC_Alarm_IRQHandler
                0x08000ad4                EXTI2_IRQHandler
                0x08000ad4                TIM8_TRG_COM_IRQHandler
                0x08000ad4                TIM8_CC_IRQHandler
                0x08000ad4                TIM1_CC_IRQHandler
                0x08000ad4                USB_HP_IRQHandler
                0x08000ad4                CORDIC_IRQHandler
                0x08000ad4                EXTI3_IRQHandler
                0x08000ad4                I2C3_ER_IRQHandler
                0x08000ad4                EXTI0_IRQHandler
                0x08000ad4                I2C2_EV_IRQHandler
                0x08000ad4                FPU_IRQHandler
                0x08000ad4                FDCAN1_IT1_IRQHandler
                0x08000ad4                TIM1_UP_TIM16_IRQHandler
                0x08000ad4                SPI1_IRQHandler
                0x08000ad4                TIM6_DAC_IRQHandler
                0x08000ad4                TIM8_UP_IRQHandler
                0x08000ad4                DMA2_Channel2_IRQHandler
                0x08000ad4                DMA1_Channel4_IRQHandler
                0x08000ad4                USART3_IRQHandler
                0x08000ad4                TIM4_IRQHandler
                0x08000ad4                DMA2_Channel1_IRQHandler
                0x08000ad4                I2C1_EV_IRQHandler
                0x08000ad4                DMA1_Channel6_IRQHandler
                0x08000ad4                UART4_IRQHandler
                0x08000ad4                DMA2_Channel4_IRQHandler
                0x08000ad4                TIM3_IRQHandler
                0x08000ad4                RCC_IRQHandler
                0x08000ad4                Default_Handler
                0x08000ad4                RTC_TAMP_LSECSS_IRQHandler
                0x08000ad4                FMAC_IRQHandler
                0x08000ad4                EXTI15_10_IRQHandler
                0x08000ad4                TIM7_IRQHandler
                0x08000ad4                UCPD1_IRQHandler
                0x08000ad4                I2C3_EV_IRQHandler
                0x08000ad4                EXTI9_5_IRQHandler
                0x08000ad4                RTC_WKUP_IRQHandler
                0x08000ad4                PVD_PVM_IRQHandler
                0x08000ad4                SPI2_IRQHandler
                0x08000ad4                DMA2_Channel5_IRQHandler
                0x08000ad4                CRS_IRQHandler
                0x08000ad4                DMA1_Channel5_IRQHandler
                0x08000ad4                EXTI4_IRQHandler
                0x08000ad4                RNG_IRQHandler
                0x08000ad4                TIM1_TRG_COM_TIM17_IRQHandler
                0x08000ad4                DMA1_Channel3_IRQHandler
                0x08000ad4                WWDG_IRQHandler
                0x08000ad4                LPUART1_IRQHandler
                0x08000ad4                DMA2_Channel6_IRQHandler
                0x08000ad4                FDCAN1_IT0_IRQHandler
                0x08000ad4                TIM2_IRQHandler
                0x08000ad4                COMP1_2_3_IRQHandler
                0x08000ad4                EXTI1_IRQHandler
                0x08000ad4                USART2_IRQHandler
                0x08000ad4                I2C2_ER_IRQHandler
                0x08000ad4                TIM8_BRK_IRQHandler
                0x08000ad4                FLASH_IRQHandler
                0x08000ad4                USART1_IRQHandler
                0x08000ad4                SPI3_IRQHandler
                0x08000ad4                I2C1_ER_IRQHandler
                0x08000ad4                LPTIM1_IRQHandler
                0x08000ad4                DMAMUX_OVR_IRQHandler
                0x08000ad4                USBWakeUp_IRQHandler
                0x08000ad4                SAI1_IRQHandler
                0x08000ad4                DMA2_Channel3_IRQHandler
                0x08000ad4                COMP4_IRQHandler
                0x08000ad4                TIM1_BRK_TIM15_IRQHandler
 *fill*         0x08000ad6        0x2 
 .text.HAL_InitTick
                0x08000ad8       0x4c ./Drivers/STM32G4xx_HAL_Driver/Src/stm32g4xx_hal.o
                0x08000ad8                HAL_InitTick
 .text.HAL_Init
                0x08000b24       0x1e ./Drivers/STM32G4xx_HAL_Driver/Src/stm32g4xx_hal.o
                0x08000b24                HAL_Init
 *fill*         0x08000b42        0x2 
 .text.HAL_IncTick
                0x08000b44       0x18 ./Drivers/STM32G4xx_HAL_Driver/Src/stm32g4xx_hal.o
                0x08000b44                HAL_IncTick
 .text.HAL_GetTick
                0x08000b5c        0xc ./Drivers/STM32G4xx_HAL_Driver/Src/stm32g4xx_hal.o
                0x08000b5c                HAL_GetTick
 .text.HAL_Delay
                0x08000b68       0x28 ./Drivers/STM32G4xx_HAL_Driver/Src/stm32g4xx_hal.o
                0x08000b68                HAL_Delay
 .text.HAL_SYSCFG_VREFBUF_VoltageScalingConfig
                0x08000b90       0x14 ./Drivers/STM32G4xx_HAL_Driver/Src/stm32g4xx_hal.o
                0x08000b90                HAL_SYSCFG_VREFBUF_VoltageScalingConfig
 .text.HAL_SYSCFG_VREFBUF_HighImpedanceConfig
                0x08000ba4       0x14 ./Drivers/STM32G4xx_HAL_Driver/Src/stm32g4xx_hal.o
                0x08000ba4                HAL_SYSCFG_VREFBUF_HighImpedanceConfig
 .text.HAL_SYSCFG_EnableVREFBUF
                0x08000bb8       0x30 ./Drivers/STM32G4xx_HAL_Driver/Src/stm32g4xx_hal.o
                0x08000bb8                HAL_SYSCFG_EnableVREFBUF
 .text.LL_ADC_SetChannelSamplingTime
                0x08000be8       0x20 ./Drivers/STM32G4xx_HAL_Driver/Src/stm32g4xx_hal_adc.o
 .text.LL_ADC_IsEnabled
                0x08000c08        0x8 ./Drivers/STM32G4xx_HAL_Driver/Src/stm32g4xx_hal_adc.o
 .text.LL_ADC_REG_IsConversionOngoing
                0x08000c10        0x8 ./Drivers/STM32G4xx_HAL_Driver/Src/stm32g4xx_hal_adc.o
 .text.HAL_ADC_Init
                0x08000c18      0x1e4 ./Drivers/STM32G4xx_HAL_Driver/Src/stm32g4xx_hal_adc.o
                0x08000c18                HAL_ADC_Init
 .text.ADC_DMAHalfConvCplt
                0x08000dfc        0xa ./Drivers/STM32G4xx_HAL_Driver/Src/stm32g4xx_hal_adc.o
                0x08000dfc                ADC_DMAHalfConvCplt
 .text.HAL_ADC_LevelOutOfWindowCallback
                0x08000e06        0x2 ./Drivers/STM32G4xx_HAL_Driver/Src/stm32g4xx_hal_adc.o
                0x08000e06                HAL_ADC_LevelOutOfWindowCallback
 .text.HAL_ADC_ErrorCallback
                0x08000e08        0x2 ./Drivers/STM32G4xx_HAL_Driver/Src/stm32g4xx_hal_adc.o
                0x08000e08                HAL_ADC_ErrorCallback
 *fill*         0x08000e0a        0x2 
 .text.HAL_ADC_IRQHandler
                0x08000e0c      0x23c ./Drivers/STM32G4xx_HAL_Driver/Src/stm32g4xx_hal_adc.o
                0x08000e0c                HAL_ADC_IRQHandler
 .text.ADC_DMAConvCplt
                0x08001048       0x68 ./Drivers/STM32G4xx_HAL_Driver/Src/stm32g4xx_hal_adc.o
                0x08001048                ADC_DMAConvCplt
 .text.ADC_DMAError
                0x080010b0       0x1a ./Drivers/STM32G4xx_HAL_Driver/Src/stm32g4xx_hal_adc.o
                0x080010b0                ADC_DMAError
 *fill*         0x080010ca        0x2 
 .text.HAL_ADC_ConfigChannel
                0x080010cc      0x3a8 ./Drivers/STM32G4xx_HAL_Driver/Src/stm32g4xx_hal_adc.o
                0x080010cc                HAL_ADC_ConfigChannel
 .text.ADC_Enable
                0x08001474       0xb4 ./Drivers/STM32G4xx_HAL_Driver/Src/stm32g4xx_hal_adc.o
                0x08001474                ADC_Enable
 .text.HAL_ADC_Start_DMA
                0x08001528       0xe4 ./Drivers/STM32G4xx_HAL_Driver/Src/stm32g4xx_hal_adc.o
                0x08001528                HAL_ADC_Start_DMA
 .text.HAL_ADCEx_InjectedConvCpltCallback
                0x0800160c        0x2 ./Drivers/STM32G4xx_HAL_Driver/Src/stm32g4xx_hal_adc_ex.o
                0x0800160c                HAL_ADCEx_InjectedConvCpltCallback
 .text.HAL_ADCEx_InjectedQueueOverflowCallback
                0x0800160e        0x2 ./Drivers/STM32G4xx_HAL_Driver/Src/stm32g4xx_hal_adc_ex.o
                0x0800160e                HAL_ADCEx_InjectedQueueOverflowCallback
 .text.HAL_ADCEx_LevelOutOfWindow2Callback
                0x08001610        0x2 ./Drivers/STM32G4xx_HAL_Driver/Src/stm32g4xx_hal_adc_ex.o
                0x08001610                HAL_ADCEx_LevelOutOfWindow2Callback
 .text.HAL_ADCEx_LevelOutOfWindow3Callback
                0x08001612        0x2 ./Drivers/STM32G4xx_HAL_Driver/Src/stm32g4xx_hal_adc_ex.o
                0x08001612                HAL_ADCEx_LevelOutOfWindow3Callback
 .text.HAL_ADCEx_EndOfSamplingCallback
                0x08001614        0x2 ./Drivers/STM32G4xx_HAL_Driver/Src/stm32g4xx_hal_adc_ex.o
                0x08001614                HAL_ADCEx_EndOfSamplingCallback
 .text.HAL_CORDIC_Init
                0x08001616       0x32 ./Drivers/STM32G4xx_HAL_Driver/Src/stm32g4xx_hal_cordic.o
                0x08001616                HAL_CORDIC_Init
 .text.HAL_NVIC_SetPriorityGrouping
                0x08001648       0x24 ./Drivers/STM32G4xx_HAL_Driver/Src/stm32g4xx_hal_cortex.o
                0x08001648                HAL_NVIC_SetPriorityGrouping
 .text.HAL_NVIC_SetPriority
                0x0800166c       0x64 ./Drivers/STM32G4xx_HAL_Driver/Src/stm32g4xx_hal_cortex.o
                0x0800166c                HAL_NVIC_SetPriority
 .text.HAL_NVIC_EnableIRQ
                0x080016d0       0x1c ./Drivers/STM32G4xx_HAL_Driver/Src/stm32g4xx_hal_cortex.o
                0x080016d0                HAL_NVIC_EnableIRQ
 .text.HAL_SYSTICK_Config
                0x080016ec       0x28 ./Drivers/STM32G4xx_HAL_Driver/Src/stm32g4xx_hal_cortex.o
                0x080016ec                HAL_SYSTICK_Config
 .text.HAL_DAC_Init
                0x08001714       0x26 ./Drivers/STM32G4xx_HAL_Driver/Src/stm32g4xx_hal_dac.o
                0x08001714                HAL_DAC_Init
 *fill*         0x0800173a        0x2 
 .text.HAL_DAC_Start_DMA
                0x0800173c       0xf4 ./Drivers/STM32G4xx_HAL_Driver/Src/stm32g4xx_hal_dac.o
                0x0800173c                HAL_DAC_Start_DMA
 .text.HAL_DAC_ConvCpltCallbackCh1
                0x08001830        0x2 ./Drivers/STM32G4xx_HAL_Driver/Src/stm32g4xx_hal_dac.o
                0x08001830                HAL_DAC_ConvCpltCallbackCh1
 .text.DAC_DMAConvCpltCh1
                0x08001832       0x10 ./Drivers/STM32G4xx_HAL_Driver/Src/stm32g4xx_hal_dac.o
                0x08001832                DAC_DMAConvCpltCh1
 .text.HAL_DAC_ConvHalfCpltCallbackCh1
                0x08001842        0x2 ./Drivers/STM32G4xx_HAL_Driver/Src/stm32g4xx_hal_dac.o
                0x08001842                HAL_DAC_ConvHalfCpltCallbackCh1
 .text.DAC_DMAHalfConvCpltCh1
                0x08001844        0xa ./Drivers/STM32G4xx_HAL_Driver/Src/stm32g4xx_hal_dac.o
                0x08001844                DAC_DMAHalfConvCpltCh1
 .text.HAL_DAC_ErrorCallbackCh1
                0x0800184e        0x2 ./Drivers/STM32G4xx_HAL_Driver/Src/stm32g4xx_hal_dac.o
                0x0800184e                HAL_DAC_ErrorCallbackCh1
 .text.DAC_DMAErrorCh1
                0x08001850       0x18 ./Drivers/STM32G4xx_HAL_Driver/Src/stm32g4xx_hal_dac.o
                0x08001850                DAC_DMAErrorCh1
 .text.HAL_DAC_ConfigChannel
                0x08001868      0x1d0 ./Drivers/STM32G4xx_HAL_Driver/Src/stm32g4xx_hal_dac.o
                0x08001868                HAL_DAC_ConfigChannel
 .text.HAL_DACEx_ConvCpltCallbackCh2
                0x08001a38        0x2 ./Drivers/STM32G4xx_HAL_Driver/Src/stm32g4xx_hal_dac_ex.o
                0x08001a38                HAL_DACEx_ConvCpltCallbackCh2
 .text.DAC_DMAConvCpltCh2
                0x08001a3a       0x10 ./Drivers/STM32G4xx_HAL_Driver/Src/stm32g4xx_hal_dac_ex.o
                0x08001a3a                DAC_DMAConvCpltCh2
 .text.HAL_DACEx_ConvHalfCpltCallbackCh2
                0x08001a4a        0x2 ./Drivers/STM32G4xx_HAL_Driver/Src/stm32g4xx_hal_dac_ex.o
                0x08001a4a                HAL_DACEx_ConvHalfCpltCallbackCh2
 .text.DAC_DMAHalfConvCpltCh2
                0x08001a4c        0xa ./Drivers/STM32G4xx_HAL_Driver/Src/stm32g4xx_hal_dac_ex.o
                0x08001a4c                DAC_DMAHalfConvCpltCh2
 .text.HAL_DACEx_ErrorCallbackCh2
                0x08001a56        0x2 ./Drivers/STM32G4xx_HAL_Driver/Src/stm32g4xx_hal_dac_ex.o
                0x08001a56                HAL_DACEx_ErrorCallbackCh2
 .text.DAC_DMAErrorCh2
                0x08001a58       0x18 ./Drivers/STM32G4xx_HAL_Driver/Src/stm32g4xx_hal_dac_ex.o
                0x08001a58                DAC_DMAErrorCh2
 .text.DMA_SetConfig
                0x08001a70       0x34 ./Drivers/STM32G4xx_HAL_Driver/Src/stm32g4xx_hal_dma.o
 .text.DMA_CalcDMAMUXChannelBaseAndMask
                0x08001aa4       0x48 ./Drivers/STM32G4xx_HAL_Driver/Src/stm32g4xx_hal_dma.o
 .text.HAL_DMA_Init
                0x08001aec       0xe0 ./Drivers/STM32G4xx_HAL_Driver/Src/stm32g4xx_hal_dma.o
                0x08001aec                HAL_DMA_Init
 .text.HAL_DMA_Start_IT
                0x08001bcc       0x80 ./Drivers/STM32G4xx_HAL_Driver/Src/stm32g4xx_hal_dma.o
                0x08001bcc                HAL_DMA_Start_IT
 .text.HAL_DMA_IRQHandler
                0x08001c4c       0x94 ./Drivers/STM32G4xx_HAL_Driver/Src/stm32g4xx_hal_dma.o
                0x08001c4c                HAL_DMA_IRQHandler
 .text.FMAC_Reset
                0x08001ce0       0x3a ./Drivers/STM32G4xx_HAL_Driver/Src/stm32g4xx_hal_fmac.o
 .text.HAL_FMAC_Init
                0x08001d1a       0x64 ./Drivers/STM32G4xx_HAL_Driver/Src/stm32g4xx_hal_fmac.o
                0x08001d1a                HAL_FMAC_Init
 *fill*         0x08001d7e        0x2 
 .text.HAL_GPIO_Init
                0x08001d80      0x194 ./Drivers/STM32G4xx_HAL_Driver/Src/stm32g4xx_hal_gpio.o
                0x08001d80                HAL_GPIO_Init
 .text.HAL_GPIO_WritePin
                0x08001f14        0xa ./Drivers/STM32G4xx_HAL_Driver/Src/stm32g4xx_hal_gpio.o
                0x08001f14                HAL_GPIO_WritePin
 *fill*         0x08001f1e        0x2 
 .text.HAL_OPAMP_Init
                0x08001f20       0xdc ./Drivers/STM32G4xx_HAL_Driver/Src/stm32g4xx_hal_opamp.o
                0x08001f20                HAL_OPAMP_Init
 .text.HAL_OPAMP_Start
                0x08001ffc       0x2a ./Drivers/STM32G4xx_HAL_Driver/Src/stm32g4xx_hal_opamp.o
                0x08001ffc                HAL_OPAMP_Start
 .text.HAL_PCD_Init
                0x08002026       0xa8 ./Drivers/STM32G4xx_HAL_Driver/Src/stm32g4xx_hal_pcd.o
                0x08002026                HAL_PCD_Init
 .text.HAL_PCD_Start
                0x080020ce       0x2a ./Drivers/STM32G4xx_HAL_Driver/Src/stm32g4xx_hal_pcd.o
                0x080020ce                HAL_PCD_Start
 .text.HAL_PCD_SetAddress
                0x080020f8       0x26 ./Drivers/STM32G4xx_HAL_Driver/Src/stm32g4xx_hal_pcd.o
                0x080020f8                HAL_PCD_SetAddress
 *fill*         0x0800211e        0x2 
 .text.HAL_PCD_IRQHandler
                0x08002120      0x9c4 ./Drivers/STM32G4xx_HAL_Driver/Src/stm32g4xx_hal_pcd.o
                0x08002120                HAL_PCD_IRQHandler
 .text.HAL_PCD_EP_Open
                0x08002ae4       0x68 ./Drivers/STM32G4xx_HAL_Driver/Src/stm32g4xx_hal_pcd.o
                0x08002ae4                HAL_PCD_EP_Open
 .text.HAL_PCD_EP_Close
                0x08002b4c       0x5c ./Drivers/STM32G4xx_HAL_Driver/Src/stm32g4xx_hal_pcd.o
                0x08002b4c                HAL_PCD_EP_Close
 .text.HAL_PCD_EP_Receive
                0x08002ba8       0x2c ./Drivers/STM32G4xx_HAL_Driver/Src/stm32g4xx_hal_pcd.o
                0x08002ba8                HAL_PCD_EP_Receive
 .text.HAL_PCD_EP_GetRxCount
                0x08002bd4       0x10 ./Drivers/STM32G4xx_HAL_Driver/Src/stm32g4xx_hal_pcd.o
                0x08002bd4                HAL_PCD_EP_GetRxCount
 .text.HAL_PCD_EP_Transmit
                0x08002be4       0x36 ./Drivers/STM32G4xx_HAL_Driver/Src/stm32g4xx_hal_pcd.o
                0x08002be4                HAL_PCD_EP_Transmit
 .text.HAL_PCD_EP_SetStall
                0x08002c1a       0x60 ./Drivers/STM32G4xx_HAL_Driver/Src/stm32g4xx_hal_pcd.o
                0x08002c1a                HAL_PCD_EP_SetStall
 .text.HAL_PCD_EP_ClrStall
                0x08002c7a       0x6e ./Drivers/STM32G4xx_HAL_Driver/Src/stm32g4xx_hal_pcd.o
                0x08002c7a                HAL_PCD_EP_ClrStall
 .text.HAL_PCDEx_PMAConfig
                0x08002ce8       0x34 ./Drivers/STM32G4xx_HAL_Driver/Src/stm32g4xx_hal_pcd_ex.o
                0x08002ce8                HAL_PCDEx_PMAConfig
 .text.HAL_PCDEx_ActivateLPM
                0x08002d1c       0x2c ./Drivers/STM32G4xx_HAL_Driver/Src/stm32g4xx_hal_pcd_ex.o
                0x08002d1c                HAL_PCDEx_ActivateLPM
 .text.HAL_PWREx_ControlVoltageScaling
                0x08002d48       0xb0 ./Drivers/STM32G4xx_HAL_Driver/Src/stm32g4xx_hal_pwr_ex.o
                0x08002d48                HAL_PWREx_ControlVoltageScaling
 .text.HAL_PWREx_DisableUCPDDeadBattery
                0x08002df8       0x10 ./Drivers/STM32G4xx_HAL_Driver/Src/stm32g4xx_hal_pwr_ex.o
                0x08002df8                HAL_PWREx_DisableUCPDDeadBattery
 .text.HAL_RCC_OscConfig
                0x08002e08      0x418 ./Drivers/STM32G4xx_HAL_Driver/Src/stm32g4xx_hal_rcc.o
                0x08002e08                HAL_RCC_OscConfig
 .text.HAL_RCC_GetSysClockFreq
                0x08003220       0x6c ./Drivers/STM32G4xx_HAL_Driver/Src/stm32g4xx_hal_rcc.o
                0x08003220                HAL_RCC_GetSysClockFreq
 .text.HAL_RCC_ClockConfig
                0x0800328c      0x1e8 ./Drivers/STM32G4xx_HAL_Driver/Src/stm32g4xx_hal_rcc.o
                0x0800328c                HAL_RCC_ClockConfig
 .text.HAL_RCC_GetHCLKFreq
                0x08003474        0xc ./Drivers/STM32G4xx_HAL_Driver/Src/stm32g4xx_hal_rcc.o
                0x08003474                HAL_RCC_GetHCLKFreq
 .text.HAL_RCCEx_PeriphCLKConfig
                0x08003480      0x278 ./Drivers/STM32G4xx_HAL_Driver/Src/stm32g4xx_hal_rcc_ex.o
                0x08003480                HAL_RCCEx_PeriphCLKConfig
 .text.HAL_TIM_Base_Start
                0x080036f8       0x64 ./Drivers/STM32G4xx_HAL_Driver/Src/stm32g4xx_hal_tim.o
                0x080036f8                HAL_TIM_Base_Start
 .text.TIM_Base_SetConfig
                0x0800375c       0xc8 ./Drivers/STM32G4xx_HAL_Driver/Src/stm32g4xx_hal_tim.o
                0x0800375c                TIM_Base_SetConfig
 .text.HAL_TIM_Base_Init
                0x08003824       0x60 ./Drivers/STM32G4xx_HAL_Driver/Src/stm32g4xx_hal_tim.o
                0x08003824                HAL_TIM_Base_Init
 .text.HAL_TIMEx_MasterConfigSynchronization
                0x08003884       0x88 ./Drivers/STM32G4xx_HAL_Driver/Src/stm32g4xx_hal_tim_ex.o
                0x08003884                HAL_TIMEx_MasterConfigSynchronization
 .text.USB_EnableGlobalInt
                0x0800390c       0x12 ./Drivers/STM32G4xx_HAL_Driver/Src/stm32g4xx_ll_usb.o
                0x0800390c                USB_EnableGlobalInt
 .text.USB_DisableGlobalInt
                0x0800391e       0x14 ./Drivers/STM32G4xx_HAL_Driver/Src/stm32g4xx_ll_usb.o
                0x0800391e                USB_DisableGlobalInt
 .text.USB_DevInit
                0x08003932       0x22 ./Drivers/STM32G4xx_HAL_Driver/Src/stm32g4xx_ll_usb.o
                0x08003932                USB_DevInit
 .text.USB_ActivateEndpoint
                0x08003954      0x2c8 ./Drivers/STM32G4xx_HAL_Driver/Src/stm32g4xx_ll_usb.o
                0x08003954                USB_ActivateEndpoint
 .text.USB_DeactivateEndpoint
                0x08003c1c      0x1a6 ./Drivers/STM32G4xx_HAL_Driver/Src/stm32g4xx_ll_usb.o
                0x08003c1c                USB_DeactivateEndpoint
 .text.USB_EPSetStall
                0x08003dc2       0x40 ./Drivers/STM32G4xx_HAL_Driver/Src/stm32g4xx_ll_usb.o
                0x08003dc2                USB_EPSetStall
 .text.USB_EPClearStall
                0x08003e02       0x92 ./Drivers/STM32G4xx_HAL_Driver/Src/stm32g4xx_ll_usb.o
                0x08003e02                USB_EPClearStall
 .text.USB_SetDevAddress
                0x08003e94        0xc ./Drivers/STM32G4xx_HAL_Driver/Src/stm32g4xx_ll_usb.o
                0x08003e94                USB_SetDevAddress
 .text.USB_DevConnect
                0x08003ea0       0x16 ./Drivers/STM32G4xx_HAL_Driver/Src/stm32g4xx_ll_usb.o
                0x08003ea0                USB_DevConnect
 .text.USB_ReadInterrupts
                0x08003eb6        0x8 ./Drivers/STM32G4xx_HAL_Driver/Src/stm32g4xx_ll_usb.o
                0x08003eb6                USB_ReadInterrupts
 .text.USB_WritePMA
                0x08003ebe       0x1e ./Drivers/STM32G4xx_HAL_Driver/Src/stm32g4xx_ll_usb.o
                0x08003ebe                USB_WritePMA
 .text.USB_EPStartXfer
                0x08003edc      0x49e ./Drivers/STM32G4xx_HAL_Driver/Src/stm32g4xx_ll_usb.o
                0x08003edc                USB_EPStartXfer
 .text.USB_ReadPMA
                0x0800437a       0x36 ./Drivers/STM32G4xx_HAL_Driver/Src/stm32g4xx_ll_usb.o
                0x0800437a                USB_ReadPMA
 .text.USBD_CDC_EP0_RxReady
                0x080043b0       0x30 ./Middlewares/ST/STM32_USB_Device_Library/Class/CDC/Src/usbd_cdc.o
 .text.USBD_CDC_GetFSCfgDesc
                0x080043e0        0xc ./Middlewares/ST/STM32_USB_Device_Library/Class/CDC/Src/usbd_cdc.o
 .text.USBD_CDC_GetHSCfgDesc
                0x080043ec        0xc ./Middlewares/ST/STM32_USB_Device_Library/Class/CDC/Src/usbd_cdc.o
 .text.USBD_CDC_GetOtherSpeedCfgDesc
                0x080043f8        0xc ./Middlewares/ST/STM32_USB_Device_Library/Class/CDC/Src/usbd_cdc.o
 .text.USBD_CDC_GetDeviceQualifierDescriptor
                0x08004404        0xc ./Middlewares/ST/STM32_USB_Device_Library/Class/CDC/Src/usbd_cdc.o
                0x08004404                USBD_CDC_GetDeviceQualifierDescriptor
 .text.USBD_CDC_DataOut
                0x08004410       0x2a ./Middlewares/ST/STM32_USB_Device_Library/Class/CDC/Src/usbd_cdc.o
 .text.USBD_CDC_DataIn
                0x0800443a       0x5a ./Middlewares/ST/STM32_USB_Device_Library/Class/CDC/Src/usbd_cdc.o
 .text.USBD_CDC_Setup
                0x08004494       0xdc ./Middlewares/ST/STM32_USB_Device_Library/Class/CDC/Src/usbd_cdc.o
 .text.USBD_CDC_DeInit
                0x08004570       0x42 ./Middlewares/ST/STM32_USB_Device_Library/Class/CDC/Src/usbd_cdc.o
 .text.USBD_CDC_Init
                0x080045b2       0x98 ./Middlewares/ST/STM32_USB_Device_Library/Class/CDC/Src/usbd_cdc.o
 .text.USBD_CDC_RegisterInterface
                0x0800464a        0xe ./Middlewares/ST/STM32_USB_Device_Library/Class/CDC/Src/usbd_cdc.o
                0x0800464a                USBD_CDC_RegisterInterface
 .text.USBD_CDC_SetTxBuffer
                0x08004658       0x16 ./Middlewares/ST/STM32_USB_Device_Library/Class/CDC/Src/usbd_cdc.o
                0x08004658                USBD_CDC_SetTxBuffer
 .text.USBD_CDC_SetRxBuffer
                0x0800466e       0x12 ./Middlewares/ST/STM32_USB_Device_Library/Class/CDC/Src/usbd_cdc.o
                0x0800466e                USBD_CDC_SetRxBuffer
 .text.USBD_CDC_TransmitPacket
                0x08004680       0x30 ./Middlewares/ST/STM32_USB_Device_Library/Class/CDC/Src/usbd_cdc.o
                0x08004680                USBD_CDC_TransmitPacket
 .text.USBD_CDC_ReceivePacket
                0x080046b0       0x26 ./Middlewares/ST/STM32_USB_Device_Library/Class/CDC/Src/usbd_cdc.o
                0x080046b0                USBD_CDC_ReceivePacket
 .text.USBD_Init
                0x080046d6       0x26 ./Middlewares/ST/STM32_USB_Device_Library/Core/Src/usbd_core.o
                0x080046d6                USBD_Init
 .text.USBD_RegisterClass
                0x080046fc       0x2a ./Middlewares/ST/STM32_USB_Device_Library/Core/Src/usbd_core.o
                0x080046fc                USBD_RegisterClass
 .text.USBD_Start
                0x08004726        0x4 ./Middlewares/ST/STM32_USB_Device_Library/Core/Src/usbd_core.o
                0x08004726                USBD_Start
 .text.USBD_SetClassConfig
                0x0800472a        0xe ./Middlewares/ST/STM32_USB_Device_Library/Core/Src/usbd_core.o
                0x0800472a                USBD_SetClassConfig
 .text.USBD_ClrClassConfig
                0x08004738       0x10 ./Middlewares/ST/STM32_USB_Device_Library/Core/Src/usbd_core.o
                0x08004738                USBD_ClrClassConfig
 .text.USBD_LL_SetupStage
                0x08004748       0x60 ./Middlewares/ST/STM32_USB_Device_Library/Core/Src/usbd_core.o
                0x08004748                USBD_LL_SetupStage
 .text.USBD_LL_DataOutStage
                0x080047a8       0x60 ./Middlewares/ST/STM32_USB_Device_Library/Core/Src/usbd_core.o
                0x080047a8                USBD_LL_DataOutStage
 .text.USBD_LL_DataInStage
                0x08004808       0x9a ./Middlewares/ST/STM32_USB_Device_Library/Core/Src/usbd_core.o
                0x08004808                USBD_LL_DataInStage
 .text.USBD_LL_Reset
                0x080048a2       0x58 ./Middlewares/ST/STM32_USB_Device_Library/Core/Src/usbd_core.o
                0x080048a2                USBD_LL_Reset
 .text.USBD_LL_SetSpeed
                0x080048fa        0x6 ./Middlewares/ST/STM32_USB_Device_Library/Core/Src/usbd_core.o
                0x080048fa                USBD_LL_SetSpeed
 .text.USBD_LL_Suspend
                0x08004900       0x14 ./Middlewares/ST/STM32_USB_Device_Library/Core/Src/usbd_core.o
                0x08004900                USBD_LL_Suspend
 .text.USBD_LL_Resume
                0x08004914       0x16 ./Middlewares/ST/STM32_USB_Device_Library/Core/Src/usbd_core.o
                0x08004914                USBD_LL_Resume
 .text.USBD_LL_SOF
                0x0800492a       0x20 ./Middlewares/ST/STM32_USB_Device_Library/Core/Src/usbd_core.o
                0x0800492a                USBD_LL_SOF
 .text.USBD_CtlError.constprop.0
                0x0800494a       0x16 ./Middlewares/ST/STM32_USB_Device_Library/Core/Src/usbd_ctlreq.o
 .text.USBD_StdDevReq
                0x08004960      0x280 ./Middlewares/ST/STM32_USB_Device_Library/Core/Src/usbd_ctlreq.o
                0x08004960                USBD_StdDevReq
 .text.USBD_StdItfReq
                0x08004be0       0x48 ./Middlewares/ST/STM32_USB_Device_Library/Core/Src/usbd_ctlreq.o
                0x08004be0                USBD_StdItfReq
 .text.USBD_StdEPReq
                0x08004c28      0x11e ./Middlewares/ST/STM32_USB_Device_Library/Core/Src/usbd_ctlreq.o
                0x08004c28                USBD_StdEPReq
 .text.USBD_ParseSetupRequest
                0x08004d46       0x16 ./Middlewares/ST/STM32_USB_Device_Library/Core/Src/usbd_ctlreq.o
                0x08004d46                USBD_ParseSetupRequest
 .text.USBD_CtlError
                0x08004d5c       0x16 ./Middlewares/ST/STM32_USB_Device_Library/Core/Src/usbd_ctlreq.o
                0x08004d5c                USBD_CtlError
 .text.USBD_GetString
                0x08004d72       0x38 ./Middlewares/ST/STM32_USB_Device_Library/Core/Src/usbd_ctlreq.o
                0x08004d72                USBD_GetString
 .text.USBD_CtlSendData
                0x08004daa       0x1a ./Middlewares/ST/STM32_USB_Device_Library/Core/Src/usbd_ioreq.o
                0x08004daa                USBD_CtlSendData
 .text.USBD_CtlContinueSendData
                0x08004dc4       0x10 ./Middlewares/ST/STM32_USB_Device_Library/Core/Src/usbd_ioreq.o
                0x08004dc4                USBD_CtlContinueSendData
 .text.USBD_CtlPrepareRx
                0x08004dd4       0x1a ./Middlewares/ST/STM32_USB_Device_Library/Core/Src/usbd_ioreq.o
                0x08004dd4                USBD_CtlPrepareRx
 .text.USBD_CtlContinueRx
                0x08004dee       0x10 ./Middlewares/ST/STM32_USB_Device_Library/Core/Src/usbd_ioreq.o
                0x08004dee                USBD_CtlContinueRx
 .text.USBD_CtlSendStatus
                0x08004dfe       0x16 ./Middlewares/ST/STM32_USB_Device_Library/Core/Src/usbd_ioreq.o
                0x08004dfe                USBD_CtlSendStatus
 .text.USBD_CtlReceiveStatus
                0x08004e14       0x16 ./Middlewares/ST/STM32_USB_Device_Library/Core/Src/usbd_ioreq.o
                0x08004e14                USBD_CtlReceiveStatus
 *fill*         0x08004e2a        0x2 
 .text.MX_USB_Device_Init
                0x08004e2c       0x50 ./USB_Device/App/usb_device.o
                0x08004e2c                MX_USB_Device_Init
 .text.CDC_DeInit_FS
                0x08004e7c        0x4 ./USB_Device/App/usbd_cdc_if.o
 .text.CDC_Control_FS
                0x08004e80        0x4 ./USB_Device/App/usbd_cdc_if.o
 .text.CDC_TransmitCplt_FS
                0x08004e84        0x4 ./USB_Device/App/usbd_cdc_if.o
 .text.CDC_Receive_FS
                0x08004e88       0x1c ./USB_Device/App/usbd_cdc_if.o
 .text.CDC_Init_FS
                0x08004ea4       0x28 ./USB_Device/App/usbd_cdc_if.o
 .text.CDC_Transmit_FS
                0x08004ecc       0x2c ./USB_Device/App/usbd_cdc_if.o
                0x08004ecc                CDC_Transmit_FS
 .text.USBD_CDC_DeviceDescriptor
                0x08004ef8        0xc ./USB_Device/App/usbd_desc.o
                0x08004ef8                USBD_CDC_DeviceDescriptor
 .text.USBD_CDC_LangIDStrDescriptor
                0x08004f04        0xc ./USB_Device/App/usbd_desc.o
                0x08004f04                USBD_CDC_LangIDStrDescriptor
 .text.IntToUnicode
                0x08004f10       0x2a ./USB_Device/App/usbd_desc.o
 *fill*         0x08004f3a        0x2 
 .text.USBD_CDC_SerialStrDescriptor
                0x08004f3c       0x3c ./USB_Device/App/usbd_desc.o
                0x08004f3c                USBD_CDC_SerialStrDescriptor
 .text.USBD_CDC_ManufacturerStrDescriptor
                0x08004f78       0x1c ./USB_Device/App/usbd_desc.o
                0x08004f78                USBD_CDC_ManufacturerStrDescriptor
 .text.USBD_CDC_ProductStrDescriptor
                0x08004f94       0x1c ./USB_Device/App/usbd_desc.o
                0x08004f94                USBD_CDC_ProductStrDescriptor
 .text.USBD_CDC_ConfigStrDescriptor
                0x08004fb0       0x1c ./USB_Device/App/usbd_desc.o
                0x08004fb0                USBD_CDC_ConfigStrDescriptor
 .text.USBD_CDC_InterfaceStrDescriptor
                0x08004fcc       0x1c ./USB_Device/App/usbd_desc.o
                0x08004fcc                USBD_CDC_InterfaceStrDescriptor
 .text.USBD_Get_USB_Status
                0x08004fe8        0xc ./USB_Device/Target/usbd_conf.o
 .text.HAL_PCD_MspInit
                0x08004ff4       0x5c ./USB_Device/Target/usbd_conf.o
                0x08004ff4                HAL_PCD_MspInit
 .text.HAL_PCD_SetupStageCallback
                0x08005050        0xc ./USB_Device/Target/usbd_conf.o
                0x08005050                HAL_PCD_SetupStageCallback
 .text.HAL_PCD_DataOutStageCallback
                0x0800505c       0x12 ./USB_Device/Target/usbd_conf.o
                0x0800505c                HAL_PCD_DataOutStageCallback
 .text.HAL_PCD_DataInStageCallback
                0x0800506e       0x10 ./USB_Device/Target/usbd_conf.o
                0x0800506e                HAL_PCD_DataInStageCallback
 .text.HAL_PCD_SOFCallback
                0x0800507e        0x8 ./USB_Device/Target/usbd_conf.o
                0x0800507e                HAL_PCD_SOFCallback
 .text.HAL_PCD_ResetCallback
                0x08005086       0x24 ./USB_Device/Target/usbd_conf.o
                0x08005086                HAL_PCD_ResetCallback
 *fill*         0x080050aa        0x2 
 .text.HAL_PCD_SuspendCallback
                0x080050ac       0x20 ./USB_Device/Target/usbd_conf.o
                0x080050ac                HAL_PCD_SuspendCallback
 .text.HAL_PCD_ResumeCallback
                0x080050cc       0x28 ./USB_Device/Target/usbd_conf.o
                0x080050cc                HAL_PCD_ResumeCallback
 .text.USBD_LL_Init
                0x080050f4       0x80 ./USB_Device/Target/usbd_conf.o
                0x080050f4                USBD_LL_Init
 .text.USBD_LL_Start
                0x08005174       0x12 ./USB_Device/Target/usbd_conf.o
                0x08005174                USBD_LL_Start
 .text.USBD_LL_OpenEP
                0x08005186       0x18 ./USB_Device/Target/usbd_conf.o
                0x08005186                USBD_LL_OpenEP
 .text.USBD_LL_CloseEP
                0x0800519e       0x12 ./USB_Device/Target/usbd_conf.o
                0x0800519e                USBD_LL_CloseEP
 .text.USBD_LL_StallEP
                0x080051b0       0x12 ./USB_Device/Target/usbd_conf.o
                0x080051b0                USBD_LL_StallEP
 .text.USBD_LL_ClearStallEP
                0x080051c2       0x12 ./USB_Device/Target/usbd_conf.o
                0x080051c2                USBD_LL_ClearStallEP
 .text.USBD_LL_IsStallEP
                0x080051d4       0x24 ./USB_Device/Target/usbd_conf.o
                0x080051d4                USBD_LL_IsStallEP
 .text.USBD_LL_SetUSBAddress
                0x080051f8       0x12 ./USB_Device/Target/usbd_conf.o
                0x080051f8                USBD_LL_SetUSBAddress
 .text.USBD_LL_Transmit
                0x0800520a       0x12 ./USB_Device/Target/usbd_conf.o
                0x0800520a                USBD_LL_Transmit
 .text.USBD_LL_PrepareReceive
                0x0800521c       0x12 ./USB_Device/Target/usbd_conf.o
                0x0800521c                USBD_LL_PrepareReceive
 .text.USBD_LL_GetRxDataSize
                0x0800522e        0x8 ./USB_Device/Target/usbd_conf.o
                0x0800522e                USBD_LL_GetRxDataSize
 *fill*         0x08005236        0x2 
 .text.HAL_PCDEx_LPM_Callback
                0x08005238       0x48 ./USB_Device/Target/usbd_conf.o
                0x08005238                HAL_PCDEx_LPM_Callback
 .text.USBD_static_malloc
                0x08005280        0x8 ./USB_Device/Target/usbd_conf.o
                0x08005280                USBD_static_malloc
 .text.USBD_static_free
                0x08005288        0x2 ./USB_Device/Target/usbd_conf.o
                0x08005288                USBD_static_free
 *fill*         0x0800528a        0x2 
 .text.arm_rfft_32_fast_init_f32
                0x0800528c       0x34 C:\Users\87407\OneDrive\Stm32G431\DSP_LIB\Drivers\CMSIS\DSP_DRIVERS\Lib\GCC\libarm_cortexM4lf_math.a(arm_rfft_fast_init_f32.o)
                0x0800528c                arm_rfft_32_fast_init_f32
 .text.arm_rfft_64_fast_init_f32
                0x080052c0       0x34 C:\Users\87407\OneDrive\Stm32G431\DSP_LIB\Drivers\CMSIS\DSP_DRIVERS\Lib\GCC\libarm_cortexM4lf_math.a(arm_rfft_fast_init_f32.o)
                0x080052c0                arm_rfft_64_fast_init_f32
 .text.arm_rfft_256_fast_init_f32
                0x080052f4       0x38 C:\Users\87407\OneDrive\Stm32G431\DSP_LIB\Drivers\CMSIS\DSP_DRIVERS\Lib\GCC\libarm_cortexM4lf_math.a(arm_rfft_fast_init_f32.o)
                0x080052f4                arm_rfft_256_fast_init_f32
 .text.arm_rfft_512_fast_init_f32
                0x0800532c       0x3c C:\Users\87407\OneDrive\Stm32G431\DSP_LIB\Drivers\CMSIS\DSP_DRIVERS\Lib\GCC\libarm_cortexM4lf_math.a(arm_rfft_fast_init_f32.o)
                0x0800532c                arm_rfft_512_fast_init_f32
 .text.arm_rfft_1024_fast_init_f32
                0x08005368       0x3c C:\Users\87407\OneDrive\Stm32G431\DSP_LIB\Drivers\CMSIS\DSP_DRIVERS\Lib\GCC\libarm_cortexM4lf_math.a(arm_rfft_fast_init_f32.o)
                0x08005368                arm_rfft_1024_fast_init_f32
 .text.arm_rfft_2048_fast_init_f32
                0x080053a4       0x3c C:\Users\87407\OneDrive\Stm32G431\DSP_LIB\Drivers\CMSIS\DSP_DRIVERS\Lib\GCC\libarm_cortexM4lf_math.a(arm_rfft_fast_init_f32.o)
                0x080053a4                arm_rfft_2048_fast_init_f32
 .text.arm_rfft_4096_fast_init_f32
                0x080053e0       0x3c C:\Users\87407\OneDrive\Stm32G431\DSP_LIB\Drivers\CMSIS\DSP_DRIVERS\Lib\GCC\libarm_cortexM4lf_math.a(arm_rfft_fast_init_f32.o)
                0x080053e0                arm_rfft_4096_fast_init_f32
 .text.arm_rfft_fast_init_f32
                0x0800541c       0x68 C:\Users\87407\OneDrive\Stm32G431\DSP_LIB\Drivers\CMSIS\DSP_DRIVERS\Lib\GCC\libarm_cortexM4lf_math.a(arm_rfft_fast_init_f32.o)
                0x0800541c                arm_rfft_fast_init_f32
 .text.stage_rfft_f32
                0x08005484       0xb4 C:\Users\87407\OneDrive\Stm32G431\DSP_LIB\Drivers\CMSIS\DSP_DRIVERS\Lib\GCC\libarm_cortexM4lf_math.a(arm_rfft_fast_f32.o)
                0x08005484                stage_rfft_f32
 .text.merge_rfft_f32
                0x08005538       0xac C:\Users\87407\OneDrive\Stm32G431\DSP_LIB\Drivers\CMSIS\DSP_DRIVERS\Lib\GCC\libarm_cortexM4lf_math.a(arm_rfft_fast_f32.o)
                0x08005538                merge_rfft_f32
 .text.arm_rfft_fast_f32
                0x080055e4       0x40 C:\Users\87407\OneDrive\Stm32G431\DSP_LIB\Drivers\CMSIS\DSP_DRIVERS\Lib\GCC\libarm_cortexM4lf_math.a(arm_rfft_fast_f32.o)
                0x080055e4                arm_rfft_fast_f32
 .text.arm_cfft_radix8by2_f32
                0x08005624      0x1a0 C:\Users\87407\OneDrive\Stm32G431\DSP_LIB\Drivers\CMSIS\DSP_DRIVERS\Lib\GCC\libarm_cortexM4lf_math.a(arm_cfft_f32.o)
                0x08005624                arm_cfft_radix8by2_f32
 .text.arm_cfft_radix8by4_f32
                0x080057c4      0x4ac C:\Users\87407\OneDrive\Stm32G431\DSP_LIB\Drivers\CMSIS\DSP_DRIVERS\Lib\GCC\libarm_cortexM4lf_math.a(arm_cfft_f32.o)
                0x080057c4                arm_cfft_radix8by4_f32
 .text.arm_cfft_f32
                0x08005c70       0xf0 C:\Users\87407\OneDrive\Stm32G431\DSP_LIB\Drivers\CMSIS\DSP_DRIVERS\Lib\GCC\libarm_cortexM4lf_math.a(arm_cfft_f32.o)
                0x08005c70                arm_cfft_f32
 .text.arm_bitreversal_32
                0x08005d60       0x40 C:\Users\87407\OneDrive\Stm32G431\DSP_LIB\Drivers\CMSIS\DSP_DRIVERS\Lib\GCC\libarm_cortexM4lf_math.a(arm_bitreversal2.o)
                0x08005d60                arm_bitreversal_32
 .text.arm_radix8_butterfly_f32
                0x08005da0      0x580 C:\Users\87407\OneDrive\Stm32G431\DSP_LIB\Drivers\CMSIS\DSP_DRIVERS\Lib\GCC\libarm_cortexM4lf_math.a(arm_cfft_radix8_f32.o)
                0x08005da0                arm_radix8_butterfly_f32
 .text.sprintf  0x08006320       0x40 C:/ST/STM32CubeIDE_1.15.1/STM32CubeIDE/plugins/com.st.stm32cube.ide.mcu.externaltools.gnu-tools-for-stm32.12.3.rel1.win32_1.0.100.202403111256/tools/bin/../lib/gcc/arm-none-eabi/12.3.1/../../../../arm-none-eabi/lib/thumb/v7e-m+fp/hard\libc_nano.a(libc_a-sprintf.o)
                0x08006320                siprintf
                0x08006320                sprintf
 .text.memset   0x08006360       0x10 C:/ST/STM32CubeIDE_1.15.1/STM32CubeIDE/plugins/com.st.stm32cube.ide.mcu.externaltools.gnu-tools-for-stm32.12.3.rel1.win32_1.0.100.202403111256/tools/bin/../lib/gcc/arm-none-eabi/12.3.1/../../../../arm-none-eabi/lib/thumb/v7e-m+fp/hard\libc_nano.a(libc_a-memset.o)
                0x08006360                memset
 .text.__errno  0x08006370        0xc C:/ST/STM32CubeIDE_1.15.1/STM32CubeIDE/plugins/com.st.stm32cube.ide.mcu.externaltools.gnu-tools-for-stm32.12.3.rel1.win32_1.0.100.202403111256/tools/bin/../lib/gcc/arm-none-eabi/12.3.1/../../../../arm-none-eabi/lib/thumb/v7e-m+fp/hard\libc_nano.a(libc_a-errno.o)
                0x08006370                __errno
 .text.__libc_init_array
                0x0800637c       0x48 C:/ST/STM32CubeIDE_1.15.1/STM32CubeIDE/plugins/com.st.stm32cube.ide.mcu.externaltools.gnu-tools-for-stm32.12.3.rel1.win32_1.0.100.202403111256/tools/bin/../lib/gcc/arm-none-eabi/12.3.1/../../../../arm-none-eabi/lib/thumb/v7e-m+fp/hard\libc_nano.a(libc_a-init.o)
                0x0800637c                __libc_init_array
 .text.__retarget_lock_acquire_recursive
                0x080063c4        0x2 C:/ST/STM32CubeIDE_1.15.1/STM32CubeIDE/plugins/com.st.stm32cube.ide.mcu.externaltools.gnu-tools-for-stm32.12.3.rel1.win32_1.0.100.202403111256/tools/bin/../lib/gcc/arm-none-eabi/12.3.1/../../../../arm-none-eabi/lib/thumb/v7e-m+fp/hard\libc_nano.a(libc_a-lock.o)
                0x080063c4                __retarget_lock_acquire_recursive
 .text.__retarget_lock_release_recursive
                0x080063c6        0x2 C:/ST/STM32CubeIDE_1.15.1/STM32CubeIDE/plugins/com.st.stm32cube.ide.mcu.externaltools.gnu-tools-for-stm32.12.3.rel1.win32_1.0.100.202403111256/tools/bin/../lib/gcc/arm-none-eabi/12.3.1/../../../../arm-none-eabi/lib/thumb/v7e-m+fp/hard\libc_nano.a(libc_a-lock.o)
                0x080063c6                __retarget_lock_release_recursive
 .text.memcpy   0x080063c8       0x1c C:/ST/STM32CubeIDE_1.15.1/STM32CubeIDE/plugins/com.st.stm32cube.ide.mcu.externaltools.gnu-tools-for-stm32.12.3.rel1.win32_1.0.100.202403111256/tools/bin/../lib/gcc/arm-none-eabi/12.3.1/../../../../arm-none-eabi/lib/thumb/v7e-m+fp/hard\libc_nano.a(libc_a-memcpy-stub.o)
                0x080063c8                memcpy
 .text._free_r  0x080063e4       0x94 C:/ST/STM32CubeIDE_1.15.1/STM32CubeIDE/plugins/com.st.stm32cube.ide.mcu.externaltools.gnu-tools-for-stm32.12.3.rel1.win32_1.0.100.202403111256/tools/bin/../lib/gcc/arm-none-eabi/12.3.1/../../../../arm-none-eabi/lib/thumb/v7e-m+fp/hard\libc_nano.a(libc_a-freer.o)
                0x080063e4                _free_r
 .text.sbrk_aligned
                0x08006478       0x44 C:/ST/STM32CubeIDE_1.15.1/STM32CubeIDE/plugins/com.st.stm32cube.ide.mcu.externaltools.gnu-tools-for-stm32.12.3.rel1.win32_1.0.100.202403111256/tools/bin/../lib/gcc/arm-none-eabi/12.3.1/../../../../arm-none-eabi/lib/thumb/v7e-m+fp/hard\libc_nano.a(libc_a-mallocr.o)
 .text._malloc_r
                0x080064bc      0x100 C:/ST/STM32CubeIDE_1.15.1/STM32CubeIDE/plugins/com.st.stm32cube.ide.mcu.externaltools.gnu-tools-for-stm32.12.3.rel1.win32_1.0.100.202403111256/tools/bin/../lib/gcc/arm-none-eabi/12.3.1/../../../../arm-none-eabi/lib/thumb/v7e-m+fp/hard\libc_nano.a(libc_a-mallocr.o)
                0x080064bc                _malloc_r
 .text.__malloc_lock
                0x080065bc        0xc C:/ST/STM32CubeIDE_1.15.1/STM32CubeIDE/plugins/com.st.stm32cube.ide.mcu.externaltools.gnu-tools-for-stm32.12.3.rel1.win32_1.0.100.202403111256/tools/bin/../lib/gcc/arm-none-eabi/12.3.1/../../../../arm-none-eabi/lib/thumb/v7e-m+fp/hard\libc_nano.a(libc_a-mlock.o)
                0x080065bc                __malloc_lock
 .text.__malloc_unlock
                0x080065c8        0xc C:/ST/STM32CubeIDE_1.15.1/STM32CubeIDE/plugins/com.st.stm32cube.ide.mcu.externaltools.gnu-tools-for-stm32.12.3.rel1.win32_1.0.100.202403111256/tools/bin/../lib/gcc/arm-none-eabi/12.3.1/../../../../arm-none-eabi/lib/thumb/v7e-m+fp/hard\libc_nano.a(libc_a-mlock.o)
                0x080065c8                __malloc_unlock
 .text.__ssputs_r
                0x080065d4       0xb6 C:/ST/STM32CubeIDE_1.15.1/STM32CubeIDE/plugins/com.st.stm32cube.ide.mcu.externaltools.gnu-tools-for-stm32.12.3.rel1.win32_1.0.100.202403111256/tools/bin/../lib/gcc/arm-none-eabi/12.3.1/../../../../arm-none-eabi/lib/thumb/v7e-m+fp/hard\libc_nano.a(libc_a-nano-svfprintf.o)
                0x080065d4                __ssputs_r
 *fill*         0x0800668a        0x2 
 .text._svfprintf_r
                0x0800668c      0x1f8 C:/ST/STM32CubeIDE_1.15.1/STM32CubeIDE/plugins/com.st.stm32cube.ide.mcu.externaltools.gnu-tools-for-stm32.12.3.rel1.win32_1.0.100.202403111256/tools/bin/../lib/gcc/arm-none-eabi/12.3.1/../../../../arm-none-eabi/lib/thumb/v7e-m+fp/hard\libc_nano.a(libc_a-nano-svfprintf.o)
                0x0800668c                _svfiprintf_r
                0x0800668c                _svfprintf_r
 .text._printf_common
                0x08006884       0xda C:/ST/STM32CubeIDE_1.15.1/STM32CubeIDE/plugins/com.st.stm32cube.ide.mcu.externaltools.gnu-tools-for-stm32.12.3.rel1.win32_1.0.100.202403111256/tools/bin/../lib/gcc/arm-none-eabi/12.3.1/../../../../arm-none-eabi/lib/thumb/v7e-m+fp/hard\libc_nano.a(libc_a-nano-vfprintf_i.o)
                0x08006884                _printf_common
 *fill*         0x0800695e        0x2 
 .text._printf_i
                0x08006960      0x240 C:/ST/STM32CubeIDE_1.15.1/STM32CubeIDE/plugins/com.st.stm32cube.ide.mcu.externaltools.gnu-tools-for-stm32.12.3.rel1.win32_1.0.100.202403111256/tools/bin/../lib/gcc/arm-none-eabi/12.3.1/../../../../arm-none-eabi/lib/thumb/v7e-m+fp/hard\libc_nano.a(libc_a-nano-vfprintf_i.o)
                0x08006960                _printf_i
 .text.memmove  0x08006ba0       0x34 C:/ST/STM32CubeIDE_1.15.1/STM32CubeIDE/plugins/com.st.stm32cube.ide.mcu.externaltools.gnu-tools-for-stm32.12.3.rel1.win32_1.0.100.202403111256/tools/bin/../lib/gcc/arm-none-eabi/12.3.1/../../../../arm-none-eabi/lib/thumb/v7e-m+fp/hard\libc_nano.a(libc_a-memmove.o)
                0x08006ba0                memmove
 .text._sbrk_r  0x08006bd4       0x20 C:/ST/STM32CubeIDE_1.15.1/STM32CubeIDE/plugins/com.st.stm32cube.ide.mcu.externaltools.gnu-tools-for-stm32.12.3.rel1.win32_1.0.100.202403111256/tools/bin/../lib/gcc/arm-none-eabi/12.3.1/../../../../arm-none-eabi/lib/thumb/v7e-m+fp/hard\libc_nano.a(libc_a-sbrkr.o)
                0x08006bd4                _sbrk_r
 .text._realloc_r
                0x08006bf4       0x5c C:/ST/STM32CubeIDE_1.15.1/STM32CubeIDE/plugins/com.st.stm32cube.ide.mcu.externaltools.gnu-tools-for-stm32.12.3.rel1.win32_1.0.100.202403111256/tools/bin/../lib/gcc/arm-none-eabi/12.3.1/../../../../arm-none-eabi/lib/thumb/v7e-m+fp/hard\libc_nano.a(libc_a-reallocr.o)
                0x08006bf4                _realloc_r
 .text._malloc_usable_size_r
                0x08006c50       0x10 C:/ST/STM32CubeIDE_1.15.1/STM32CubeIDE/plugins/com.st.stm32cube.ide.mcu.externaltools.gnu-tools-for-stm32.12.3.rel1.win32_1.0.100.202403111256/tools/bin/../lib/gcc/arm-none-eabi/12.3.1/../../../../arm-none-eabi/lib/thumb/v7e-m+fp/hard\libc_nano.a(libc_a-msizer.o)
                0x08006c50                _malloc_usable_size_r
 .text.cosf     0x08006c60       0x88 C:/ST/STM32CubeIDE_1.15.1/STM32CubeIDE/plugins/com.st.stm32cube.ide.mcu.externaltools.gnu-tools-for-stm32.12.3.rel1.win32_1.0.100.202403111256/tools/bin/../lib/gcc/arm-none-eabi/12.3.1/../../../../arm-none-eabi/lib/thumb/v7e-m+fp/hard\libm.a(libm_a-sf_cos.o)
                0x08006c60                cosf
 .text.__kernel_cosf
                0x08006ce8       0xb0 C:/ST/STM32CubeIDE_1.15.1/STM32CubeIDE/plugins/com.st.stm32cube.ide.mcu.externaltools.gnu-tools-for-stm32.12.3.rel1.win32_1.0.100.202403111256/tools/bin/../lib/gcc/arm-none-eabi/12.3.1/../../../../arm-none-eabi/lib/thumb/v7e-m+fp/hard\libm.a(libm_a-kf_cos.o)
                0x08006ce8                __kernel_cosf
 .text.__kernel_sinf
                0x08006d98       0x90 C:/ST/STM32CubeIDE_1.15.1/STM32CubeIDE/plugins/com.st.stm32cube.ide.mcu.externaltools.gnu-tools-for-stm32.12.3.rel1.win32_1.0.100.202403111256/tools/bin/../lib/gcc/arm-none-eabi/12.3.1/../../../../arm-none-eabi/lib/thumb/v7e-m+fp/hard\libm.a(libm_a-kf_sin.o)
                0x08006d98                __kernel_sinf
 .text.__ieee754_rem_pio2f
                0x08006e28      0x260 C:/ST/STM32CubeIDE_1.15.1/STM32CubeIDE/plugins/com.st.stm32cube.ide.mcu.externaltools.gnu-tools-for-stm32.12.3.rel1.win32_1.0.100.202403111256/tools/bin/../lib/gcc/arm-none-eabi/12.3.1/../../../../arm-none-eabi/lib/thumb/v7e-m+fp/hard\libm.a(libm_a-ef_rem_pio2.o)
                0x08006e28                __ieee754_rem_pio2f
 .text.fabsf    0x08007088        0xe C:/ST/STM32CubeIDE_1.15.1/STM32CubeIDE/plugins/com.st.stm32cube.ide.mcu.externaltools.gnu-tools-for-stm32.12.3.rel1.win32_1.0.100.202403111256/tools/bin/../lib/gcc/arm-none-eabi/12.3.1/../../../../arm-none-eabi/lib/thumb/v7e-m+fp/hard\libm.a(libm_a-sf_fabs.o)
                0x08007088                fabsf
 *fill*         0x08007096        0x2 
 .text.__kernel_rem_pio2f
                0x08007098      0x4e4 C:/ST/STM32CubeIDE_1.15.1/STM32CubeIDE/plugins/com.st.stm32cube.ide.mcu.externaltools.gnu-tools-for-stm32.12.3.rel1.win32_1.0.100.202403111256/tools/bin/../lib/gcc/arm-none-eabi/12.3.1/../../../../arm-none-eabi/lib/thumb/v7e-m+fp/hard\libm.a(libm_a-kf_rem_pio2.o)
                0x08007098                __kernel_rem_pio2f
 .text.scalbnf  0x0800757c       0xcc C:/ST/STM32CubeIDE_1.15.1/STM32CubeIDE/plugins/com.st.stm32cube.ide.mcu.externaltools.gnu-tools-for-stm32.12.3.rel1.win32_1.0.100.202403111256/tools/bin/../lib/gcc/arm-none-eabi/12.3.1/../../../../arm-none-eabi/lib/thumb/v7e-m+fp/hard\libm.a(libm_a-sf_scalbn.o)
                0x0800757c                scalbnf
 .text.floorf   0x08007648       0x88 C:/ST/STM32CubeIDE_1.15.1/STM32CubeIDE/plugins/com.st.stm32cube.ide.mcu.externaltools.gnu-tools-for-stm32.12.3.rel1.win32_1.0.100.202403111256/tools/bin/../lib/gcc/arm-none-eabi/12.3.1/../../../../arm-none-eabi/lib/thumb/v7e-m+fp/hard\libm.a(libm_a-sf_floor.o)
                0x08007648                floorf
 *(.glue_7)
 .glue_7        0x080076d0        0x0 linker stubs
 *(.glue_7t)
 .glue_7t       0x080076d0        0x0 linker stubs
 *(.eh_frame)
 .eh_frame      0x080076d0        0x0 C:/ST/STM32CubeIDE_1.15.1/STM32CubeIDE/plugins/com.st.stm32cube.ide.mcu.externaltools.gnu-tools-for-stm32.12.3.rel1.win32_1.0.100.202403111256/tools/bin/../lib/gcc/arm-none-eabi/12.3.1/thumb/v7e-m+fp/hard/crtbegin.o
 *(.init)
 .init          0x080076d0        0x4 C:/ST/STM32CubeIDE_1.15.1/STM32CubeIDE/plugins/com.st.stm32cube.ide.mcu.externaltools.gnu-tools-for-stm32.12.3.rel1.win32_1.0.100.202403111256/tools/bin/../lib/gcc/arm-none-eabi/12.3.1/thumb/v7e-m+fp/hard/crti.o
                0x080076d0                _init
 .init          0x080076d4        0x8 C:/ST/STM32CubeIDE_1.15.1/STM32CubeIDE/plugins/com.st.stm32cube.ide.mcu.externaltools.gnu-tools-for-stm32.12.3.rel1.win32_1.0.100.202403111256/tools/bin/../lib/gcc/arm-none-eabi/12.3.1/thumb/v7e-m+fp/hard/crtn.o
 *(.fini)
 .fini          0x080076dc        0x4 C:/ST/STM32CubeIDE_1.15.1/STM32CubeIDE/plugins/com.st.stm32cube.ide.mcu.externaltools.gnu-tools-for-stm32.12.3.rel1.win32_1.0.100.202403111256/tools/bin/../lib/gcc/arm-none-eabi/12.3.1/thumb/v7e-m+fp/hard/crti.o
                0x080076dc                _fini
 .fini          0x080076e0        0x8 C:/ST/STM32CubeIDE_1.15.1/STM32CubeIDE/plugins/com.st.stm32cube.ide.mcu.externaltools.gnu-tools-for-stm32.12.3.rel1.win32_1.0.100.202403111256/tools/bin/../lib/gcc/arm-none-eabi/12.3.1/thumb/v7e-m+fp/hard/crtn.o
                0x080076e8                        . = ALIGN (0x4)
                0x080076e8                        _etext = .

.vfp11_veneer   0x080076e8        0x0
 .vfp11_veneer  0x080076e8        0x0 linker stubs

.v4_bx          0x080076e8        0x0
 .v4_bx         0x080076e8        0x0 linker stubs

.iplt           0x080076e8        0x0
 .iplt          0x080076e8        0x0 C:/ST/STM32CubeIDE_1.15.1/STM32CubeIDE/plugins/com.st.stm32cube.ide.mcu.externaltools.gnu-tools-for-stm32.12.3.rel1.win32_1.0.100.202403111256/tools/bin/../lib/gcc/arm-none-eabi/12.3.1/thumb/v7e-m+fp/hard/crtbegin.o

.rodata         0x080076e8    0x1345c
                0x080076e8                        . = ALIGN (0x4)
 *(.rodata)
 *(.rodata*)
 .rodata.USB_send_message.str1.1
                0x080076e8        0x5 ./Core/Src/main.o
 .rodata.main.str1.1
                0x080076ed       0x17 ./Core/Src/main.o
 .rodata.AHBPrescTable
                0x08007704       0x10 ./Core/Src/system_stm32g4xx.o
                0x08007704                AHBPrescTable
 .rodata.USBD_CDC_ManufacturerStrDescriptor.str1.1
                0x08007714       0x13 ./USB_Device/App/usbd_desc.o
 .rodata.USBD_CDC_ProductStrDescriptor.str1.1
                0x08007727       0x16 ./USB_Device/App/usbd_desc.o
 .rodata.USBD_CDC_ConfigStrDescriptor.str1.1
                0x0800773d        0xb ./USB_Device/App/usbd_desc.o
 .rodata.USBD_CDC_InterfaceStrDescriptor.str1.1
                0x08007748        0xe ./USB_Device/App/usbd_desc.o
 *fill*         0x08007756        0x2 
 .rodata.armBitRevIndexTable1024
                0x08007758      0xe10 C:\Users\87407\OneDrive\Stm32G431\DSP_LIB\Drivers\CMSIS\DSP_DRIVERS\Lib\GCC\libarm_cortexM4lf_math.a(arm_common_tables.o)
                0x08007758                armBitRevIndexTable1024
 .rodata.armBitRevIndexTable128
                0x08008568      0x1a0 C:\Users\87407\OneDrive\Stm32G431\DSP_LIB\Drivers\CMSIS\DSP_DRIVERS\Lib\GCC\libarm_cortexM4lf_math.a(arm_common_tables.o)
                0x08008568                armBitRevIndexTable128
 .rodata.armBitRevIndexTable16
                0x08008708       0x28 C:\Users\87407\OneDrive\Stm32G431\DSP_LIB\Drivers\CMSIS\DSP_DRIVERS\Lib\GCC\libarm_cortexM4lf_math.a(arm_common_tables.o)
                0x08008708                armBitRevIndexTable16
 .rodata.armBitRevIndexTable2048
                0x08008730     0x1dc0 C:\Users\87407\OneDrive\Stm32G431\DSP_LIB\Drivers\CMSIS\DSP_DRIVERS\Lib\GCC\libarm_cortexM4lf_math.a(arm_common_tables.o)
                0x08008730                armBitRevIndexTable2048
 .rodata.armBitRevIndexTable256
                0x0800a4f0      0x370 C:\Users\87407\OneDrive\Stm32G431\DSP_LIB\Drivers\CMSIS\DSP_DRIVERS\Lib\GCC\libarm_cortexM4lf_math.a(arm_common_tables.o)
                0x0800a4f0                armBitRevIndexTable256
 .rodata.armBitRevIndexTable32
                0x0800a860       0x60 C:\Users\87407\OneDrive\Stm32G431\DSP_LIB\Drivers\CMSIS\DSP_DRIVERS\Lib\GCC\libarm_cortexM4lf_math.a(arm_common_tables.o)
                0x0800a860                armBitRevIndexTable32
 .rodata.armBitRevIndexTable512
                0x0800a8c0      0x380 C:\Users\87407\OneDrive\Stm32G431\DSP_LIB\Drivers\CMSIS\DSP_DRIVERS\Lib\GCC\libarm_cortexM4lf_math.a(arm_common_tables.o)
                0x0800a8c0                armBitRevIndexTable512
 .rodata.twiddleCoef_1024
                0x0800ac40     0x2000 C:\Users\87407\OneDrive\Stm32G431\DSP_LIB\Drivers\CMSIS\DSP_DRIVERS\Lib\GCC\libarm_cortexM4lf_math.a(arm_common_tables.o)
                0x0800ac40                twiddleCoef_1024
 .rodata.twiddleCoef_128
                0x0800cc40      0x400 C:\Users\87407\OneDrive\Stm32G431\DSP_LIB\Drivers\CMSIS\DSP_DRIVERS\Lib\GCC\libarm_cortexM4lf_math.a(arm_common_tables.o)
                0x0800cc40                twiddleCoef_128
 .rodata.twiddleCoef_16
                0x0800d040       0x80 C:\Users\87407\OneDrive\Stm32G431\DSP_LIB\Drivers\CMSIS\DSP_DRIVERS\Lib\GCC\libarm_cortexM4lf_math.a(arm_common_tables.o)
                0x0800d040                twiddleCoef_16
 .rodata.twiddleCoef_2048
                0x0800d0c0     0x4000 C:\Users\87407\OneDrive\Stm32G431\DSP_LIB\Drivers\CMSIS\DSP_DRIVERS\Lib\GCC\libarm_cortexM4lf_math.a(arm_common_tables.o)
                0x0800d0c0                twiddleCoef_2048
 .rodata.twiddleCoef_256
                0x080110c0      0x800 C:\Users\87407\OneDrive\Stm32G431\DSP_LIB\Drivers\CMSIS\DSP_DRIVERS\Lib\GCC\libarm_cortexM4lf_math.a(arm_common_tables.o)
                0x080110c0                twiddleCoef_256
 .rodata.twiddleCoef_32
                0x080118c0      0x100 C:\Users\87407\OneDrive\Stm32G431\DSP_LIB\Drivers\CMSIS\DSP_DRIVERS\Lib\GCC\libarm_cortexM4lf_math.a(arm_common_tables.o)
                0x080118c0                twiddleCoef_32
 .rodata.twiddleCoef_512
                0x080119c0     0x1000 C:\Users\87407\OneDrive\Stm32G431\DSP_LIB\Drivers\CMSIS\DSP_DRIVERS\Lib\GCC\libarm_cortexM4lf_math.a(arm_common_tables.o)
                0x080119c0                twiddleCoef_512
 .rodata.twiddleCoef_rfft_1024
                0x080129c0     0x1000 C:\Users\87407\OneDrive\Stm32G431\DSP_LIB\Drivers\CMSIS\DSP_DRIVERS\Lib\GCC\libarm_cortexM4lf_math.a(arm_common_tables.o)
                0x080129c0                twiddleCoef_rfft_1024
 .rodata.twiddleCoef_rfft_2048
                0x080139c0     0x2000 C:\Users\87407\OneDrive\Stm32G431\DSP_LIB\Drivers\CMSIS\DSP_DRIVERS\Lib\GCC\libarm_cortexM4lf_math.a(arm_common_tables.o)
                0x080139c0                twiddleCoef_rfft_2048
 .rodata.twiddleCoef_rfft_256
                0x080159c0      0x400 C:\Users\87407\OneDrive\Stm32G431\DSP_LIB\Drivers\CMSIS\DSP_DRIVERS\Lib\GCC\libarm_cortexM4lf_math.a(arm_common_tables.o)
                0x080159c0                twiddleCoef_rfft_256
 .rodata.twiddleCoef_rfft_32
                0x08015dc0       0x80 C:\Users\87407\OneDrive\Stm32G431\DSP_LIB\Drivers\CMSIS\DSP_DRIVERS\Lib\GCC\libarm_cortexM4lf_math.a(arm_common_tables.o)
                0x08015dc0                twiddleCoef_rfft_32
 .rodata.twiddleCoef_rfft_4096
                0x08015e40     0x4000 C:\Users\87407\OneDrive\Stm32G431\DSP_LIB\Drivers\CMSIS\DSP_DRIVERS\Lib\GCC\libarm_cortexM4lf_math.a(arm_common_tables.o)
                0x08015e40                twiddleCoef_rfft_4096
 .rodata.twiddleCoef_rfft_512
                0x08019e40      0x800 C:\Users\87407\OneDrive\Stm32G431\DSP_LIB\Drivers\CMSIS\DSP_DRIVERS\Lib\GCC\libarm_cortexM4lf_math.a(arm_common_tables.o)
                0x08019e40                twiddleCoef_rfft_512
 .rodata.twiddleCoef_rfft_64
                0x0801a640      0x100 C:\Users\87407\OneDrive\Stm32G431\DSP_LIB\Drivers\CMSIS\DSP_DRIVERS\Lib\GCC\libarm_cortexM4lf_math.a(arm_common_tables.o)
                0x0801a640                twiddleCoef_rfft_64
 .rodata._svfprintf_r.str1.1
                0x0801a740       0x11 C:/ST/STM32CubeIDE_1.15.1/STM32CubeIDE/plugins/com.st.stm32cube.ide.mcu.externaltools.gnu-tools-for-stm32.12.3.rel1.win32_1.0.100.202403111256/tools/bin/../lib/gcc/arm-none-eabi/12.3.1/../../../../arm-none-eabi/lib/thumb/v7e-m+fp/hard\libc_nano.a(libc_a-nano-svfprintf.o)
 .rodata._printf_i.str1.1
                0x0801a751       0x22 C:/ST/STM32CubeIDE_1.15.1/STM32CubeIDE/plugins/com.st.stm32cube.ide.mcu.externaltools.gnu-tools-for-stm32.12.3.rel1.win32_1.0.100.202403111256/tools/bin/../lib/gcc/arm-none-eabi/12.3.1/../../../../arm-none-eabi/lib/thumb/v7e-m+fp/hard\libc_nano.a(libc_a-nano-vfprintf_i.o)
 *fill*         0x0801a773        0x1 
 .rodata.npio2_hw
                0x0801a774       0x80 C:/ST/STM32CubeIDE_1.15.1/STM32CubeIDE/plugins/com.st.stm32cube.ide.mcu.externaltools.gnu-tools-for-stm32.12.3.rel1.win32_1.0.100.202403111256/tools/bin/../lib/gcc/arm-none-eabi/12.3.1/../../../../arm-none-eabi/lib/thumb/v7e-m+fp/hard\libm.a(libm_a-ef_rem_pio2.o)
 .rodata.two_over_pi
                0x0801a7f4      0x318 C:/ST/STM32CubeIDE_1.15.1/STM32CubeIDE/plugins/com.st.stm32cube.ide.mcu.externaltools.gnu-tools-for-stm32.12.3.rel1.win32_1.0.100.202403111256/tools/bin/../lib/gcc/arm-none-eabi/12.3.1/../../../../arm-none-eabi/lib/thumb/v7e-m+fp/hard\libm.a(libm_a-ef_rem_pio2.o)
 .rodata.PIo2   0x0801ab0c       0x2c C:/ST/STM32CubeIDE_1.15.1/STM32CubeIDE/plugins/com.st.stm32cube.ide.mcu.externaltools.gnu-tools-for-stm32.12.3.rel1.win32_1.0.100.202403111256/tools/bin/../lib/gcc/arm-none-eabi/12.3.1/../../../../arm-none-eabi/lib/thumb/v7e-m+fp/hard\libm.a(libm_a-kf_rem_pio2.o)
 .rodata.init_jk
                0x0801ab38        0xc C:/ST/STM32CubeIDE_1.15.1/STM32CubeIDE/plugins/com.st.stm32cube.ide.mcu.externaltools.gnu-tools-for-stm32.12.3.rel1.win32_1.0.100.202403111256/tools/bin/../lib/gcc/arm-none-eabi/12.3.1/../../../../arm-none-eabi/lib/thumb/v7e-m+fp/hard\libm.a(libm_a-kf_rem_pio2.o)
                0x0801ab44                        . = ALIGN (0x4)

.ARM.extab      0x0801ab44        0x0
                0x0801ab44                        . = ALIGN (0x4)
 *(.ARM.extab* .gnu.linkonce.armextab.*)
                0x0801ab44                        . = ALIGN (0x4)

.ARM            0x0801ab44        0x8
                0x0801ab44                        . = ALIGN (0x4)
                0x0801ab44                        __exidx_start = .
 *(.ARM.exidx*)
 .ARM.exidx     0x0801ab44        0x8 C:/ST/STM32CubeIDE_1.15.1/STM32CubeIDE/plugins/com.st.stm32cube.ide.mcu.externaltools.gnu-tools-for-stm32.12.3.rel1.win32_1.0.100.202403111256/tools/bin/../lib/gcc/arm-none-eabi/12.3.1/../../../../arm-none-eabi/lib/thumb/v7e-m+fp/hard\libc_nano.a(libc_a-strlen.o)
 .ARM.exidx     0x0801ab4c        0x0 C:/ST/STM32CubeIDE_1.15.1/STM32CubeIDE/plugins/com.st.stm32cube.ide.mcu.externaltools.gnu-tools-for-stm32.12.3.rel1.win32_1.0.100.202403111256/tools/bin/../lib/gcc/arm-none-eabi/12.3.1/../../../../arm-none-eabi/lib/thumb/v7e-m+fp/hard\libc_nano.a(libc_a-memchr.o)
                                  0x8 (size before relaxing)
                0x0801ab4c                        __exidx_end = .
                0x0801ab4c                        . = ALIGN (0x4)

.preinit_array  0x0801ab4c        0x0
                0x0801ab4c                        . = ALIGN (0x4)
                0x0801ab4c                        PROVIDE (__preinit_array_start = .)
 *(.preinit_array*)
                0x0801ab4c                        PROVIDE (__preinit_array_end = .)
                0x0801ab4c                        . = ALIGN (0x4)

.init_array     0x0801ab4c        0x4
                0x0801ab4c                        . = ALIGN (0x4)
                0x0801ab4c                        PROVIDE (__init_array_start = .)
 *(SORT_BY_NAME(.init_array.*))
 *(.init_array*)
 .init_array    0x0801ab4c        0x4 C:/ST/STM32CubeIDE_1.15.1/STM32CubeIDE/plugins/com.st.stm32cube.ide.mcu.externaltools.gnu-tools-for-stm32.12.3.rel1.win32_1.0.100.202403111256/tools/bin/../lib/gcc/arm-none-eabi/12.3.1/thumb/v7e-m+fp/hard/crtbegin.o
                0x0801ab50                        PROVIDE (__init_array_end = .)
                0x0801ab50                        . = ALIGN (0x4)

.fini_array     0x0801ab50        0x4
                0x0801ab50                        . = ALIGN (0x4)
                [!provide]                        PROVIDE (__fini_array_start = .)
 *(SORT_BY_NAME(.fini_array.*))
 *(.fini_array*)
 .fini_array    0x0801ab50        0x4 C:/ST/STM32CubeIDE_1.15.1/STM32CubeIDE/plugins/com.st.stm32cube.ide.mcu.externaltools.gnu-tools-for-stm32.12.3.rel1.win32_1.0.100.202403111256/tools/bin/../lib/gcc/arm-none-eabi/12.3.1/thumb/v7e-m+fp/hard/crtbegin.o
                [!provide]                        PROVIDE (__fini_array_end = .)
                0x0801ab54                        . = ALIGN (0x4)
                0x0801ab54                        _sidata = LOADADDR (.data)

.rel.dyn        0x0801ab54        0x0
 .rel.iplt      0x0801ab54        0x0 C:/ST/STM32CubeIDE_1.15.1/STM32CubeIDE/plugins/com.st.stm32cube.ide.mcu.externaltools.gnu-tools-for-stm32.12.3.rel1.win32_1.0.100.202403111256/tools/bin/../lib/gcc/arm-none-eabi/12.3.1/thumb/v7e-m+fp/hard/crtbegin.o

.data           0x20000000      0x1d4 load address 0x0801ab54
                0x20000000                        . = ALIGN (0x4)
                0x20000000                        _sdata = .
 *(.data)
 *(.data*)
 .data.SystemCoreClock
                0x20000000        0x4 ./Core/Src/system_stm32g4xx.o
                0x20000000                SystemCoreClock
 .data.uwTickFreq
                0x20000004        0x4 ./Drivers/STM32G4xx_HAL_Driver/Src/stm32g4xx_hal.o
                0x20000004                uwTickFreq
 .data.uwTickPrio
                0x20000008        0x4 ./Drivers/STM32G4xx_HAL_Driver/Src/stm32g4xx_hal.o
                0x20000008                uwTickPrio
 .data.USBD_CDC_OtherSpeedCfgDesc
                0x2000000c       0x43 ./Middlewares/ST/STM32_USB_Device_Library/Class/CDC/Src/usbd_cdc.o
 *fill*         0x2000004f        0x1 
 .data.USBD_CDC_CfgFSDesc
                0x20000050       0x43 ./Middlewares/ST/STM32_USB_Device_Library/Class/CDC/Src/usbd_cdc.o
 *fill*         0x20000093        0x1 
 .data.USBD_CDC_CfgHSDesc
                0x20000094       0x43 ./Middlewares/ST/STM32_USB_Device_Library/Class/CDC/Src/usbd_cdc.o
 *fill*         0x200000d7        0x1 
 .data.USBD_CDC
                0x200000d8       0x38 ./Middlewares/ST/STM32_USB_Device_Library/Class/CDC/Src/usbd_cdc.o
                0x200000d8                USBD_CDC
 .data.USBD_CDC_DeviceQualifierDesc
                0x20000110        0xa ./Middlewares/ST/STM32_USB_Device_Library/Class/CDC/Src/usbd_cdc.o
 *fill*         0x2000011a        0x2 
 .data.USBD_Interface_fops_FS
                0x2000011c       0x14 ./USB_Device/App/usbd_cdc_if.o
                0x2000011c                USBD_Interface_fops_FS
 .data.USBD_StringSerial
                0x20000130       0x1a ./USB_Device/App/usbd_desc.o
                0x20000130                USBD_StringSerial
 *fill*         0x2000014a        0x2 
 .data.USBD_LangIDDesc
                0x2000014c        0x4 ./USB_Device/App/usbd_desc.o
                0x2000014c                USBD_LangIDDesc
 .data.USBD_CDC_DeviceDesc
                0x20000150       0x12 ./USB_Device/App/usbd_desc.o
                0x20000150                USBD_CDC_DeviceDesc
 *fill*         0x20000162        0x2 
 .data.CDC_Desc
                0x20000164       0x20 ./USB_Device/App/usbd_desc.o
                0x20000164                CDC_Desc
 .data._impure_ptr
                0x20000184        0x4 C:/ST/STM32CubeIDE_1.15.1/STM32CubeIDE/plugins/com.st.stm32cube.ide.mcu.externaltools.gnu-tools-for-stm32.12.3.rel1.win32_1.0.100.202403111256/tools/bin/../lib/gcc/arm-none-eabi/12.3.1/../../../../arm-none-eabi/lib/thumb/v7e-m+fp/hard\libc_nano.a(libc_a-impure.o)
                0x20000184                _impure_ptr
 .data._impure_data
                0x20000188       0x4c C:/ST/STM32CubeIDE_1.15.1/STM32CubeIDE/plugins/com.st.stm32cube.ide.mcu.externaltools.gnu-tools-for-stm32.12.3.rel1.win32_1.0.100.202403111256/tools/bin/../lib/gcc/arm-none-eabi/12.3.1/../../../../arm-none-eabi/lib/thumb/v7e-m+fp/hard\libc_nano.a(libc_a-impure.o)
                0x20000188                _impure_data
 *(.RamFunc)
 *(.RamFunc*)
                0x200001d4                        . = ALIGN (0x4)
                0x200001d4                        _edata = .

.igot.plt       0x200001d4        0x0 load address 0x0801ad28
 .igot.plt      0x200001d4        0x0 C:/ST/STM32CubeIDE_1.15.1/STM32CubeIDE/plugins/com.st.stm32cube.ide.mcu.externaltools.gnu-tools-for-stm32.12.3.rel1.win32_1.0.100.202403111256/tools/bin/../lib/gcc/arm-none-eabi/12.3.1/thumb/v7e-m+fp/hard/crtbegin.o
                0x200001d4                        . = ALIGN (0x4)

.bss            0x200001d4     0x55c4 load address 0x0801ad28
                0x200001d4                        _sbss = .
                0x200001d4                        __bss_start__ = _sbss
 *(.bss)
 .bss           0x200001d4       0x1c C:/ST/STM32CubeIDE_1.15.1/STM32CubeIDE/plugins/com.st.stm32cube.ide.mcu.externaltools.gnu-tools-for-stm32.12.3.rel1.win32_1.0.100.202403111256/tools/bin/../lib/gcc/arm-none-eabi/12.3.1/thumb/v7e-m+fp/hard/crtbegin.o
 *(.bss*)
 .bss.WHILE_FLAG
                0x200001f0        0x4 ./Core/Src/main.o
                0x200001f0                WHILE_FLAG
 .bss.CDC_BUFFER
                0x200001f4       0x1e ./Core/Src/main.o
                0x200001f4                CDC_BUFFER
 *fill*         0x20000212        0x2 
 .bss.FFT_BUFFER
                0x20000214     0x1000 ./Core/Src/main.o
                0x20000214                FFT_BUFFER
 .bss.WHILE_BUFFER
                0x20001214     0x1000 ./Core/Src/main.o
                0x20001214                WHILE_BUFFER
 .bss.DAC_BUFFER
                0x20002214     0x1000 ./Core/Src/main.o
                0x20002214                DAC_BUFFER
 .bss.ADC_BUFFER
                0x20003214     0x1000 ./Core/Src/main.o
                0x20003214                ADC_BUFFER
 .bss.htim6     0x20004214       0x4c ./Core/Src/main.o
                0x20004214                htim6
 .bss.hopamp3   0x20004260       0x3c ./Core/Src/main.o
                0x20004260                hopamp3
 .bss.hopamp1   0x2000429c       0x3c ./Core/Src/main.o
                0x2000429c                hopamp1
 .bss.hfmac     0x200042d8       0x38 ./Core/Src/main.o
                0x200042d8                hfmac
 .bss.hdma_dac3_ch1
                0x20004310       0x60 ./Core/Src/main.o
                0x20004310                hdma_dac3_ch1
 .bss.hdac3     0x20004370       0x14 ./Core/Src/main.o
                0x20004370                hdac3
 .bss.hcordic   0x20004384       0x28 ./Core/Src/main.o
                0x20004384                hcordic
 .bss.hdma_adc2
                0x200043ac       0x60 ./Core/Src/main.o
                0x200043ac                hdma_adc2
 .bss.hadc2     0x2000440c       0x6c ./Core/Src/main.o
                0x2000440c                hadc2
 .bss.__sbrk_heap_end
                0x20004478        0x4 ./Core/Src/sysmem.o
 .bss.uwTick    0x2000447c        0x4 ./Drivers/STM32G4xx_HAL_Driver/Src/stm32g4xx_hal.o
                0x2000447c                uwTick
 .bss.cfgidx.0  0x20004480        0x1 ./Middlewares/ST/STM32_USB_Device_Library/Core/Src/usbd_ctlreq.o
 *fill*         0x20004481        0x3 
 .bss.hUsbDeviceFS
                0x20004484      0x2d0 ./USB_Device/App/usb_device.o
                0x20004484                hUsbDeviceFS
 .bss.UserTxBufferFS
                0x20004754      0x400 ./USB_Device/App/usbd_cdc_if.o
                0x20004754                UserTxBufferFS
 .bss.UserRxBufferFS
                0x20004b54      0x400 ./USB_Device/App/usbd_cdc_if.o
                0x20004b54                UserRxBufferFS
 .bss.USBD_StrDesc
                0x20004f54      0x200 ./USB_Device/App/usbd_desc.o
                0x20004f54                USBD_StrDesc
 .bss.mem.0     0x20005154      0x220 ./USB_Device/Target/usbd_conf.o
 .bss.hpcd_USB_FS
                0x20005374      0x2dc ./USB_Device/Target/usbd_conf.o
                0x20005374                hpcd_USB_FS
 .bss.__sf      0x20005650      0x138 C:/ST/STM32CubeIDE_1.15.1/STM32CubeIDE/plugins/com.st.stm32cube.ide.mcu.externaltools.gnu-tools-for-stm32.12.3.rel1.win32_1.0.100.202403111256/tools/bin/../lib/gcc/arm-none-eabi/12.3.1/../../../../arm-none-eabi/lib/thumb/v7e-m+fp/hard\libc_nano.a(libc_a-findfp.o)
                0x20005650                __sf
 .bss.errno     0x20005788        0x4 C:/ST/STM32CubeIDE_1.15.1/STM32CubeIDE/plugins/com.st.stm32cube.ide.mcu.externaltools.gnu-tools-for-stm32.12.3.rel1.win32_1.0.100.202403111256/tools/bin/../lib/gcc/arm-none-eabi/12.3.1/../../../../arm-none-eabi/lib/thumb/v7e-m+fp/hard\libc_nano.a(libc_a-reent.o)
                0x20005788                errno
 .bss.__lock___malloc_recursive_mutex
                0x2000578c        0x1 C:/ST/STM32CubeIDE_1.15.1/STM32CubeIDE/plugins/com.st.stm32cube.ide.mcu.externaltools.gnu-tools-for-stm32.12.3.rel1.win32_1.0.100.202403111256/tools/bin/../lib/gcc/arm-none-eabi/12.3.1/../../../../arm-none-eabi/lib/thumb/v7e-m+fp/hard\libc_nano.a(libc_a-lock.o)
                0x2000578c                __lock___malloc_recursive_mutex
 *fill*         0x2000578d        0x3 
 .bss.__malloc_sbrk_start
                0x20005790        0x4 C:/ST/STM32CubeIDE_1.15.1/STM32CubeIDE/plugins/com.st.stm32cube.ide.mcu.externaltools.gnu-tools-for-stm32.12.3.rel1.win32_1.0.100.202403111256/tools/bin/../lib/gcc/arm-none-eabi/12.3.1/../../../../arm-none-eabi/lib/thumb/v7e-m+fp/hard\libc_nano.a(libc_a-mallocr.o)
                0x20005790                __malloc_sbrk_start
 .bss.__malloc_free_list
                0x20005794        0x4 C:/ST/STM32CubeIDE_1.15.1/STM32CubeIDE/plugins/com.st.stm32cube.ide.mcu.externaltools.gnu-tools-for-stm32.12.3.rel1.win32_1.0.100.202403111256/tools/bin/../lib/gcc/arm-none-eabi/12.3.1/../../../../arm-none-eabi/lib/thumb/v7e-m+fp/hard\libc_nano.a(libc_a-mallocr.o)
                0x20005794                __malloc_free_list
 *(COMMON)
                0x20005798                        . = ALIGN (0x4)
                0x20005798                        _ebss = .
                0x20005798                        __bss_end__ = _ebss

._user_heap_stack
                0x20005798      0x600 load address 0x0801ad28
                0x20005798                        . = ALIGN (0x8)
                [!provide]                        PROVIDE (end = .)
                0x20005798                        PROVIDE (_end = .)
                0x20005998                        . = (. + _Min_Heap_Size)
 *fill*         0x20005798      0x200 
                0x20005d98                        . = (. + _Min_Stack_Size)
 *fill*         0x20005998      0x400 
                0x20005d98                        . = ALIGN (0x8)

/DISCARD/
 libc.a(*)
 libm.a(*)
 libgcc.a(*)

.ARM.attributes
                0x00000000       0x30
 *(.ARM.attributes)
 .ARM.attributes
                0x00000000       0x22 C:/ST/STM32CubeIDE_1.15.1/STM32CubeIDE/plugins/com.st.stm32cube.ide.mcu.externaltools.gnu-tools-for-stm32.12.3.rel1.win32_1.0.100.202403111256/tools/bin/../lib/gcc/arm-none-eabi/12.3.1/thumb/v7e-m+fp/hard/crti.o
 .ARM.attributes
                0x00000022       0x34 C:/ST/STM32CubeIDE_1.15.1/STM32CubeIDE/plugins/com.st.stm32cube.ide.mcu.externaltools.gnu-tools-for-stm32.12.3.rel1.win32_1.0.100.202403111256/tools/bin/../lib/gcc/arm-none-eabi/12.3.1/thumb/v7e-m+fp/hard/crtbegin.o
 .ARM.attributes
                0x00000056       0x34 ./Core/Src/main.o
 .ARM.attributes
                0x0000008a       0x34 ./Core/Src/stm32g4xx_hal_msp.o
 .ARM.attributes
                0x000000be       0x34 ./Core/Src/stm32g4xx_it.o
 .ARM.attributes
                0x000000f2       0x34 ./Core/Src/sysmem.o
 .ARM.attributes
                0x00000126       0x34 ./Core/Src/system_stm32g4xx.o
 .ARM.attributes
                0x0000015a       0x21 ./Core/Startup/startup_stm32g431rbtx.o
 .ARM.attributes
                0x0000017b       0x34 ./Drivers/STM32G4xx_HAL_Driver/Src/stm32g4xx_hal.o
 .ARM.attributes
                0x000001af       0x34 ./Drivers/STM32G4xx_HAL_Driver/Src/stm32g4xx_hal_adc.o
 .ARM.attributes
                0x000001e3       0x34 ./Drivers/STM32G4xx_HAL_Driver/Src/stm32g4xx_hal_adc_ex.o
 .ARM.attributes
                0x00000217       0x34 ./Drivers/STM32G4xx_HAL_Driver/Src/stm32g4xx_hal_cordic.o
 .ARM.attributes
                0x0000024b       0x34 ./Drivers/STM32G4xx_HAL_Driver/Src/stm32g4xx_hal_cortex.o
 .ARM.attributes
                0x0000027f       0x34 ./Drivers/STM32G4xx_HAL_Driver/Src/stm32g4xx_hal_dac.o
 .ARM.attributes
                0x000002b3       0x34 ./Drivers/STM32G4xx_HAL_Driver/Src/stm32g4xx_hal_dac_ex.o
 .ARM.attributes
                0x000002e7       0x34 ./Drivers/STM32G4xx_HAL_Driver/Src/stm32g4xx_hal_dma.o
 .ARM.attributes
                0x0000031b       0x34 ./Drivers/STM32G4xx_HAL_Driver/Src/stm32g4xx_hal_fmac.o
 .ARM.attributes
                0x0000034f       0x34 ./Drivers/STM32G4xx_HAL_Driver/Src/stm32g4xx_hal_gpio.o
 .ARM.attributes
                0x00000383       0x34 ./Drivers/STM32G4xx_HAL_Driver/Src/stm32g4xx_hal_opamp.o
 .ARM.attributes
                0x000003b7       0x34 ./Drivers/STM32G4xx_HAL_Driver/Src/stm32g4xx_hal_pcd.o
 .ARM.attributes
                0x000003eb       0x34 ./Drivers/STM32G4xx_HAL_Driver/Src/stm32g4xx_hal_pcd_ex.o
 .ARM.attributes
                0x0000041f       0x34 ./Drivers/STM32G4xx_HAL_Driver/Src/stm32g4xx_hal_pwr_ex.o
 .ARM.attributes
                0x00000453       0x34 ./Drivers/STM32G4xx_HAL_Driver/Src/stm32g4xx_hal_rcc.o
 .ARM.attributes
                0x00000487       0x34 ./Drivers/STM32G4xx_HAL_Driver/Src/stm32g4xx_hal_rcc_ex.o
 .ARM.attributes
                0x000004bb       0x34 ./Drivers/STM32G4xx_HAL_Driver/Src/stm32g4xx_hal_tim.o
 .ARM.attributes
                0x000004ef       0x34 ./Drivers/STM32G4xx_HAL_Driver/Src/stm32g4xx_hal_tim_ex.o
 .ARM.attributes
                0x00000523       0x34 ./Drivers/STM32G4xx_HAL_Driver/Src/stm32g4xx_ll_usb.o
 .ARM.attributes
                0x00000557       0x34 ./Middlewares/ST/STM32_USB_Device_Library/Class/CDC/Src/usbd_cdc.o
 .ARM.attributes
                0x0000058b       0x34 ./Middlewares/ST/STM32_USB_Device_Library/Core/Src/usbd_core.o
 .ARM.attributes
                0x000005bf       0x34 ./Middlewares/ST/STM32_USB_Device_Library/Core/Src/usbd_ctlreq.o
 .ARM.attributes
                0x000005f3       0x34 ./Middlewares/ST/STM32_USB_Device_Library/Core/Src/usbd_ioreq.o
 .ARM.attributes
                0x00000627       0x34 ./USB_Device/App/usb_device.o
 .ARM.attributes
                0x0000065b       0x34 ./USB_Device/App/usbd_cdc_if.o
 .ARM.attributes
                0x0000068f       0x34 ./USB_Device/App/usbd_desc.o
 .ARM.attributes
                0x000006c3       0x34 ./USB_Device/Target/usbd_conf.o
 .ARM.attributes
                0x000006f7       0x34 C:\Users\87407\OneDrive\Stm32G431\DSP_LIB\Drivers\CMSIS\DSP_DRIVERS\Lib\GCC\libarm_cortexM4lf_math.a(arm_rfft_fast_init_f32.o)
 .ARM.attributes
                0x0000072b       0x34 C:\Users\87407\OneDrive\Stm32G431\DSP_LIB\Drivers\CMSIS\DSP_DRIVERS\Lib\GCC\libarm_cortexM4lf_math.a(arm_rfft_fast_f32.o)
 .ARM.attributes
                0x0000075f       0x34 C:\Users\87407\OneDrive\Stm32G431\DSP_LIB\Drivers\CMSIS\DSP_DRIVERS\Lib\GCC\libarm_cortexM4lf_math.a(arm_cfft_f32.o)
 .ARM.attributes
                0x00000793       0x34 C:\Users\87407\OneDrive\Stm32G431\DSP_LIB\Drivers\CMSIS\DSP_DRIVERS\Lib\GCC\libarm_cortexM4lf_math.a(arm_bitreversal2.o)
 .ARM.attributes
                0x000007c7       0x39 C:\Users\87407\OneDrive\Stm32G431\DSP_LIB\Drivers\CMSIS\DSP_DRIVERS\Lib\GCC\libarm_cortexM4lf_math.a(arm_common_tables.o)
 .ARM.attributes
                0x00000800       0x34 C:\Users\87407\OneDrive\Stm32G431\DSP_LIB\Drivers\CMSIS\DSP_DRIVERS\Lib\GCC\libarm_cortexM4lf_math.a(arm_cfft_radix8_f32.o)
 .ARM.attributes
                0x00000834       0x34 C:/ST/STM32CubeIDE_1.15.1/STM32CubeIDE/plugins/com.st.stm32cube.ide.mcu.externaltools.gnu-tools-for-stm32.12.3.rel1.win32_1.0.100.202403111256/tools/bin/../lib/gcc/arm-none-eabi/12.3.1/../../../../arm-none-eabi/lib/thumb/v7e-m+fp/hard\libc_nano.a(libc_a-findfp.o)
 .ARM.attributes
                0x00000868       0x34 C:/ST/STM32CubeIDE_1.15.1/STM32CubeIDE/plugins/com.st.stm32cube.ide.mcu.externaltools.gnu-tools-for-stm32.12.3.rel1.win32_1.0.100.202403111256/tools/bin/../lib/gcc/arm-none-eabi/12.3.1/../../../../arm-none-eabi/lib/thumb/v7e-m+fp/hard\libc_nano.a(libc_a-sprintf.o)
 .ARM.attributes
                0x0000089c       0x34 C:/ST/STM32CubeIDE_1.15.1/STM32CubeIDE/plugins/com.st.stm32cube.ide.mcu.externaltools.gnu-tools-for-stm32.12.3.rel1.win32_1.0.100.202403111256/tools/bin/../lib/gcc/arm-none-eabi/12.3.1/../../../../arm-none-eabi/lib/thumb/v7e-m+fp/hard\libc_nano.a(libc_a-memset.o)
 .ARM.attributes
                0x000008d0       0x34 C:/ST/STM32CubeIDE_1.15.1/STM32CubeIDE/plugins/com.st.stm32cube.ide.mcu.externaltools.gnu-tools-for-stm32.12.3.rel1.win32_1.0.100.202403111256/tools/bin/../lib/gcc/arm-none-eabi/12.3.1/../../../../arm-none-eabi/lib/thumb/v7e-m+fp/hard\libc_nano.a(libc_a-reent.o)
 .ARM.attributes
                0x00000904       0x34 C:/ST/STM32CubeIDE_1.15.1/STM32CubeIDE/plugins/com.st.stm32cube.ide.mcu.externaltools.gnu-tools-for-stm32.12.3.rel1.win32_1.0.100.202403111256/tools/bin/../lib/gcc/arm-none-eabi/12.3.1/../../../../arm-none-eabi/lib/thumb/v7e-m+fp/hard\libc_nano.a(libc_a-impure.o)
 .ARM.attributes
                0x00000938       0x34 C:/ST/STM32CubeIDE_1.15.1/STM32CubeIDE/plugins/com.st.stm32cube.ide.mcu.externaltools.gnu-tools-for-stm32.12.3.rel1.win32_1.0.100.202403111256/tools/bin/../lib/gcc/arm-none-eabi/12.3.1/../../../../arm-none-eabi/lib/thumb/v7e-m+fp/hard\libc_nano.a(libc_a-errno.o)
 .ARM.attributes
                0x0000096c       0x34 C:/ST/STM32CubeIDE_1.15.1/STM32CubeIDE/plugins/com.st.stm32cube.ide.mcu.externaltools.gnu-tools-for-stm32.12.3.rel1.win32_1.0.100.202403111256/tools/bin/../lib/gcc/arm-none-eabi/12.3.1/../../../../arm-none-eabi/lib/thumb/v7e-m+fp/hard\libc_nano.a(libc_a-init.o)
 .ARM.attributes
                0x000009a0       0x34 C:/ST/STM32CubeIDE_1.15.1/STM32CubeIDE/plugins/com.st.stm32cube.ide.mcu.externaltools.gnu-tools-for-stm32.12.3.rel1.win32_1.0.100.202403111256/tools/bin/../lib/gcc/arm-none-eabi/12.3.1/../../../../arm-none-eabi/lib/thumb/v7e-m+fp/hard\libc_nano.a(libc_a-lock.o)
 .ARM.attributes
                0x000009d4       0x34 C:/ST/STM32CubeIDE_1.15.1/STM32CubeIDE/plugins/com.st.stm32cube.ide.mcu.externaltools.gnu-tools-for-stm32.12.3.rel1.win32_1.0.100.202403111256/tools/bin/../lib/gcc/arm-none-eabi/12.3.1/../../../../arm-none-eabi/lib/thumb/v7e-m+fp/hard\libc_nano.a(libc_a-memcpy-stub.o)
 .ARM.attributes
                0x00000a08       0x17 C:/ST/STM32CubeIDE_1.15.1/STM32CubeIDE/plugins/com.st.stm32cube.ide.mcu.externaltools.gnu-tools-for-stm32.12.3.rel1.win32_1.0.100.202403111256/tools/bin/../lib/gcc/arm-none-eabi/12.3.1/../../../../arm-none-eabi/lib/thumb/v7e-m+fp/hard\libc_nano.a(libc_a-strlen.o)
 .ARM.attributes
                0x00000a1f       0x34 C:/ST/STM32CubeIDE_1.15.1/STM32CubeIDE/plugins/com.st.stm32cube.ide.mcu.externaltools.gnu-tools-for-stm32.12.3.rel1.win32_1.0.100.202403111256/tools/bin/../lib/gcc/arm-none-eabi/12.3.1/../../../../arm-none-eabi/lib/thumb/v7e-m+fp/hard\libc_nano.a(libc_a-freer.o)
 .ARM.attributes
                0x00000a53       0x34 C:/ST/STM32CubeIDE_1.15.1/STM32CubeIDE/plugins/com.st.stm32cube.ide.mcu.externaltools.gnu-tools-for-stm32.12.3.rel1.win32_1.0.100.202403111256/tools/bin/../lib/gcc/arm-none-eabi/12.3.1/../../../../arm-none-eabi/lib/thumb/v7e-m+fp/hard\libc_nano.a(libc_a-mallocr.o)
 .ARM.attributes
                0x00000a87       0x34 C:/ST/STM32CubeIDE_1.15.1/STM32CubeIDE/plugins/com.st.stm32cube.ide.mcu.externaltools.gnu-tools-for-stm32.12.3.rel1.win32_1.0.100.202403111256/tools/bin/../lib/gcc/arm-none-eabi/12.3.1/../../../../arm-none-eabi/lib/thumb/v7e-m+fp/hard\libc_nano.a(libc_a-mlock.o)
 .ARM.attributes
                0x00000abb       0x34 C:/ST/STM32CubeIDE_1.15.1/STM32CubeIDE/plugins/com.st.stm32cube.ide.mcu.externaltools.gnu-tools-for-stm32.12.3.rel1.win32_1.0.100.202403111256/tools/bin/../lib/gcc/arm-none-eabi/12.3.1/../../../../arm-none-eabi/lib/thumb/v7e-m+fp/hard\libc_nano.a(libc_a-nano-svfprintf.o)
 .ARM.attributes
                0x00000aef       0x34 C:/ST/STM32CubeIDE_1.15.1/STM32CubeIDE/plugins/com.st.stm32cube.ide.mcu.externaltools.gnu-tools-for-stm32.12.3.rel1.win32_1.0.100.202403111256/tools/bin/../lib/gcc/arm-none-eabi/12.3.1/../../../../arm-none-eabi/lib/thumb/v7e-m+fp/hard\libc_nano.a(libc_a-nano-vfprintf_i.o)
 .ARM.attributes