../Core/Src/main.c:141:5:main	24	static
../Core/Src/main.c:247:6:SystemClock_Config	88	static
../Core/Src/main.c:294:13:MX_ADC1_Init	56	static
../Core/Src/main.c:362:13:MX_ADC2_Init	40	static
../Core/Src/main.c:421:13:MX_ADC3_Init	56	static
../Core/Src/main.c:489:13:MX_OPAMP1_Init	8	static
../Core/Src/main.c:521:13:MX_OPAMP3_Init	8	static
../Core/Src/main.c:553:13:MX_TIM1_Init	120	static
../Core/Src/main.c:650:13:MX_TIM2_Init	64	static
../Core/Src/main.c:717:13:MX_TIM3_Init	64	static
../Core/Src/main.c:776:13:MX_TIM4_Init	40	static
../Core/Src/main.c:819:13:MX_DMA_Init	16	static
../Core/Src/main.c:847:13:MX_GPIO_Init	48	static
../Core/Src/main.c:879:7:HAL_ADC_ConvHalfCpltCallback	24	static
../Core/Src/main.c:920:7:HAL_ADC_ConvCpltCallback	24	static
../Core/Src/main.c:972:6:Error_Handler	4	static,ignoring_inline_asm
