../Core/Src/main.c:156:10:SysTick_GetValue	4	static
../Core/Src/main.c:164:7:ConvertToVoltage	16	static
../Core/Src/main.c:175:5:main	80	static
../Core/Src/main.c:317:6:SystemClock_Config	88	static
../Core/Src/main.c:364:13:MX_ADC1_Init	56	static
../Core/Src/main.c:432:13:MX_ADC2_Init	40	static
../Core/Src/main.c:491:13:MX_ADC3_Init	56	static
../Core/Src/main.c:559:13:MX_LPUART1_UART_Init	8	static
../Core/Src/main.c:606:13:MX_OPAMP1_Init	8	static
../Core/Src/main.c:638:13:MX_OPAMP3_Init	8	static
../Core/Src/main.c:670:13:MX_TIM1_Init	120	static
../Core/Src/main.c:767:13:MX_TIM2_Init	64	static
../Core/Src/main.c:834:13:MX_TIM3_Init	64	static
../Core/Src/main.c:893:13:MX_TIM4_Init	40	static
../Core/Src/main.c:938:13:MX_TIM15_Init	72	static
../Core/Src/main.c:1010:13:MX_DMA_Init	16	static
../Core/Src/main.c:1038:13:MX_GPIO_Init	48	static
../Core/Src/main.c:1082:7:HAL_ADC_ConvHalfCpltCallback	24	static
../Core/Src/main.c:1123:7:HAL_ADC_ConvCpltCallback	24	static
../Core/Src/main.c:1166:7:HAL_TIM_IC_CaptureCallback	16	static
../Core/Src/main.c:1210:6:Error_Handler	8	static
