../Core/Src/main.c:151:5:main	40	static
../Core/Src/main.c:271:6:SystemClock_Config	88	static
../Core/Src/main.c:318:13:MX_ADC1_Init	56	static
../Core/Src/main.c:386:13:MX_ADC2_Init	40	static
../Core/Src/main.c:445:13:MX_ADC3_Init	56	static
../Core/Src/main.c:513:13:MX_OPAMP1_Init	8	static
../Core/Src/main.c:545:13:MX_OPAMP3_Init	8	static
../Core/Src/main.c:577:13:MX_TIM1_Init	120	static
../Core/Src/main.c:674:13:MX_TIM2_Init	64	static
../Core/Src/main.c:741:13:MX_TIM3_Init	64	static
../Core/Src/main.c:800:13:MX_TIM4_Init	40	static
../Core/Src/main.c:845:13:MX_TIM15_Init	72	static
../Core/Src/main.c:917:13:MX_DMA_Init	16	static
../Core/Src/main.c:945:13:MX_GPIO_Init	48	static
../Core/Src/main.c:977:7:HAL_ADC_ConvHalfCpltCallback	24	static
../Core/Src/main.c:1018:7:HAL_ADC_ConvCpltCallback	24	static
../Core/Src/main.c:1061:7:HAL_TIM_IC_CaptureCallback	16	static
../Core/Src/main.c:1105:6:Error_Handler	8	static
