../Core/Src/main.c:145:10:SysTick_GetValue	4	static
../Core/Src/main.c:155:5:main	64	static
../Core/Src/main.c:285:6:SystemClock_Config	88	static
../Core/Src/main.c:332:13:MX_ADC1_Init	56	static
../Core/Src/main.c:400:13:MX_ADC2_Init	40	static
../Core/Src/main.c:459:13:MX_ADC3_Init	56	static
../Core/Src/main.c:527:13:MX_OPAMP1_Init	8	static
../Core/Src/main.c:559:13:MX_OPAMP3_Init	8	static
../Core/Src/main.c:591:13:MX_TIM1_Init	120	static
../Core/Src/main.c:688:13:MX_TIM2_Init	64	static
../Core/Src/main.c:755:13:MX_TIM3_Init	64	static
../Core/Src/main.c:814:13:MX_TIM4_Init	40	static
../Core/Src/main.c:859:13:MX_TIM15_Init	72	static
../Core/Src/main.c:931:13:MX_DMA_Init	16	static
../Core/Src/main.c:959:13:MX_GPIO_Init	48	static
../Core/Src/main.c:1001:7:HAL_ADC_ConvHalfCpltCallback	24	static
../Core/Src/main.c:1042:7:HAL_ADC_ConvCpltCallback	24	static
../Core/Src/main.c:1085:7:HAL_TIM_IC_CaptureCallback	16	static
../Core/Src/main.c:1129:6:Error_Handler	8	static
