../Core/Src/main.c:153:10:SysTick_GetValue	4	static
../Core/Src/main.c:161:7:ConvertToVoltage	16	static
../Core/Src/main.c:172:5:main	80	static
../Core/Src/main.c:316:6:SystemClock_Config	88	static
../Core/Src/main.c:363:13:MX_ADC1_Init	56	static
../Core/Src/main.c:431:13:MX_ADC2_Init	40	static
../Core/Src/main.c:490:13:MX_ADC3_Init	56	static
../Core/Src/main.c:558:13:MX_OPAMP1_Init	8	static
../Core/Src/main.c:590:13:MX_OPAMP3_Init	8	static
../Core/Src/main.c:622:13:MX_TIM1_Init	120	static
../Core/Src/main.c:719:13:MX_TIM2_Init	64	static
../Core/Src/main.c:786:13:MX_TIM3_Init	64	static
../Core/Src/main.c:845:13:MX_TIM4_Init	40	static
../Core/Src/main.c:890:13:MX_TIM15_Init	72	static
../Core/Src/main.c:962:13:MX_DMA_Init	16	static
../Core/Src/main.c:990:13:MX_GPIO_Init	48	static
../Core/Src/main.c:1034:7:HAL_ADC_ConvHalfCpltCallback	24	static
../Core/Src/main.c:1075:7:HAL_ADC_ConvCpltCallback	24	static
../Core/Src/main.c:1118:7:HAL_TIM_IC_CaptureCallback	16	static
../Core/Src/main.c:1162:6:Error_Handler	8	static
