../Core/Src/main.c:148:10:SysTick_GetValue	4	static
../Core/Src/main.c:156:7:ConvertToVoltage	16	static
../Core/Src/main.c:167:5:main	80	static
../Core/Src/main.c:295:6:SystemClock_Config	88	static
../Core/Src/main.c:342:13:MX_ADC1_Init	56	static
../Core/Src/main.c:410:13:MX_ADC2_Init	40	static
../Core/Src/main.c:469:13:MX_ADC3_Init	56	static
../Core/Src/main.c:537:13:MX_OPAMP1_Init	8	static
../Core/Src/main.c:569:13:MX_OPAMP3_Init	8	static
../Core/Src/main.c:601:13:MX_TIM1_Init	120	static
../Core/Src/main.c:698:13:MX_TIM2_Init	64	static
../Core/Src/main.c:765:13:MX_TIM3_Init	64	static
../Core/Src/main.c:824:13:MX_TIM4_Init	40	static
../Core/Src/main.c:869:13:MX_TIM15_Init	72	static
../Core/Src/main.c:941:13:MX_DMA_Init	16	static
../Core/Src/main.c:969:13:MX_GPIO_Init	48	static
../Core/Src/main.c:1011:7:HAL_ADC_ConvHalfCpltCallback	24	static
../Core/Src/main.c:1052:7:HAL_ADC_ConvCpltCallback	24	static
../Core/Src/main.c:1095:7:HAL_TIM_IC_CaptureCallback	16	static
../Core/Src/main.c:1139:6:Error_Handler	8	static
