../Core/Src/main.c:145:10:SysTick_GetValue	4	static
../Core/Src/main.c:153:7:ConvertToVoltage	16	static
../Core/Src/main.c:164:5:main	80	static
../Core/Src/main.c:308:6:SystemClock_Config	88	static
../Core/Src/main.c:355:13:MX_ADC1_Init	56	static
../Core/Src/main.c:423:13:MX_ADC2_Init	40	static
../Core/Src/main.c:482:13:MX_ADC3_Init	56	static
../Core/Src/main.c:550:13:MX_OPAMP1_Init	8	static
../Core/Src/main.c:582:13:MX_OPAMP3_Init	8	static
../Core/Src/main.c:614:13:MX_TIM1_Init	120	static
../Core/Src/main.c:711:13:MX_TIM2_Init	64	static
../Core/Src/main.c:778:13:MX_TIM3_Init	64	static
../Core/Src/main.c:837:13:MX_TIM4_Init	40	static
../Core/Src/main.c:882:13:MX_TIM15_Init	72	static
../Core/Src/main.c:954:13:MX_DMA_Init	16	static
../Core/Src/main.c:982:13:MX_GPIO_Init	48	static
../Core/Src/main.c:1026:7:HAL_ADC_ConvHalfCpltCallback	24	static
../Core/Src/main.c:1067:7:HAL_ADC_ConvCpltCallback	24	static
../Core/Src/main.c:1110:7:HAL_TIM_IC_CaptureCallback	16	static
../Core/Src/main.c:1154:6:Error_Handler	8	static
