../Core/Src/main.c:155:5:main	24	static
../Core/Src/main.c:253:6:SystemClock_Config	88	static
../Core/Src/main.c:300:13:MX_ADC2_Init	40	static
../Core/Src/main.c:359:13:MX_CORDIC_Init	8	static
../Core/Src/main.c:385:13:MX_DAC3_Init	56	static
../Core/Src/main.c:432:13:MX_FMAC_Init	8	static
../Core/Src/main.c:458:13:MX_OPAMP1_Init	8	static
../Core/Src/main.c:490:13:MX_OPAMP3_Init	8	static
../Core/Src/main.c:522:13:MX_TIM6_Init	24	static
../Core/Src/main.c:558:13:MX_DMA_Init	16	static
../Core/Src/main.c:583:13:MX_GPIO_Init	40	static
../Core/Src/main.c:634:7:HAL_ADC_ConvHalfCpltCallback	16	static
../Core/Src/main.c:675:7:HAL_ADC_ConvCpltCallback	16	static
../Core/Src/main.c:720:6:Error_Handler	4	static,ignoring_inline_asm
