Archive member included to satisfy reference by file (symbol)

C:/ST/STM32CubeIDE_1.15.1/STM32CubeIDE/plugins/com.st.stm32cube.ide.mcu.externaltools.gnu-tools-for-stm32.12.3.rel1.win32_1.0.100.202403111256/tools/bin/../lib/gcc/arm-none-eabi/12.3.1/../../../../arm-none-eabi/lib/thumb/v7e-m+fp/hard\libc_nano.a(libc_a-exit.o)
                              C:/ST/STM32CubeIDE_1.15.1/STM32CubeIDE/plugins/com.st.stm32cube.ide.mcu.externaltools.gnu-tools-for-stm32.12.3.rel1.win32_1.0.100.202403111256/tools/bin/../lib/gcc/arm-none-eabi/12.3.1/../../../../arm-none-eabi/lib/thumb/v7e-m+fp/hard/crt0.o (exit)
C:/ST/STM32CubeIDE_1.15.1/STM32CubeIDE/plugins/com.st.stm32cube.ide.mcu.externaltools.gnu-tools-for-stm32.12.3.rel1.win32_1.0.100.202403111256/tools/bin/../lib/gcc/arm-none-eabi/12.3.1/../../../../arm-none-eabi/lib/thumb/v7e-m+fp/hard\libc_nano.a(libc_a-findfp.o)
                              C:/ST/STM32CubeIDE_1.15.1/STM32CubeIDE/plugins/com.st.stm32cube.ide.mcu.externaltools.gnu-tools-for-stm32.12.3.rel1.win32_1.0.100.202403111256/tools/bin/../lib/gcc/arm-none-eabi/12.3.1/../../../../arm-none-eabi/lib/thumb/v7e-m+fp/hard\libc_nano.a(libc_a-exit.o) (__stdio_exit_handler)
C:/ST/STM32CubeIDE_1.15.1/STM32CubeIDE/plugins/com.st.stm32cube.ide.mcu.externaltools.gnu-tools-for-stm32.12.3.rel1.win32_1.0.100.202403111256/tools/bin/../lib/gcc/arm-none-eabi/12.3.1/../../../../arm-none-eabi/lib/thumb/v7e-m+fp/hard\libc_nano.a(libc_a-fwalk.o)
                              C:/ST/STM32CubeIDE_1.15.1/STM32CubeIDE/plugins/com.st.stm32cube.ide.mcu.externaltools.gnu-tools-for-stm32.12.3.rel1.win32_1.0.100.202403111256/tools/bin/../lib/gcc/arm-none-eabi/12.3.1/../../../../arm-none-eabi/lib/thumb/v7e-m+fp/hard\libc_nano.a(libc_a-findfp.o) (_fwalk_sglue)
C:/ST/STM32CubeIDE_1.15.1/STM32CubeIDE/plugins/com.st.stm32cube.ide.mcu.externaltools.gnu-tools-for-stm32.12.3.rel1.win32_1.0.100.202403111256/tools/bin/../lib/gcc/arm-none-eabi/12.3.1/../../../../arm-none-eabi/lib/thumb/v7e-m+fp/hard\libc_nano.a(libc_a-sprintf.o)
                              ./Core/Src/main.o (sprintf)
C:/ST/STM32CubeIDE_1.15.1/STM32CubeIDE/plugins/com.st.stm32cube.ide.mcu.externaltools.gnu-tools-for-stm32.12.3.rel1.win32_1.0.100.202403111256/tools/bin/../lib/gcc/arm-none-eabi/12.3.1/../../../../arm-none-eabi/lib/thumb/v7e-m+fp/hard\libc_nano.a(libc_a-stdio.o)
                              C:/ST/STM32CubeIDE_1.15.1/STM32CubeIDE/plugins/com.st.stm32cube.ide.mcu.externaltools.gnu-tools-for-stm32.12.3.rel1.win32_1.0.100.202403111256/tools/bin/../lib/gcc/arm-none-eabi/12.3.1/../../../../arm-none-eabi/lib/thumb/v7e-m+fp/hard\libc_nano.a(libc_a-findfp.o) (__sread)
C:/ST/STM32CubeIDE_1.15.1/STM32CubeIDE/plugins/com.st.stm32cube.ide.mcu.externaltools.gnu-tools-for-stm32.12.3.rel1.win32_1.0.100.202403111256/tools/bin/../lib/gcc/arm-none-eabi/12.3.1/../../../../arm-none-eabi/lib/thumb/v7e-m+fp/hard\libc_nano.a(libc_a-memset.o)
                              C:/ST/STM32CubeIDE_1.15.1/STM32CubeIDE/plugins/com.st.stm32cube.ide.mcu.externaltools.gnu-tools-for-stm32.12.3.rel1.win32_1.0.100.202403111256/tools/bin/../lib/gcc/arm-none-eabi/12.3.1/../../../../arm-none-eabi/lib/thumb/v7e-m+fp/hard/crt0.o (memset)
C:/ST/STM32CubeIDE_1.15.1/STM32CubeIDE/plugins/com.st.stm32cube.ide.mcu.externaltools.gnu-tools-for-stm32.12.3.rel1.win32_1.0.100.202403111256/tools/bin/../lib/gcc/arm-none-eabi/12.3.1/../../../../arm-none-eabi/lib/thumb/v7e-m+fp/hard\libc_nano.a(libc_a-closer.o)
                              C:/ST/STM32CubeIDE_1.15.1/STM32CubeIDE/plugins/com.st.stm32cube.ide.mcu.externaltools.gnu-tools-for-stm32.12.3.rel1.win32_1.0.100.202403111256/tools/bin/../lib/gcc/arm-none-eabi/12.3.1/../../../../arm-none-eabi/lib/thumb/v7e-m+fp/hard\libc_nano.a(libc_a-stdio.o) (_close_r)
C:/ST/STM32CubeIDE_1.15.1/STM32CubeIDE/plugins/com.st.stm32cube.ide.mcu.externaltools.gnu-tools-for-stm32.12.3.rel1.win32_1.0.100.202403111256/tools/bin/../lib/gcc/arm-none-eabi/12.3.1/../../../../arm-none-eabi/lib/thumb/v7e-m+fp/hard\libc_nano.a(libc_a-reent.o)
                              C:/ST/STM32CubeIDE_1.15.1/STM32CubeIDE/plugins/com.st.stm32cube.ide.mcu.externaltools.gnu-tools-for-stm32.12.3.rel1.win32_1.0.100.202403111256/tools/bin/../lib/gcc/arm-none-eabi/12.3.1/../../../../arm-none-eabi/lib/thumb/v7e-m+fp/hard\libc_nano.a(libc_a-closer.o) (errno)
C:/ST/STM32CubeIDE_1.15.1/STM32CubeIDE/plugins/com.st.stm32cube.ide.mcu.externaltools.gnu-tools-for-stm32.12.3.rel1.win32_1.0.100.202403111256/tools/bin/../lib/gcc/arm-none-eabi/12.3.1/../../../../arm-none-eabi/lib/thumb/v7e-m+fp/hard\libc_nano.a(libc_a-impure.o)
                              C:/ST/STM32CubeIDE_1.15.1/STM32CubeIDE/plugins/com.st.stm32cube.ide.mcu.externaltools.gnu-tools-for-stm32.12.3.rel1.win32_1.0.100.202403111256/tools/bin/../lib/gcc/arm-none-eabi/12.3.1/../../../../arm-none-eabi/lib/thumb/v7e-m+fp/hard\libc_nano.a(libc_a-sprintf.o) (_impure_ptr)
[...]
Memory Configuration

Name             Origin             Length             Attributes
RAM              0x20000000         0x00020000         xrw
FLASH            0x08000000         0x00080000         xr
*default*        0x00000000         0xffffffff

Linker script and memory map

LOAD C:/ST/STM32CubeIDE_1.15.1/STM32CubeIDE/plugins/com.st.stm32cube.ide.mcu.externaltools.gnu-tools-for-stm32.12.3.rel1.win32_1.0.100.202403111256/tools/bin/../lib/gcc/arm-none-eabi/12.3.1/thumb/v7e-m+fp/hard/crti.o
LOAD C:/ST/STM32CubeIDE_1.15.1/STM32CubeIDE/plugins/com.st.stm32cube.ide.mcu.externaltools.gnu-tools-for-stm32.12.3.rel1.win32_1.0.100.202403111256/tools/bin/../lib/gcc/arm-none-eabi/12.3.1/thumb/v7e-m+fp/hard/crtbegin.o
LOAD C:/ST/STM32CubeIDE_1.15.1/STM32CubeIDE/plugins/com.st.stm32cube.ide.mcu.externaltools.gnu-tools-for-stm32.12.3.rel1.win32_1.0.100.202403111256/tools/bin/../lib/gcc/arm-none-eabi/12.3.1/../../../../arm-none-eabi/lib/thumb/v7e-m+fp/hard/crt0.o
LOAD ./Core/Src/main.o
LOAD ./Core/Src/stm32g4xx_hal_msp.o
LOAD ./Core/Src/stm32g4xx_it.o
LOAD ./Core/Src/syscalls.o
LOAD ./Core/Src/sysmem.o
LOAD ./Core/Src/system_stm32g4xx.o
LOAD ./Core/Src/ws2812.o
LOAD ./Core/Startup/startup_stm32g474retx.o
LOAD ./Drivers/STM32G4xx_HAL_Driver/Src/stm32g4xx_hal.o
LOAD ./Drivers/STM32G4xx_HAL_Driver/Src/stm32g4xx_hal_adc.o
LOAD ./Drivers/STM32G4xx_HAL_Driver/Src/stm32g4xx_hal_adc_ex.o
LOAD ./Drivers/STM32G4xx_HAL_Driver/Src/stm32g4xx_hal_cortex.o
LOAD ./Drivers/STM32G4xx_HAL_Driver/Src/stm32g4xx_hal_dma.o
LOAD ./Drivers/STM32G4xx_HAL_Driver/Src/stm32g4xx_hal_dma_ex.o
LOAD ./Drivers/STM32G4xx_HAL_Driver/Src/stm32g4xx_hal_exti.o
LOAD ./Drivers/STM32G4xx_HAL_Driver/Src/stm32g4xx_hal_flash.o
LOAD ./Drivers/STM32G4xx_HAL_Driver/Src/stm32g4xx_hal_flash_ex.o
LOAD ./Drivers/STM32G4xx_HAL_Driver/Src/stm32g4xx_hal_flash_ramfunc.o
LOAD ./Drivers/STM32G4xx_HAL_Driver/Src/stm32g4xx_hal_gpio.o
LOAD ./Drivers/STM32G4xx_HAL_Driver/Src/stm32g4xx_hal_opamp.o
LOAD ./Drivers/STM32G4xx_HAL_Driver/Src/stm32g4xx_hal_opamp_ex.o
LOAD ./Drivers/STM32G4xx_HAL_Driver/Src/stm32g4xx_hal_pcd.o
LOAD ./Drivers/STM32G4xx_HAL_Driver/Src/stm32g4xx_hal_pcd_ex.o
LOAD ./Drivers/STM32G4xx_HAL_Driver/Src/stm32g4xx_hal_pwr.o
LOAD ./Drivers/STM32G4xx_HAL_Driver/Src/stm32g4xx_hal_pwr_ex.o
LOAD ./Drivers/STM32G4xx_HAL_Driver/Src/stm32g4xx_hal_rcc.o
LOAD ./Drivers/STM32G4xx_HAL_Driver/Src/stm32g4xx_hal_rcc_ex.o
LOAD ./Drivers/STM32G4xx_HAL_Driver/Src/stm32g4xx_hal_tim.o
LOAD ./Drivers/STM32G4xx_HAL_Driver/Src/stm32g4xx_hal_tim_ex.o
LOAD ./Drivers/STM32G4xx_HAL_Driver/Src/stm32g4xx_ll_adc.o
LOAD ./Drivers/STM32G4xx_HAL_Driver/Src/stm32g4xx_ll_usb.o
LOAD ./Middlewares/ST/STM32_USB_Device_Library/Class/CDC/Src/usbd_cdc.o
LOAD ./Middlewares/ST/STM32_USB_Device_Library/Core/Src/usbd_core.o
LOAD ./Middlewares/ST/STM32_USB_Device_Library/Core/Src/usbd_ctlreq.o
LOAD ./Middlewares/ST/STM32_USB_Device_Library/Core/Src/usbd_ioreq.o
LOAD ./USB_Device/App/usb_device.o
LOAD ./USB_Device/App/usbd_cdc_if.o
LOAD ./USB_Device/App/usbd_desc.o
LOAD ./USB_Device/Target/usbd_conf.o
START GROUP
LOAD C:/ST/STM32CubeIDE_1.15.1/STM32CubeIDE/plugins/com.st.stm32cube.ide.mcu.externaltools.gnu-tools-for-stm32.12.3.rel1.win32_1.0.100.202403111256/tools/bin/../lib/gcc/arm-none-eabi/12.3.1/../../../../arm-none-eabi/lib/thumb/v7e-m+fp/hard\libc_nano.a
LOAD C:/ST/STM32CubeIDE_1.15.1/STM32CubeIDE/plugins/com.st.stm32cube.ide.mcu.externaltools.gnu-tools-for-stm32.12.3.rel1.win32_1.0.100.202403111256/tools/bin/../lib/gcc/arm-none-eabi/12.3.1/../../../../arm-none-eabi/lib/thumb/v7e-m+fp/hard\libm.a
END GROUP
START GROUP
LOAD C:/ST/STM32CubeIDE_1.15.1/STM32CubeIDE/plugins/com.st.stm32cube.ide.mcu.externaltools.gnu-tools-for-stm32.12.3.rel1.win32_1.0.100.202403111256/tools/bin/../lib/gcc/arm-none-eabi/12.3.1/thumb/v7e-m+fp/hard\libgcc.a
LOAD C:/ST/STM32CubeIDE_1.15.1/STM32CubeIDE/plugins/com.st.stm32cube.ide.mcu.externaltools.gnu-tools-for-stm32.12.3.rel1.win32_1.0.100.202403111256/tools/bin/../lib/gcc/arm-none-eabi/12.3.1/../../../../arm-none-eabi/lib/thumb/v7e-m+fp/hard\libc_nano.a
END GROUP
START GROUP
LOAD C:/ST/STM32CubeIDE_1.15.1/STM32CubeIDE/plugins/com.st.stm32cube.ide.mcu.externaltools.gnu-tools-for-stm32.12.3.rel1.win32_1.0.100.202403111256/tools/bin/../lib/gcc/arm-none-eabi/12.3.1/thumb/v7e-m+fp/hard\libgcc.a
LOAD C:/ST/STM32CubeIDE_1.15.1/STM32CubeIDE/plugins/com.st.stm32cube.ide.mcu.externaltools.gnu-tools-for-stm32.12.3.rel1.win32_1.0.100.202403111256/tools/bin/../lib/gcc/arm-none-eabi/12.3.1/../../../../arm-none-eabi/lib/thumb/v7e-m+fp/hard\libc_nano.a
LOAD C:/ST/STM32CubeIDE_1.15.1/STM32CubeIDE/plugins/com.st.stm32cube.ide.mcu.externaltools.gnu-tools-for-stm32.12.3.rel1.win32_1.0.100.202403111256/tools/bin/../lib/gcc/arm-none-eabi/12.3.1/../../../../arm-none-eabi/lib/thumb/v7e-m+fp/hard\libnosys.a
END GROUP
START GROUP
LOAD C:/ST/STM32CubeIDE_1.15.1/STM32CubeIDE/plugins/com.st.stm32cube.ide.mcu.externaltools.gnu-tools-for-stm32.12.3.rel1.win32_1.0.100.202403111256/tools/bin/../lib/gcc/arm-none-eabi/12.3.1/thumb/v7e-m+fp/hard\libgcc.a
LOAD C:/ST/STM32CubeIDE_1.15.1/STM32CubeIDE/plugins/com.st.stm32cube.ide.mcu.externaltools.gnu-tools-for-stm32.12.3.rel1.win32_1.0.100.202403111256/tools/bin/../lib/gcc/arm-none-eabi/12.3.1/../../../../arm-none-eabi/lib/thumb/v7e-m+fp/hard\libc_nano.a
LOAD C:/ST/STM32CubeIDE_1.15.1/STM32CubeIDE/plugins/com.st.stm32cube.ide.mcu.externaltools.gnu-tools-for-stm32.12.3.rel1.win32_1.0.100.202403111256/tools/bin/../lib/gcc/arm-none-eabi/12.3.1/../../../../arm-none-eabi/lib/thumb/v7e-m+fp/hard\libnosys.a
END GROUP
LOAD C:/ST/STM32CubeIDE_1.15.1/STM32CubeIDE/plugins/com.st.stm32cube.ide.mcu.externaltools.gnu-tools-for-stm32.12.3.rel1.win32_1.0.100.202403111256/tools/bin/../lib/gcc/arm-none-eabi/12.3.1/thumb/v7e-m+fp/hard/crtend.o
LOAD C:/ST/STM32CubeIDE_1.15.1/STM32CubeIDE/plugins/com.st.stm32cube.ide.mcu.externaltools.gnu-tools-for-stm32.12.3.rel1.win32_1.0.100.202403111256/tools/bin/../lib/gcc/arm-none-eabi/12.3.1/thumb/v7e-m+fp/hard/crtn.o
                0x20020000                        _estack = (ORIGIN (RAM) + LENGTH (RAM))
                0x00000200                        _Min_Heap_Size = 0x200
                0x00000400                        _Min_Stack_Size = 0x400

.isr_vector     0x08000000      0x1d8
                0x08000000                        . = ALIGN (0x4)
 *(.isr_vector)
 .isr_vector    0x08000000      0x1d8 ./Core/Startup/startup_stm32g474retx.o
                0x08000000                g_pfnVectors
                0x080001d8                        . = ALIGN (0x4)

.text           0x080001e0     0xfcb0
                0x080001e0                        . = ALIGN (0x4)
 *(.text)
 .text          0x080001e0       0x40 C:/ST/STM32CubeIDE_1.15.1/STM32CubeIDE/plugins/com.st.stm32cube.ide.mcu.externaltools.gnu-tools-for-stm32.12.3.rel1.win32_1.0.100.202403111256/tools/bin/../lib/gcc/arm-none-eabi/12.3.1/thumb/v7e-m+fp/hard/crtbegin.o
 .text          0x08000220       0xa0 C:/ST/STM32CubeIDE_1.15.1/STM32CubeIDE/plugins/com.st.stm32cube.ide.mcu.externaltools.gnu-tools-for-stm32.12.3.rel1.win32_1.0.100.202403111256/tools/bin/../lib/gcc/arm-none-eabi/12.3.1/../../../../arm-none-eabi/lib/thumb/v7e-m+fp/hard\libc_nano.a(libc_a-memchr.o)
                0x08000220                memchr
 *(.text*)
 .text.SysTick_GetValue
                0x080002c0       0x18 ./Core/Src/main.o
                0x080002c0                SysTick_GetValue
 .text.main     0x080002d8      0x1fc ./Core/Src/main.o
                0x080002d8                main
 .text.SystemClock_Config
                0x080004d4       0x96 ./Core/Src/main.o
                0x080004d4                SystemClock_Config
 *fill*         0x0800056a        0x2 
 .text.MX_ADC1_Init
                0x0800056c       0xf4 ./Core/Src/main.o
 .text.MX_ADC2_Init
                0x08000660       0xd0 ./Core/Src/main.o
 .text.MX_ADC3_Init
                0x08000730       0xf4 ./Core/Src/main.o
 .text.MX_OPAMP1_Init
                0x08000824       0x4c ./Core/Src/main.o
 .text.MX_OPAMP3_Init
                0x08000870       0x4c ./Core/Src/main.o
 .text.MX_TIM1_Init
                0x080008bc      0x1b4 ./Core/Src/main.o
 .text.MX_TIM2_Init
                0x08000a70      0x118 ./Core/Src/main.o
 .text.MX_TIM3_Init
                0x08000b88       0xec ./Core/Src/main.o
 .text.MX_TIM4_Init
                0x08000c74       0xa0 ./Core/Src/main.o
 .text.MX_TIM15_Init
                0x08000d14      0x13c ./Core/Src/main.o
 .text.MX_DMA_Init
                0x08000e50       0x84 ./Core/Src/main.o
 .text.MX_GPIO_Init
                0x08000ed4       0xe0 ./Core/Src/main.o
 .text.HAL_ADC_ConvHalfCpltCallback
                0x08000fb4       0x54 ./Core/Src/main.o
                0x08000fb4                HAL_ADC_ConvHalfCpltCallback
 .text.HAL_ADC_ConvCpltCallback
                0x08001008       0x54 ./Core/Src/main.o
                0x08001008                HAL_ADC_ConvCpltCallback
 .text.HAL_TIM_IC_CaptureCallback
                0x0800105c       0x88 ./Core/Src/main.o
                0x0800105c                HAL_TIM_IC_CaptureCallback
 .text.Error_Handler
                0x080010e4       0x14 ./Core/Src/main.o
                0x080010e4                Error_Handler
 .text.HAL_MspInit
                0x080010f8       0x5c ./Core/Src/stm32g4xx_hal_msp.o
                0x080010f8                HAL_MspInit
 .text.HAL_ADC_MspInit
                0x08001154      0x298 ./Core/Src/stm32g4xx_hal_msp.o
                0x08001154                HAL_ADC_MspInit
 .text.HAL_OPAMP_MspInit
                0x080013ec       0xa8 ./Core/Src/stm32g4xx_hal_msp.o
                0x080013ec                HAL_OPAMP_MspInit
 .text.HAL_TIM_Base_MspInit
                0x08001494      0x1e8 ./Core/Src/stm32g4xx_hal_msp.o
                0x08001494                HAL_TIM_Base_MspInit
 .text.HAL_TIM_MspPostInit
                0x0800167c      0x100 ./Core/Src/stm32g4xx_hal_msp.o
                0x0800167c                HAL_TIM_MspPostInit
 .text.NMI_Handler
                0x0800177c        0x8 ./Core/Src/stm32g4xx_it.o
                0x0800177c                NMI_Handler
 .text.HardFault_Handler
                0x08001784        0x8 ./Core/Src/stm32g4xx_it.o
                0x08001784                HardFault_Handler
 .text.MemManage_Handler
                0x0800178c        0x8 ./Core/Src/stm32g4xx_it.o
                0x0800178c                MemManage_Handler
 .text.BusFault_Handler
                0x08001794        0x8 ./Core/Src/stm32g4xx_it.o
                0x08001794                BusFault_Handler
 .text.UsageFault_Handler
                0x0800179c        0x8 ./Core/Src/stm32g4xx_it.o
                0x0800179c                UsageFault_Handler
 .text.SVC_Handler
                0x080017a4        0xe ./Core/Src/stm32g4xx_it.o
                0x080017a4                SVC_Handler
 .text.DebugMon_Handler
                0x080017b2        0xe ./Core/Src/stm32g4xx_it.o
                0x080017b2                DebugMon_Handler
 .text.PendSV_Handler
                0x080017c0        0xe ./Core/Src/stm32g4xx_it.o
                0x080017c0                PendSV_Handler
 .text.SysTick_Handler
                0x080017ce        0xc ./Core/Src/stm32g4xx_it.o
                0x080017ce                SysTick_Handler
 *fill*         0x080017da        0x2 
 .text.DMA1_Channel1_IRQHandler
                0x080017dc       0x14 ./Core/Src/stm32g4xx_it.o
                0x080017dc                DMA1_Channel1_IRQHandler
 .text.DMA1_Channel2_IRQHandler
                0x080017f0       0x14 ./Core/Src/stm32g4xx_it.o
                0x080017f0                DMA1_Channel2_IRQHandler
 .text.DMA1_Channel3_IRQHandler
                0x08001804       0x14 ./Core/Src/stm32g4xx_it.o
                0x08001804                DMA1_Channel3_IRQHandler
 .text.DMA1_Channel4_IRQHandler
                0x08001818       0x14 ./Core/Src/stm32g4xx_it.o
                0x08001818                DMA1_Channel4_IRQHandler
 .text.ADC1_2_IRQHandler
                0x0800182c       0x1c ./Core/Src/stm32g4xx_it.o
                0x0800182c                ADC1_2_IRQHandler
 .text.USB_LP_IRQHandler
                0x08001848       0x14 ./Core/Src/stm32g4xx_it.o
                0x08001848                USB_LP_IRQHandler
 .text.EXTI9_5_IRQHandler
                0x0800185c       0x20 ./Core/Src/stm32g4xx_it.o
                0x0800185c                EXTI9_5_IRQHandler
 .text.TIM1_BRK_TIM15_IRQHandler
                0x0800187c       0x1c ./Core/Src/stm32g4xx_it.o
                0x0800187c                TIM1_BRK_TIM15_IRQHandler
 .text.TIM4_IRQHandler
                0x08001898       0x28 ./Core/Src/stm32g4xx_it.o
                0x08001898                TIM4_IRQHandler
 .text._sbrk    0x080018c0       0x6c ./Core/Src/sysmem.o
                0x080018c0                _sbrk
 .text.SystemInit
                0x0800192c       0x24 ./Core/Src/system_stm32g4xx.o
                0x0800192c                SystemInit
 .text.ws2812_update_force
                0x08001950      0x108 ./Core/Src/ws2812.o
                0x08001950                ws2812_update_force
 .text.ws2812_gradient
                0x08001a58      0x1f8 ./Core/Src/ws2812.o
                0x08001a58                ws2812_gradient
 .text.ws2812_set_24bit
                0x08001c50       0x28 ./Core/Src/ws2812.o
                0x08001c50                ws2812_set_24bit
 .text.ws2812_set_all
                0x08001c78       0x38 ./Core/Src/ws2812.o
                0x08001c78                ws2812_set_all
 .text.rgb_to_color
                0x08001cb0       0x2c ./Core/Src/ws2812.o
                0x08001cb0                rgb_to_color
 .text.rgba_to_color
                0x08001cdc       0x84 ./Core/Src/ws2812.o
                0x08001cdc                rgba_to_color
 .text.color_to_rgb
                0x08001d60       0x36 ./Core/Src/ws2812.o
                0x08001d60                color_to_rgb
 *fill*         0x08001d96        0x2 
 .text.ws2812_set_rgba
                0x08001d98       0x40 ./Core/Src/ws2812.o
                0x08001d98                ws2812_set_rgba
 .text.rainbow_color
                0x08001dd8      0x128 ./Core/Src/ws2812.o
                0x08001dd8                rainbow_color
 .text.rainbow_effect
                0x08001f00       0x80 ./Core/Src/ws2812.o
                0x08001f00                rainbow_effect
 .text.Reset_Handler
                0x08001f80       0x50 ./Core/Startup/startup_stm32g474retx.o
                0x08001f80                Reset_Handler
 .text.Default_Handler
                0x08001fd0        0x2 ./Core/Startup/startup_stm32g474retx.o
                0x08001fd0                RTC_Alarm_IRQHandler
                0x08001fd0                EXTI2_IRQHandler
                0x08001fd0                TIM8_TRG_COM_IRQHandler
                0x08001fd0                TIM8_CC_IRQHandler
                0x08001fd0                HRTIM1_Master_IRQHandler
                0x08001fd0                SPI4_IRQHandler
                0x08001fd0                FDCAN3_IT0_IRQHandler
                0x08001fd0                TIM1_CC_IRQHandler
                0x08001fd0                HRTIM1_FLT_IRQHandler
                0x08001fd0                HRTIM1_TIMF_IRQHandler
                0x08001fd0                USB_HP_IRQHandler
                0x08001fd0                CORDIC_IRQHandler
                0x08001fd0                HRTIM1_TIMD_IRQHandler
                0x08001fd0                DMA2_Channel8_IRQHandler
                0x08001fd0                EXTI3_IRQHandler
                0x08001fd0                I2C3_ER_IRQHandler
                0x08001fd0                EXTI0_IRQHandler
                0x08001fd0                I2C2_EV_IRQHandler
                0x08001fd0                FPU_IRQHandler
                0x08001fd0                FDCAN1_IT1_IRQHandler
                0x08001fd0                TIM1_UP_TIM16_IRQHandler
                0x08001fd0                HRTIM1_TIME_IRQHandler
                0x08001fd0                SPI1_IRQHandler
                0x08001fd0                TIM6_DAC_IRQHandler
                0x08001fd0                HRTIM1_TIMC_IRQHandler
                0x08001fd0                TIM8_UP_IRQHandler
                0x08001fd0                DMA2_Channel2_IRQHandler
                0x08001fd0                TIM20_TRG_COM_IRQHandler
                0x08001fd0                USART3_IRQHandler
                0x08001fd0                DMA1_Channel7_IRQHandler
                0x08001fd0                UART5_IRQHandler
                0x08001fd0                ADC3_IRQHandler
                0x08001fd0                DMA2_Channel1_IRQHandler
                0x08001fd0                QUADSPI_IRQHandler
                0x08001fd0                I2C1_EV_IRQHandler
                0x08001fd0                DMA1_Channel6_IRQHandler
                0x08001fd0                UART4_IRQHandler
                0x08001fd0                DMA2_Channel4_IRQHandler
                0x08001fd0                TIM3_IRQHandler
                0x08001fd0                RCC_IRQHandler
                0x08001fd0                TIM20_UP_IRQHandler
                0x08001fd0                Default_Handler
                0x08001fd0                DMA2_Channel7_IRQHandler
                0x08001fd0                RTC_TAMP_LSECSS_IRQHandler
                0x08001fd0                FMAC_IRQHandler
                0x08001fd0                EXTI15_10_IRQHandler
                0x08001fd0                DMA1_Channel8_IRQHandler
                0x08001fd0                HRTIM1_TIMA_IRQHandler
                0x08001fd0                TIM7_DAC_IRQHandler
                0x08001fd0                FDCAN3_IT1_IRQHandler
                0x08001fd0                TIM5_IRQHandler
                0x08001fd0                UCPD1_IRQHandler
                0x08001fd0                I2C3_EV_IRQHandler
                0x08001fd0                RTC_WKUP_IRQHandler
                0x08001fd0                PVD_PVM_IRQHandler
                0x08001fd0                SPI2_IRQHandler
                0x08001fd0                ADC5_IRQHandler
                0x08001fd0                DMA2_Channel5_IRQHandler
                0x08001fd0                CRS_IRQHandler
                0x08001fd0                DMA1_Channel5_IRQHandler
                0x08001fd0                EXTI4_IRQHandler
                0x08001fd0                RNG_IRQHandler
                0x08001fd0                HRTIM1_TIMB_IRQHandler
                0x08001fd0                TIM1_TRG_COM_TIM17_IRQHandler
                0x08001fd0                FDCAN2_IT1_IRQHandler
                0x08001fd0                ADC4_IRQHandler
                0x08001fd0                WWDG_IRQHandler
                0x08001fd0                I2C4_EV_IRQHandler
                0x08001fd0                FDCAN2_IT0_IRQHandler
                0x08001fd0                LPUART1_IRQHandler
                0x08001fd0                DMA2_Channel6_IRQHandler
                0x08001fd0                FDCAN1_IT0_IRQHandler
                0x08001fd0                TIM2_IRQHandler
                0x08001fd0                COMP7_IRQHandler
                0x08001fd0                COMP1_2_3_IRQHandler
                0x08001fd0                EXTI1_IRQHandler
                0x08001fd0                USART2_IRQHandler
                0x08001fd0                COMP4_5_6_IRQHandler
                0x08001fd0                TIM20_BRK_IRQHandler
                0x08001fd0                I2C2_ER_IRQHandler
                0x08001fd0                TIM8_BRK_IRQHandler
                0x08001fd0                FLASH_IRQHandler
                0x08001fd0                TIM20_CC_IRQHandler
                0x08001fd0                USART1_IRQHandler
                0x08001fd0                SPI3_IRQHandler
                0x08001fd0                I2C1_ER_IRQHandler
                0x08001fd0                FMC_IRQHandler
                0x08001fd0                LPTIM1_IRQHandler
                0x08001fd0                DMAMUX_OVR_IRQHandler
                0x08001fd0                I2C4_ER_IRQHandler
                0x08001fd0                USBWakeUp_IRQHandler
                0x08001fd0                SAI1_IRQHandler
                0x08001fd0                DMA2_Channel3_IRQHandler
 .text.HAL_Init
                0x08001fd2       0x30 ./Drivers/STM32G4xx_HAL_Driver/Src/stm32g4xx_hal.o
                0x08001fd2                HAL_Init
 *fill*         0x08002002        0x2 
 .text.HAL_InitTick
                0x08002004       0x74 ./Drivers/STM32G4xx_HAL_Driver/Src/stm32g4xx_hal.o
                0x08002004                HAL_InitTick
 .text.HAL_IncTick
                0x08002078       0x24 ./Drivers/STM32G4xx_HAL_Driver/Src/stm32g4xx_hal.o
                0x08002078                HAL_IncTick
 .text.HAL_GetTick
                0x0800209c       0x18 ./Drivers/STM32G4xx_HAL_Driver/Src/stm32g4xx_hal.o
                0x0800209c                HAL_GetTick
 .text.HAL_Delay
                0x080020b4       0x44 ./Drivers/STM32G4xx_HAL_Driver/Src/stm32g4xx_hal.o
                0x080020b4                HAL_Delay
 .text.HAL_SYSCFG_VREFBUF_VoltageScalingConfig
                0x080020f8       0x28 ./Drivers/STM32G4xx_HAL_Driver/Src/stm32g4xx_hal.o
                0x080020f8                HAL_SYSCFG_VREFBUF_VoltageScalingConfig
 .text.HAL_SYSCFG_VREFBUF_HighImpedanceConfig
                0x08002120       0x28 ./Drivers/STM32G4xx_HAL_Driver/Src/stm32g4xx_hal.o
                0x08002120                HAL_SYSCFG_VREFBUF_HighImpedanceConfig
 .text.HAL_SYSCFG_VREFBUF_TrimmingConfig
                0x08002148       0x28 ./Drivers/STM32G4xx_HAL_Driver/Src/stm32g4xx_hal.o
                0x08002148                HAL_SYSCFG_VREFBUF_TrimmingConfig
 .text.HAL_SYSCFG_EnableVREFBUF
                0x08002170       0x48 ./Drivers/STM32G4xx_HAL_Driver/Src/stm32g4xx_hal.o
                0x08002170                HAL_SYSCFG_EnableVREFBUF
 .text.LL_ADC_SetCommonClock
                0x080021b8       0x26 ./Drivers/STM32G4xx_HAL_Driver/Src/stm32g4xx_hal_adc.o
 .text.LL_ADC_SetCommonPathInternalCh
                0x080021de       0x26 ./Drivers/STM32G4xx_HAL_Driver/Src/stm32g4xx_hal_adc.o
 .text.LL_ADC_GetCommonPathInternalCh
                0x08002204       0x1c ./Drivers/STM32G4xx_HAL_Driver/Src/stm32g4xx_hal_adc.o
 .text.LL_ADC_SetOffset
                0x08002220       0x48 ./Drivers/STM32G4xx_HAL_Driver/Src/stm32g4xx_hal_adc.o
 .text.LL_ADC_GetOffsetChannel
                0x08002268       0x2c ./Drivers/STM32G4xx_HAL_Driver/Src/stm32g4xx_hal_adc.o
 .text.LL_ADC_SetOffsetState
                0x08002294       0x36 ./Drivers/STM32G4xx_HAL_Driver/Src/stm32g4xx_hal_adc.o
 .text.LL_ADC_SetOffsetSign
                0x080022ca       0x36 ./Drivers/STM32G4xx_HAL_Driver/Src/stm32g4xx_hal_adc.o
 .text.LL_ADC_SetOffsetSaturation
                0x08002300       0x36 ./Drivers/STM32G4xx_HAL_Driver/Src/stm32g4xx_hal_adc.o
 .text.LL_ADC_SetSamplingTimeCommonConfig
                0x08002336       0x26 ./Drivers/STM32G4xx_HAL_Driver/Src/stm32g4xx_hal_adc.o
 .text.LL_ADC_REG_IsTriggerSourceSWStart
                0x0800235c       0x26 ./Drivers/STM32G4xx_HAL_Driver/Src/stm32g4xx_hal_adc.o
 .text.LL_ADC_REG_SetSequencerRanks
                0x08002382       0x58 ./Drivers/STM32G4xx_HAL_Driver/Src/stm32g4xx_hal_adc.o
 .text.LL_ADC_INJ_IsTriggerSourceSWStart
                0x080023da       0x26 ./Drivers/STM32G4xx_HAL_Driver/Src/stm32g4xx_hal_adc.o
 .text.LL_ADC_SetChannelSamplingTime
                0x08002400       0x56 ./Drivers/STM32G4xx_HAL_Driver/Src/stm32g4xx_hal_adc.o
 *fill*         0x08002456        0x2 
 .text.LL_ADC_SetChannelSingleDiff
                0x08002458       0x48 ./Drivers/STM32G4xx_HAL_Driver/Src/stm32g4xx_hal_adc.o
 .text.LL_ADC_GetMultimode
                0x080024a0       0x1c ./Drivers/STM32G4xx_HAL_Driver/Src/stm32g4xx_hal_adc.o
 .text.LL_ADC_GetMultiDMATransfer
                0x080024bc       0x1c ./Drivers/STM32G4xx_HAL_Driver/Src/stm32g4xx_hal_adc.o
 .text.LL_ADC_DisableDeepPowerDown
                0x080024d8       0x24 ./Drivers/STM32G4xx_HAL_Driver/Src/stm32g4xx_hal_adc.o
 .text.LL_ADC_IsDeepPowerDownEnabled
                0x080024fc       0x28 ./Drivers/STM32G4xx_HAL_Driver/Src/stm32g4xx_hal_adc.o
 .text.LL_ADC_EnableInternalRegulator
                0x08002524       0x28 ./Drivers/STM32G4xx_HAL_Driver/Src/stm32g4xx_hal_adc.o
 .text.LL_ADC_IsInternalRegulatorEnabled
                0x0800254c       0x28 ./Drivers/STM32G4xx_HAL_Driver/Src/stm32g4xx_hal_adc.o
 .text.LL_ADC_Enable
                0x08002574       0x28 ./Drivers/STM32G4xx_HAL_Driver/Src/stm32g4xx_hal_adc.o
 .text.LL_ADC_IsEnabled
                0x0800259c       0x26 ./Drivers/STM32G4xx_HAL_Driver/Src/stm32g4xx_hal_adc.o
 .text.LL_ADC_REG_StartConversion
                0x080025c2       0x28 ./Drivers/STM32G4xx_HAL_Driver/Src/stm32g4xx_hal_adc.o
 .text.LL_ADC_REG_IsConversionOngoing
                0x080025ea       0x26 ./Drivers/STM32G4xx_HAL_Driver/Src/stm32g4xx_hal_adc.o
 .text.LL_ADC_INJ_IsConversionOngoing
                0x08002610       0x26 ./Drivers/STM32G4xx_HAL_Driver/Src/stm32g4xx_hal_adc.o
 *fill*         0x08002636        0x2 
 .text.HAL_ADC_Init
                0x08002638      0x378 ./Drivers/STM32G4xx_HAL_Driver/Src/stm32g4xx_hal_adc.o
                0x08002638                HAL_ADC_Init
 .text.HAL_ADC_Start_DMA
                0x080029b0      0x1a8 ./Drivers/STM32G4xx_HAL_Driver/Src/stm32g4xx_hal_adc.o
                0x080029b0                HAL_ADC_Start_DMA
 .text.HAL_ADC_IRQHandler
                0x08002b58      0x4c0 ./Drivers/STM32G4xx_HAL_Driver/Src/stm32g4xx_hal_adc.o
                0x08002b58                HAL_ADC_IRQHandler
 .text.HAL_ADC_LevelOutOfWindowCallback
                0x08003018       0x14 ./Drivers/STM32G4xx_HAL_Driver/Src/stm32g4xx_hal_adc.o
                0x08003018                HAL_ADC_LevelOutOfWindowCallback
 .text.HAL_ADC_ErrorCallback
                0x0800302c       0x14 ./Drivers/STM32G4xx_HAL_Driver/Src/stm32g4xx_hal_adc.o
                0x0800302c                HAL_ADC_ErrorCallback
 .text.HAL_ADC_ConfigChannel
                0x08003040      0x880 ./Drivers/STM32G4xx_HAL_Driver/Src/stm32g4xx_hal_adc.o
                0x08003040                HAL_ADC_ConfigChannel
 .text.ADC_Enable
                0x080038c0      0x12c ./Drivers/STM32G4xx_HAL_Driver/Src/stm32g4xx_hal_adc.o
                0x080038c0                ADC_Enable
 .text.ADC_DMAConvCplt
                0x080039ec       0xd8 ./Drivers/STM32G4xx_HAL_Driver/Src/stm32g4xx_hal_adc.o
                0x080039ec                ADC_DMAConvCplt
 .text.ADC_DMAHalfConvCplt
                0x08003ac4       0x1c ./Drivers/STM32G4xx_HAL_Driver/Src/stm32g4xx_hal_adc.o
                0x08003ac4                ADC_DMAHalfConvCplt
 .text.ADC_DMAError
                0x08003ae0       0x34 ./Drivers/STM32G4xx_HAL_Driver/Src/stm32g4xx_hal_adc.o
                0x08003ae0                ADC_DMAError
 .text.LL_ADC_IsEnabled
                0x08003b14       0x26 ./Drivers/STM32G4xx_HAL_Driver/Src/stm32g4xx_hal_adc_ex.o
 .text.LL_ADC_REG_IsConversionOngoing
                0x08003b3a       0x26 ./Drivers/STM32G4xx_HAL_Driver/Src/stm32g4xx_hal_adc_ex.o
 .text.HAL_ADCEx_InjectedConvCpltCallback
                0x08003b60       0x14 ./Drivers/STM32G4xx_HAL_Driver/Src/stm32g4xx_hal_adc_ex.o
                0x08003b60                HAL_ADCEx_InjectedConvCpltCallback
 .text.HAL_ADCEx_InjectedQueueOverflowCallback
                0x08003b74       0x14 ./Drivers/STM32G4xx_HAL_Driver/Src/stm32g4xx_hal_adc_ex.o
                0x08003b74                HAL_ADCEx_InjectedQueueOverflowCallback
 .text.HAL_ADCEx_LevelOutOfWindow2Callback
                0x08003b88       0x14 ./Drivers/STM32G4xx_HAL_Driver/Src/stm32g4xx_hal_adc_ex.o
                0x08003b88                HAL_ADCEx_LevelOutOfWindow2Callback
 .text.HAL_ADCEx_LevelOutOfWindow3Callback
                0x08003b9c       0x14 ./Drivers/STM32G4xx_HAL_Driver/Src/stm32g4xx_hal_adc_ex.o
                0x08003b9c                HAL_ADCEx_LevelOutOfWindow3Callback
 .text.HAL_ADCEx_EndOfSamplingCallback
                0x08003bb0       0x14 ./Drivers/STM32G4xx_HAL_Driver/Src/stm32g4xx_hal_adc_ex.o
                0x08003bb0                HAL_ADCEx_EndOfSamplingCallback
 .text.HAL_ADCEx_MultiModeConfigChannel
                0x08003bc4      0x210 ./Drivers/STM32G4xx_HAL_Driver/Src/stm32g4xx_hal_adc_ex.o
                0x08003bc4                HAL_ADCEx_MultiModeConfigChannel
 .text.__NVIC_SetPriorityGrouping
                0x08003dd4       0x48 ./Drivers/STM32G4xx_HAL_Driver/Src/stm32g4xx_hal_cortex.o
 .text.__NVIC_GetPriorityGrouping
                0x08003e1c       0x1c ./Drivers/STM32G4xx_HAL_Driver/Src/stm32g4xx_hal_cortex.o
 .text.__NVIC_EnableIRQ
                0x08003e38       0x3c ./Drivers/STM32G4xx_HAL_Driver/Src/stm32g4xx_hal_cortex.o
 .text.__NVIC_SetPriority
                0x08003e74       0x54 ./Drivers/STM32G4xx_HAL_Driver/Src/stm32g4xx_hal_cortex.o
 .text.NVIC_EncodePriority
                0x08003ec8       0x66 ./Drivers/STM32G4xx_HAL_Driver/Src/stm32g4xx_hal_cortex.o
 *fill*         0x08003f2e        0x2 
 .text.SysTick_Config
                0x08003f30       0x44 ./Drivers/STM32G4xx_HAL_Driver/Src/stm32g4xx_hal_cortex.o
 .text.HAL_NVIC_SetPriorityGrouping
                0x08003f74       0x16 ./Drivers/STM32G4xx_HAL_Driver/Src/stm32g4xx_hal_cortex.o
                0x08003f74                HAL_NVIC_SetPriorityGrouping
 .text.HAL_NVIC_SetPriority
                0x08003f8a       0x34 ./Drivers/STM32G4xx_HAL_Driver/Src/stm32g4xx_hal_cortex.o
                0x08003f8a                HAL_NVIC_SetPriority
 .text.HAL_NVIC_EnableIRQ
                0x08003fbe       0x1c ./Drivers/STM32G4xx_HAL_Driver/Src/stm32g4xx_hal_cortex.o
                0x08003fbe                HAL_NVIC_EnableIRQ
 .text.HAL_SYSTICK_Config
                0x08003fda       0x18 ./Drivers/STM32G4xx_HAL_Driver/Src/stm32g4xx_hal_cortex.o
                0x08003fda                HAL_SYSTICK_Config
 *fill*         0x08003ff2        0x2 
 .text.HAL_DMA_Init
                0x08003ff4      0x150 ./Drivers/STM32G4xx_HAL_Driver/Src/stm32g4xx_hal_dma.o
                0x08003ff4                HAL_DMA_Init
 .text.HAL_DMA_Start_IT
                0x08004144       0xf6 ./Drivers/STM32G4xx_HAL_Driver/Src/stm32g4xx_hal_dma.o
                0x08004144                HAL_DMA_Start_IT
 .text.HAL_DMA_IRQHandler
                0x0800423a      0x15e ./Drivers/STM32G4xx_HAL_Driver/Src/stm32g4xx_hal_dma.o
                0x0800423a                HAL_DMA_IRQHandler
 .text.DMA_SetConfig
                0x08004398       0x7c ./Drivers/STM32G4xx_HAL_Driver/Src/stm32g4xx_hal_dma.o
 .text.DMA_CalcDMAMUXChannelBaseAndMask
                0x08004414       0x7c ./Drivers/STM32G4xx_HAL_Driver/Src/stm32g4xx_hal_dma.o
 .text.DMA_CalcDMAMUXRequestGenBaseAndMask
                0x08004490       0x48 ./Drivers/STM32G4xx_HAL_Driver/Src/stm32g4xx_hal_dma.o
 .text.HAL_GPIO_Init
                0x080044d8      0x304 ./Drivers/STM32G4xx_HAL_Driver/Src/stm32g4xx_hal_gpio.o
                0x080044d8                HAL_GPIO_Init
 .text.HAL_GPIO_WritePin
                0x080047dc       0x30 ./Drivers/STM32G4xx_HAL_Driver/Src/stm32g4xx_hal_gpio.o
                0x080047dc                HAL_GPIO_WritePin
 .text.HAL_GPIO_EXTI_IRQHandler
                0x0800480c       0x30 ./Drivers/STM32G4xx_HAL_Driver/Src/stm32g4xx_hal_gpio.o
                0x0800480c                HAL_GPIO_EXTI_IRQHandler
 .text.HAL_GPIO_EXTI_Callback
                0x0800483c       0x16 ./Drivers/STM32G4xx_HAL_Driver/Src/stm32g4xx_hal_gpio.o
                0x0800483c                HAL_GPIO_EXTI_Callback
 *fill*         0x08004852        0x2 
 .text.HAL_OPAMP_Init
                0x08004854      0x1a0 ./Drivers/STM32G4xx_HAL_Driver/Src/stm32g4xx_hal_opamp.o
                0x08004854                HAL_OPAMP_Init
 .text.HAL_OPAMP_Start
                0x080049f4       0x62 ./Drivers/STM32G4xx_HAL_Driver/Src/stm32g4xx_hal_opamp.o
                0x080049f4                HAL_OPAMP_Start
 .text.HAL_PCD_Init
                0x08004a56      0x19c ./Drivers/STM32G4xx_HAL_Driver/Src/stm32g4xx_hal_pcd.o
                0x08004a56                HAL_PCD_Init
 .text.HAL_PCD_Start
                0x08004bf2       0x44 ./Drivers/STM32G4xx_HAL_Driver/Src/stm32g4xx_hal_pcd.o
                0x08004bf2                HAL_PCD_Start
 .text.HAL_PCD_IRQHandler
                0x08004c36      0x24e ./Drivers/STM32G4xx_HAL_Driver/Src/stm32g4xx_hal_pcd.o
                0x08004c36                HAL_PCD_IRQHandler
 .text.HAL_PCD_SetAddress
                0x08004e84       0x48 ./Drivers/STM32G4xx_HAL_Driver/Src/stm32g4xx_hal_pcd.o
                0x08004e84                HAL_PCD_SetAddress
 .text.HAL_PCD_EP_Open
                0x08004ecc       0xba ./Drivers/STM32G4xx_HAL_Driver/Src/stm32g4xx_hal_pcd.o
                0x08004ecc                HAL_PCD_EP_Open
 .text.HAL_PCD_EP_Close
                0x08004f86       0x90 ./Drivers/STM32G4xx_HAL_Driver/Src/stm32g4xx_hal_pcd.o
                0x08004f86                HAL_PCD_EP_Close
 .text.HAL_PCD_EP_Receive
                0x08005016       0x62 ./Drivers/STM32G4xx_HAL_Driver/Src/stm32g4xx_hal_pcd.o
                0x08005016                HAL_PCD_EP_Receive
 .text.HAL_PCD_EP_GetRxCount
                0x08005078       0x30 ./Drivers/STM32G4xx_HAL_Driver/Src/stm32g4xx_hal_pcd.o
                0x08005078                HAL_PCD_EP_GetRxCount
 .text.HAL_PCD_EP_Transmit
                0x080050a8       0x6e ./Drivers/STM32G4xx_HAL_Driver/Src/stm32g4xx_hal_pcd.o
                0x080050a8                HAL_PCD_EP_Transmit
 .text.HAL_PCD_EP_SetStall
                0x08005116       0xa4 ./Drivers/STM32G4xx_HAL_Driver/Src/stm32g4xx_hal_pcd.o
                0x08005116                HAL_PCD_EP_SetStall
 .text.HAL_PCD_EP_ClrStall
                0x080051ba       0xa8 ./Drivers/STM32G4xx_HAL_Driver/Src/stm32g4xx_hal_pcd.o
                0x080051ba                HAL_PCD_EP_ClrStall
 .text.PCD_EP_ISR_Handler
                0x08005262      0x782 ./Drivers/STM32G4xx_HAL_Driver/Src/stm32g4xx_hal_pcd.o
 .text.HAL_PCD_EP_DB_Receive
                0x080059e4      0x212 ./Drivers/STM32G4xx_HAL_Driver/Src/stm32g4xx_hal_pcd.o
 .text.HAL_PCD_EP_DB_Transmit
                0x08005bf6      0x7ec ./Drivers/STM32G4xx_HAL_Driver/Src/stm32g4xx_hal_pcd.o
 .text.HAL_PCDEx_PMAConfig
                0x080063e2       0x86 ./Drivers/STM32G4xx_HAL_Driver/Src/stm32g4xx_hal_pcd_ex.o
                0x080063e2                HAL_PCDEx_PMAConfig
 .text.HAL_PCDEx_ActivateLPM
                0x08006468       0x54 ./Drivers/STM32G4xx_HAL_Driver/Src/stm32g4xx_hal_pcd_ex.o
                0x08006468                HAL_PCDEx_ActivateLPM
 .text.HAL_PWREx_ControlVoltageScaling
                0x080064bc      0x148 ./Drivers/STM32G4xx_HAL_Driver/Src/stm32g4xx_hal_pwr_ex.o
                0x080064bc                HAL_PWREx_ControlVoltageScaling
 .text.HAL_PWREx_DisableUCPDDeadBattery
                0x08006604       0x20 ./Drivers/STM32G4xx_HAL_Driver/Src/stm32g4xx_hal_pwr_ex.o
                0x08006604                HAL_PWREx_DisableUCPDDeadBattery
 .text.HAL_RCC_OscConfig
                0x08006624      0x624 ./Drivers/STM32G4xx_HAL_Driver/Src/stm32g4xx_hal_rcc.o
                0x08006624                HAL_RCC_OscConfig
 .text.HAL_RCC_ClockConfig
                0x08006c48      0x278 ./Drivers/STM32G4xx_HAL_Driver/Src/stm32g4xx_hal_rcc.o
                0x08006c48                HAL_RCC_ClockConfig
 .text.HAL_RCC_GetSysClockFreq
                0x08006ec0       0xc4 ./Drivers/STM32G4xx_HAL_Driver/Src/stm32g4xx_hal_rcc.o
                0x08006ec0                HAL_RCC_GetSysClockFreq
 .text.RCC_GetSysClockFreqFromPLLSource
                0x08006f84       0x8c ./Drivers/STM32G4xx_HAL_Driver/Src/stm32g4xx_hal_rcc.o
 .text.HAL_RCCEx_PeriphCLKConfig
                0x08007010      0x49c ./Drivers/STM32G4xx_HAL_Driver/Src/stm32g4xx_hal_rcc_ex.o
                0x08007010                HAL_RCCEx_PeriphCLKConfig
 .text.HAL_TIM_Base_Init
                0x080074ac       0xae ./Drivers/STM32G4xx_HAL_Driver/Src/stm32g4xx_hal_tim.o
                0x080074ac                HAL_TIM_Base_Init
 *fill*         0x0800755a        0x2 
 .text.HAL_TIM_Base_Start
                0x0800755c       0xe0 ./Drivers/STM32G4xx_HAL_Driver/Src/stm32g4xx_hal_tim.o
                0x0800755c                HAL_TIM_Base_Start
 .text.HAL_TIM_Base_Start_IT
                0x0800763c       0xf0 ./Drivers/STM32G4xx_HAL_Driver/Src/stm32g4xx_hal_tim.o
                0x0800763c                HAL_TIM_Base_Start_IT
 .text.HAL_TIM_OC_Init
                0x0800772c       0xae ./Drivers/STM32G4xx_HAL_Driver/Src/stm32g4xx_hal_tim.o
                0x0800772c                HAL_TIM_OC_Init
 .text.HAL_TIM_OC_MspInit
                0x080077da       0x14 ./Drivers/STM32G4xx_HAL_Driver/Src/stm32g4xx_hal_tim.o
                0x080077da                HAL_TIM_OC_MspInit
 *fill*         0x080077ee        0x2 
 .text.HAL_TIM_OC_Start
                0x080077f0      0x224 ./Drivers/STM32G4xx_HAL_Driver/Src/stm32g4xx_hal_tim.o
                0x080077f0                HAL_TIM_OC_Start
 .text.HAL_TIM_PWM_Init
                0x08007a14       0xae ./Drivers/STM32G4xx_HAL_Driver/Src/stm32g4xx_hal_tim.o
                0x08007a14                HAL_TIM_PWM_Init
 .text.HAL_TIM_PWM_MspInit
                0x08007ac2       0x14 ./Drivers/STM32G4xx_HAL_Driver/Src/stm32g4xx_hal_tim.o
                0x08007ac2                HAL_TIM_PWM_MspInit
 *fill*         0x08007ad6        0x2 
 .text.HAL_TIM_PWM_Start
                0x08007ad8      0x224 ./Drivers/STM32G4xx_HAL_Driver/Src/stm32g4xx_hal_tim.o
                0x08007ad8                HAL_TIM_PWM_Start
 .text.HAL_TIM_PWM_Start_DMA
                0x08007cfc      0x458 ./Drivers/STM32G4xx_HAL_Driver/Src/stm32g4xx_hal_tim.o
                0x08007cfc                HAL_TIM_PWM_Start_DMA
 .text.HAL_TIM_IC_Init
                0x08008154       0xae ./Drivers/STM32G4xx_HAL_Driver/Src/stm32g4xx_hal_tim.o
                0x08008154                HAL_TIM_IC_Init
 .text.HAL_TIM_IC_MspInit
                0x08008202       0x14 ./Drivers/STM32G4xx_HAL_Driver/Src/stm32g4xx_hal_tim.o
                0x08008202                HAL_TIM_IC_MspInit
 *fill*         0x08008216        0x2 
 .text.HAL_TIM_IC_Start_IT
                0x08008218      0x2a0 ./Drivers/STM32G4xx_HAL_Driver/Src/stm32g4xx_hal_tim.o
                0x08008218                HAL_TIM_IC_Start_IT
 .text.HAL_TIM_IRQHandler
                0x080084b8      0x29e ./Drivers/STM32G4xx_HAL_Driver/Src/stm32g4xx_hal_tim.o
                0x080084b8                HAL_TIM_IRQHandler
 *fill*         0x08008756        0x2 
 .text.HAL_TIM_OC_ConfigChannel
                0x08008758       0xf4 ./Drivers/STM32G4xx_HAL_Driver/Src/stm32g4xx_hal_tim.o
                0x08008758                HAL_TIM_OC_ConfigChannel
 .text.HAL_TIM_IC_ConfigChannel
                0x0800884c      0x138 ./Drivers/STM32G4xx_HAL_Driver/Src/stm32g4xx_hal_tim.o
                0x0800884c                HAL_TIM_IC_ConfigChannel
 .text.HAL_TIM_PWM_ConfigChannel
                0x08008984      0x228 ./Drivers/STM32G4xx_HAL_Driver/Src/stm32g4xx_hal_tim.o
                0x08008984                HAL_TIM_PWM_ConfigChannel
 .text.HAL_TIM_ConfigClockSource
                0x08008bac      0x22c ./Drivers/STM32G4xx_HAL_Driver/Src/stm32g4xx_hal_tim.o
                0x08008bac                HAL_TIM_ConfigClockSource
 .text.HAL_TIM_SlaveConfigSynchro
                0x08008dd8       0x84 ./Drivers/STM32G4xx_HAL_Driver/Src/stm32g4xx_hal_tim.o
                0x08008dd8                HAL_TIM_SlaveConfigSynchro
 .text.HAL_TIM_ReadCapturedValue
                0x08008e5c       0x88 ./Drivers/STM32G4xx_HAL_Driver/Src/stm32g4xx_hal_tim.o
                0x08008e5c                HAL_TIM_ReadCapturedValue
 .text.HAL_TIM_PeriodElapsedCallback
                0x08008ee4       0x14 ./Drivers/STM32G4xx_HAL_Driver/Src/stm32g4xx_hal_tim.o
                0x08008ee4                HAL_TIM_PeriodElapsedCallback
 .text.HAL_TIM_OC_DelayElapsedCallback
                0x08008ef8       0x14 ./Drivers/STM32G4xx_HAL_Driver/Src/stm32g4xx_hal_tim.o
                0x08008ef8                HAL_TIM_OC_DelayElapsedCallback
 .text.HAL_TIM_PWM_PulseFinishedCallback
                0x08008f0c       0x14 ./Drivers/STM32G4xx_HAL_Driver/Src/stm32g4xx_hal_tim.o
                0x08008f0c                HAL_TIM_PWM_PulseFinishedCallback
 .text.HAL_TIM_PWM_PulseFinishedHalfCpltCallback
                0x08008f20       0x14 ./Drivers/STM32G4xx_HAL_Driver/Src/stm32g4xx_hal_tim.o
                0x08008f20                HAL_TIM_PWM_PulseFinishedHalfCpltCallback
 .text.HAL_TIM_TriggerCallback
                0x08008f34       0x14 ./Drivers/STM32G4xx_HAL_Driver/Src/stm32g4xx_hal_tim.o
                0x08008f34                HAL_TIM_TriggerCallback
 .text.HAL_TIM_ErrorCallback
                0x08008f48       0x14 ./Drivers/STM32G4xx_HAL_Driver/Src/stm32g4xx_hal_tim.o
                0x08008f48                HAL_TIM_ErrorCallback
 .text.TIM_DMAError
                0x08008f5c       0x92 ./Drivers/STM32G4xx_HAL_Driver/Src/stm32g4xx_hal_tim.o
                0x08008f5c                TIM_DMAError
 .text.TIM_DMADelayPulseCplt
                0x08008fee       0xa8 ./Drivers/STM32G4xx_HAL_Driver/Src/stm32g4xx_hal_tim.o
 .text.TIM_DMADelayPulseHalfCplt
                0x08009096       0x68 ./Drivers/STM32G4xx_HAL_Driver/Src/stm32g4xx_hal_tim.o
                0x08009096                TIM_DMADelayPulseHalfCplt
 *fill*         0x080090fe        0x2 
 .text.TIM_Base_SetConfig
                0x08009100      0x168 ./Drivers/STM32G4xx_HAL_Driver/Src/stm32g4xx_hal_tim.o
                0x08009100                TIM_Base_SetConfig
 .text.TIM_OC1_SetConfig
                0x08009268      0x134 ./Drivers/STM32G4xx_HAL_Driver/Src/stm32g4xx_hal_tim.o
 .text.TIM_OC2_SetConfig
                0x0800939c      0x128 ./Drivers/STM32G4xx_HAL_Driver/Src/stm32g4xx_hal_tim.o
                0x0800939c                TIM_OC2_SetConfig
 .text.TIM_OC3_SetConfig
                0x080094c4      0x124 ./Drivers/STM32G4xx_HAL_Driver/Src/stm32g4xx_hal_tim.o
 .text.TIM_OC4_SetConfig
                0x080095e8      0x128 ./Drivers/STM32G4xx_HAL_Driver/Src/stm32g4xx_hal_tim.o
 .text.TIM_OC5_SetConfig
                0x08009710       0xd4 ./Drivers/STM32G4xx_HAL_Driver/Src/stm32g4xx_hal_tim.o
 .text.TIM_OC6_SetConfig
                0x080097e4       0xd8 ./Drivers/STM32G4xx_HAL_Driver/Src/stm32g4xx_hal_tim.o
 .text.TIM_SlaveTimer_SetConfig
                0x080098bc      0x1c0 ./Drivers/STM32G4xx_HAL_Driver/Src/stm32g4xx_hal_tim.o
 .text.TIM_TI1_SetConfig
                0x08009a7c       0xe8 ./Drivers/STM32G4xx_HAL_Driver/Src/stm32g4xx_hal_tim.o
                0x08009a7c                TIM_TI1_SetConfig
 .text.TIM_TI1_ConfigInputStage
                0x08009b64       0x5e ./Drivers/STM32G4xx_HAL_Driver/Src/stm32g4xx_hal_tim.o
 .text.TIM_TI2_SetConfig
                0x08009bc2       0x7a ./Drivers/STM32G4xx_HAL_Driver/Src/stm32g4xx_hal_tim.o
 .text.TIM_TI2_ConfigInputStage
                0x08009c3c       0x60 ./Drivers/STM32G4xx_HAL_Driver/Src/stm32g4xx_hal_tim.o
 .text.TIM_TI3_SetConfig
                0x08009c9c       0x78 ./Drivers/STM32G4xx_HAL_Driver/Src/stm32g4xx_hal_tim.o
 .text.TIM_TI4_SetConfig
                0x08009d14       0x7a ./Drivers/STM32G4xx_HAL_Driver/Src/stm32g4xx_hal_tim.o
 .text.TIM_ITRx_SetConfig
                0x08009d8e       0x3a ./Drivers/STM32G4xx_HAL_Driver/Src/stm32g4xx_hal_tim.o
 .text.TIM_ETR_SetConfig
                0x08009dc8       0x40 ./Drivers/STM32G4xx_HAL_Driver/Src/stm32g4xx_hal_tim.o
                0x08009dc8                TIM_ETR_SetConfig
 .text.TIM_CCxChannelCmd
                0x08009e08       0x4a ./Drivers/STM32G4xx_HAL_Driver/Src/stm32g4xx_hal_tim.o
                0x08009e08                TIM_CCxChannelCmd
 *fill*         0x08009e52        0x2 
 .text.HAL_TIMEx_MasterConfigSynchronization
                0x08009e54      0x12c ./Drivers/STM32G4xx_HAL_Driver/Src/stm32g4xx_hal_tim_ex.o
                0x08009e54                HAL_TIMEx_MasterConfigSynchronization
 .text.HAL_TIMEx_ConfigBreakDeadTime
                0x08009f80      0x128 ./Drivers/STM32G4xx_HAL_Driver/Src/stm32g4xx_hal_tim_ex.o
                0x08009f80                HAL_TIMEx_ConfigBreakDeadTime
 .text.HAL_TIMEx_CommutCallback
                0x0800a0a8       0x14 ./Drivers/STM32G4xx_HAL_Driver/Src/stm32g4xx_hal_tim_ex.o
                0x0800a0a8                HAL_TIMEx_CommutCallback
 .text.HAL_TIMEx_BreakCallback
                0x0800a0bc       0x14 ./Drivers/STM32G4xx_HAL_Driver/Src/stm32g4xx_hal_tim_ex.o
                0x0800a0bc                HAL_TIMEx_BreakCallback
 .text.HAL_TIMEx_Break2Callback
                0x0800a0d0       0x14 ./Drivers/STM32G4xx_HAL_Driver/Src/stm32g4xx_hal_tim_ex.o
                0x0800a0d0                HAL_TIMEx_Break2Callback
 .text.HAL_TIMEx_EncoderIndexCallback
                0x0800a0e4       0x14 ./Drivers/STM32G4xx_HAL_Driver/Src/stm32g4xx_hal_tim_ex.o
                0x0800a0e4                HAL_TIMEx_EncoderIndexCallback
 .text.HAL_TIMEx_DirectionChangeCallback
                0x0800a0f8       0x14 ./Drivers/STM32G4xx_HAL_Driver/Src/stm32g4xx_hal_tim_ex.o
                0x0800a0f8                HAL_TIMEx_DirectionChangeCallback
 .text.HAL_TIMEx_IndexErrorCallback
                0x0800a10c       0x14 ./Drivers/STM32G4xx_HAL_Driver/Src/stm32g4xx_hal_tim_ex.o
                0x0800a10c                HAL_TIMEx_IndexErrorCallback
 .text.HAL_TIMEx_TransitionErrorCallback
                0x0800a120       0x14 ./Drivers/STM32G4xx_HAL_Driver/Src/stm32g4xx_hal_tim_ex.o
                0x0800a120                HAL_TIMEx_TransitionErrorCallback
 .text.USB_EnableGlobalInt
                0x0800a134       0x2e ./Drivers/STM32G4xx_HAL_Driver/Src/stm32g4xx_ll_usb.o
                0x0800a134                USB_EnableGlobalInt
 .text.USB_DisableGlobalInt
                0x0800a162       0x36 ./Drivers/STM32G4xx_HAL_Driver/Src/stm32g4xx_ll_usb.o
                0x0800a162                USB_DisableGlobalInt
 .text.USB_DevInit
                0x0800a198       0x3c ./Drivers/STM32G4xx_HAL_Driver/Src/stm32g4xx_ll_usb.o
                0x0800a198                USB_DevInit
 .text.USB_ActivateEndpoint
                0x0800a1d4      0x788 ./Drivers/STM32G4xx_HAL_Driver/Src/stm32g4xx_ll_usb.o
                0x0800a1d4                USB_ActivateEndpoint
 .text.USB_DeactivateEndpoint
                0x0800a95c      0x3da ./Drivers/STM32G4xx_HAL_Driver/Src/stm32g4xx_ll_usb.o
                0x0800a95c                USB_DeactivateEndpoint
 .text.USB_EPStartXfer
                0x0800ad36     0x1762 ./Drivers/STM32G4xx_HAL_Driver/Src/stm32g4xx_ll_usb.o
                0x0800ad36                USB_EPStartXfer
 .text.USB_EPSetStall
                0x0800c498       0xa2 ./Drivers/STM32G4xx_HAL_Driver/Src/stm32g4xx_ll_usb.o
                0x0800c498                USB_EPSetStall
 .text.USB_EPClearStall
                0x0800c53a      0x15c ./Drivers/STM32G4xx_HAL_Driver/Src/stm32g4xx_ll_usb.o
                0x0800c53a                USB_EPClearStall
 .text.USB_SetDevAddress
                0x0800c696       0x28 ./Drivers/STM32G4xx_HAL_Driver/Src/stm32g4xx_ll_usb.o
                0x0800c696                USB_SetDevAddress
 .text.USB_DevConnect
                0x0800c6be       0x2e ./Drivers/STM32G4xx_HAL_Driver/Src/stm32g4xx_ll_usb.o
                0x0800c6be                USB_DevConnect
 .text.USB_ReadInterrupts
                0x0800c6ec       0x20 ./Drivers/STM32G4xx_HAL_Driver/Src/stm32g4xx_ll_usb.o
                0x0800c6ec                USB_ReadInterrupts
 .text.USB_WritePMA
                0x0800c70c       0x84 ./Drivers/STM32G4xx_HAL_Driver/Src/stm32g4xx_ll_usb.o
                0x0800c70c                USB_WritePMA
 .text.USB_ReadPMA
                0x0800c790       0x98 ./Drivers/STM32G4xx_HAL_Driver/Src/stm32g4xx_ll_usb.o
                0x0800c790                USB_ReadPMA
 .text.USBD_CDC_Init
                0x0800c828       0xfe ./Middlewares/ST/STM32_USB_Device_Library/Class/CDC/Src/usbd_cdc.o
 .text.USBD_CDC_DeInit
                0x0800c926       0x74 ./Middlewares/ST/STM32_USB_Device_Library/Class/CDC/Src/usbd_cdc.o
 *fill*         0x0800c99a        0x2 
 .text.USBD_CDC_Setup
                0x0800c99c      0x190 ./Middlewares/ST/STM32_USB_Device_Library/Class/CDC/Src/usbd_cdc.o
 .text.USBD_CDC_DataIn
                0x0800cb2c       0xca ./Middlewares/ST/STM32_USB_Device_Library/Class/CDC/Src/usbd_cdc.o
 .text.USBD_CDC_DataOut
                0x0800cbf6       0x56 ./Middlewares/ST/STM32_USB_Device_Library/Class/CDC/Src/usbd_cdc.o
 .text.USBD_CDC_EP0_RxReady
                0x0800cc4c       0x58 ./Middlewares/ST/STM32_USB_Device_Library/Class/CDC/Src/usbd_cdc.o
 .text.USBD_CDC_GetFSCfgDesc
                0x0800cca4       0x20 ./Middlewares/ST/STM32_USB_Device_Library/Class/CDC/Src/usbd_cdc.o
 .text.USBD_CDC_GetHSCfgDesc
                0x0800ccc4       0x20 ./Middlewares/ST/STM32_USB_Device_Library/Class/CDC/Src/usbd_cdc.o
 .text.USBD_CDC_GetOtherSpeedCfgDesc
                0x0800cce4       0x20 ./Middlewares/ST/STM32_USB_Device_Library/Class/CDC/Src/usbd_cdc.o
 .text.USBD_CDC_GetDeviceQualifierDescriptor
                0x0800cd04       0x20 ./Middlewares/ST/STM32_USB_Device_Library/Class/CDC/Src/usbd_cdc.o
                0x0800cd04                USBD_CDC_GetDeviceQualifierDescriptor
 .text.USBD_CDC_RegisterInterface
                0x0800cd24       0x2a ./Middlewares/ST/STM32_USB_Device_Library/Class/CDC/Src/usbd_cdc.o
                0x0800cd24                USBD_CDC_RegisterInterface
 .text.USBD_CDC_SetTxBuffer
                0x0800cd4e       0x3c ./Middlewares/ST/STM32_USB_Device_Library/Class/CDC/Src/usbd_cdc.o
                0x0800cd4e                USBD_CDC_SetTxBuffer
 .text.USBD_CDC_SetRxBuffer
                0x0800cd8a       0x32 ./Middlewares/ST/STM32_USB_Device_Library/Class/CDC/Src/usbd_cdc.o
                0x0800cd8a                USBD_CDC_SetRxBuffer
 .text.USBD_CDC_TransmitPacket
                0x0800cdbc       0x60 ./Middlewares/ST/STM32_USB_Device_Library/Class/CDC/Src/usbd_cdc.o
                0x0800cdbc                USBD_CDC_TransmitPacket
 .text.USBD_CDC_ReceivePacket
                0x0800ce1c       0x54 ./Middlewares/ST/STM32_USB_Device_Library/Class/CDC/Src/usbd_cdc.o
                0x0800ce1c                USBD_CDC_ReceivePacket
 .text.USBD_Init
                0x0800ce70       0x60 ./Middlewares/ST/STM32_USB_Device_Library/Core/Src/usbd_core.o
                0x0800ce70                USBD_Init
 .text.USBD_RegisterClass
                0x0800ced0       0x4e ./Middlewares/ST/STM32_USB_Device_Library/Core/Src/usbd_core.o
                0x0800ced0                USBD_RegisterClass
 .text.USBD_Start
                0x0800cf1e       0x18 ./Middlewares/ST/STM32_USB_Device_Library/Core/Src/usbd_core.o
                0x0800cf1e                USBD_Start
 .text.USBD_RunTestMode
                0x0800cf36       0x16 ./Middlewares/ST/STM32_USB_Device_Library/Core/Src/usbd_core.o
                0x0800cf36                USBD_RunTestMode
 .text.USBD_SetClassConfig
                0x0800cf4c       0x38 ./Middlewares/ST/STM32_USB_Device_Library/Core/Src/usbd_core.o
                0x0800cf4c                USBD_SetClassConfig
 .text.USBD_ClrClassConfig
                0x0800cf84       0x30 ./Middlewares/ST/STM32_USB_Device_Library/Core/Src/usbd_core.o
                0x0800cf84                USBD_ClrClassConfig
 .text.USBD_LL_SetupStage
                0x0800cfb4       0xaa ./Middlewares/ST/STM32_USB_Device_Library/Core/Src/usbd_core.o
                0x0800cfb4                USBD_LL_SetupStage
 .text.USBD_LL_DataOutStage
                0x0800d05e       0xc6 ./Middlewares/ST/STM32_USB_Device_Library/Core/Src/usbd_core.o
                0x0800d05e                USBD_LL_DataOutStage
 .text.USBD_LL_DataInStage
                0x0800d124      0x12c ./Middlewares/ST/STM32_USB_Device_Library/Core/Src/usbd_core.o
                0x0800d124                USBD_LL_DataInStage
 .text.USBD_LL_Reset
                0x0800d250       0x9c ./Middlewares/ST/STM32_USB_Device_Library/Core/Src/usbd_core.o
                0x0800d250                USBD_LL_Reset
 .text.USBD_LL_SetSpeed
                0x0800d2ec       0x20 ./Middlewares/ST/STM32_USB_Device_Library/Core/Src/usbd_core.o
                0x0800d2ec                USBD_LL_SetSpeed
 .text.USBD_LL_Suspend
                0x0800d30c       0x2c ./Middlewares/ST/STM32_USB_Device_Library/Core/Src/usbd_core.o
                0x0800d30c                USBD_LL_Suspend
 .text.USBD_LL_Resume
                0x0800d338       0x30 ./Middlewares/ST/STM32_USB_Device_Library/Core/Src/usbd_core.o
                0x0800d338                USBD_LL_Resume
 .text.USBD_LL_SOF
                0x0800d368       0x44 ./Middlewares/ST/STM32_USB_Device_Library/Core/Src/usbd_core.o
                0x0800d368                USBD_LL_SOF
 .text.SWAPBYTE
                0x0800d3ac       0x3c ./Middlewares/ST/STM32_USB_Device_Library/Core/Src/usbd_ctlreq.o
 .text.USBD_StdDevReq
                0x0800d3e8       0xdc ./Middlewares/ST/STM32_USB_Device_Library/Core/Src/usbd_ctlreq.o
                0x0800d3e8                USBD_StdDevReq
 .text.USBD_StdItfReq
                0x0800d4c4       0x92 ./Middlewares/ST/STM32_USB_Device_Library/Core/Src/usbd_ctlreq.o
                0x0800d4c4                USBD_StdItfReq
 .text.USBD_StdEPReq
                0x0800d556      0x2c4 ./Middlewares/ST/STM32_USB_Device_Library/Core/Src/usbd_ctlreq.o
                0x0800d556                USBD_StdEPReq
 *fill*         0x0800d81a        0x2 
 .text.USBD_GetDescriptor
                0x0800d81c      0x328 ./Middlewares/ST/STM32_USB_Device_Library/Core/Src/usbd_ctlreq.o
 .text.USBD_SetAddress
                0x0800db44       0x88 ./Middlewares/ST/STM32_USB_Device_Library/Core/Src/usbd_ctlreq.o
 .text.USBD_SetConfig
                0x0800dbcc      0x14c ./Middlewares/ST/STM32_USB_Device_Library/Core/Src/usbd_ctlreq.o
 .text.USBD_GetConfig
                0x0800dd18       0x6c ./Middlewares/ST/STM32_USB_Device_Library/Core/Src/usbd_ctlreq.o
 .text.USBD_GetStatus
                0x0800dd84       0x68 ./Middlewares/ST/STM32_USB_Device_Library/Core/Src/usbd_ctlreq.o
 .text.USBD_SetFeature
                0x0800ddec       0x28 ./Middlewares/ST/STM32_USB_Device_Library/Core/Src/usbd_ctlreq.o
 .text.USBD_ClrFeature
                0x0800de14       0x44 ./Middlewares/ST/STM32_USB_Device_Library/Core/Src/usbd_ctlreq.o
 .text.USBD_ParseSetupRequest
                0x0800de58       0x74 ./Middlewares/ST/STM32_USB_Device_Library/Core/Src/usbd_ctlreq.o
                0x0800de58                USBD_ParseSetupRequest
 .text.USBD_CtlError
                0x0800decc       0x22 ./Middlewares/ST/STM32_USB_Device_Library/Core/Src/usbd_ctlreq.o
                0x0800decc                USBD_CtlError
 .text.USBD_GetString
                0x0800deee       0x8c ./Middlewares/ST/STM32_USB_Device_Library/Core/Src/usbd_ctlreq.o
                0x0800deee                USBD_GetString
 .text.USBD_GetLen
                0x0800df7a       0x34 ./Middlewares/ST/STM32_USB_Device_Library/Core/Src/usbd_ctlreq.o
 .text.USBD_CtlSendData
                0x0800dfae       0x36 ./Middlewares/ST/STM32_USB_Device_Library/Core/Src/usbd_ioreq.o
                0x0800dfae                USBD_CtlSendData
 .text.USBD_CtlContinueSendData
                0x0800dfe4       0x22 ./Middlewares/ST/STM32_USB_Device_Library/Core/Src/usbd_ioreq.o
                0x0800dfe4                USBD_CtlContinueSendData
 .text.USBD_CtlPrepareRx
                0x0800e006       0x3a ./Middlewares/ST/STM32_USB_Device_Library/Core/Src/usbd_ioreq.o
                0x0800e006                USBD_CtlPrepareRx
 .text.USBD_CtlContinueRx
                0x0800e040       0x22 ./Middlewares/ST/STM32_USB_Device_Library/Core/Src/usbd_ioreq.o
                0x0800e040                USBD_CtlContinueRx
 .text.USBD_CtlSendStatus
                0x0800e062       0x26 ./Middlewares/ST/STM32_USB_Device_Library/Core/Src/usbd_ioreq.o
                0x0800e062                USBD_CtlSendStatus
 .text.USBD_CtlReceiveStatus
                0x0800e088       0x26 ./Middlewares/ST/STM32_USB_Device_Library/Core/Src/usbd_ioreq.o
                0x0800e088                USBD_CtlReceiveStatus
 *fill*         0x0800e0ae        0x2 
 .text.MX_USB_Device_Init
                0x0800e0b0       0x60 ./USB_Device/App/usb_device.o
                0x0800e0b0                MX_USB_Device_Init
 .text.CDC_Init_FS
                0x0800e110       0x28 ./USB_Device/App/usbd_cdc_if.o
 .text.CDC_DeInit_FS
                0x0800e138       0x10 ./USB_Device/App/usbd_cdc_if.o
 .text.CDC_Control_FS
                0x0800e148       0xbc ./USB_Device/App/usbd_cdc_if.o
 .text.CDC_Receive_FS
                0x0800e204       0x28 ./USB_Device/App/usbd_cdc_if.o
 .text.CDC_Transmit_FS
                0x0800e22c       0x4c ./USB_Device/App/usbd_cdc_if.o
                0x0800e22c                CDC_Transmit_FS
 .text.CDC_TransmitCplt_FS
                0x0800e278       0x22 ./USB_Device/App/usbd_cdc_if.o
 *fill*         0x0800e29a        0x2 
 .text.USBD_CDC_DeviceDescriptor
                0x0800e29c       0x24 ./USB_Device/App/usbd_desc.o
                0x0800e29c                USBD_CDC_DeviceDescriptor
 .text.USBD_CDC_LangIDStrDescriptor
                0x0800e2c0       0x24 ./USB_Device/App/usbd_desc.o
                0x0800e2c0                USBD_CDC_LangIDStrDescriptor
 .text.USBD_CDC_ProductStrDescriptor
                0x0800e2e4       0x3c ./USB_Device/App/usbd_desc.o
                0x0800e2e4                USBD_CDC_ProductStrDescriptor
 .text.USBD_CDC_ManufacturerStrDescriptor
                0x0800e320       0x28 ./USB_Device/App/usbd_desc.o
                0x0800e320                USBD_CDC_ManufacturerStrDescriptor
 .text.USBD_CDC_SerialStrDescriptor
                0x0800e348       0x24 ./USB_Device/App/usbd_desc.o
                0x0800e348                USBD_CDC_SerialStrDescriptor
 .text.USBD_CDC_ConfigStrDescriptor
                0x0800e36c       0x3c ./USB_Device/App/usbd_desc.o
                0x0800e36c                USBD_CDC_ConfigStrDescriptor
 .text.USBD_CDC_InterfaceStrDescriptor
                0x0800e3a8       0x3c ./USB_Device/App/usbd_desc.o
                0x0800e3a8                USBD_CDC_InterfaceStrDescriptor
 .text.Get_SerialNum
                0x0800e3e4       0x58 ./USB_Device/App/usbd_desc.o
 .text.IntToUnicode
                0x0800e43c       0x7e ./USB_Device/App/usbd_desc.o
 *fill*         0x0800e4ba        0x2 
 .text.HAL_PCD_MspInit
                0x0800e4bc       0x78 ./USB_Device/Target/usbd_conf.o
                0x0800e4bc                HAL_PCD_MspInit
 .text.HAL_PCD_SetupStageCallback
                0x0800e534       0x24 ./USB_Device/Target/usbd_conf.o
                0x0800e534                HAL_PCD_SetupStageCallback
 .text.HAL_PCD_DataOutStageCallback
                0x0800e558       0x36 ./USB_Device/Target/usbd_conf.o
                0x0800e558                HAL_PCD_DataOutStageCallback
 .text.HAL_PCD_DataInStageCallback
                0x0800e58e       0x34 ./USB_Device/Target/usbd_conf.o
                0x0800e58e                HAL_PCD_DataInStageCallback
 .text.HAL_PCD_SOFCallback
                0x0800e5c2       0x1c ./USB_Device/Target/usbd_conf.o
                0x0800e5c2                HAL_PCD_SOFCallback
 .text.HAL_PCD_ResetCallback
                0x0800e5de       0x3c ./USB_Device/Target/usbd_conf.o
                0x0800e5de                HAL_PCD_ResetCallback
 *fill*         0x0800e61a        0x2 
 .text.HAL_PCD_SuspendCallback
                0x0800e61c       0x34 ./USB_Device/Target/usbd_conf.o
                0x0800e61c                HAL_PCD_SuspendCallback
 .text.HAL_PCD_ResumeCallback
                0x0800e650       0x38 ./USB_Device/Target/usbd_conf.o
                0x0800e650                HAL_PCD_ResumeCallback
 .text.USBD_LL_Init
                0x0800e688       0xc0 ./USB_Device/Target/usbd_conf.o
                0x0800e688                USBD_LL_Init
 .text.USBD_LL_Start
                0x0800e748       0x36 ./USB_Device/Target/usbd_conf.o
                0x0800e748                USBD_LL_Start
 .text.USBD_LL_OpenEP
                0x0800e77e       0x4c ./USB_Device/Target/usbd_conf.o
                0x0800e77e                USBD_LL_OpenEP
 .text.USBD_LL_CloseEP
                0x0800e7ca       0x3e ./USB_Device/Target/usbd_conf.o
                0x0800e7ca                USBD_LL_CloseEP
 .text.USBD_LL_StallEP
                0x0800e808       0x3e ./USB_Device/Target/usbd_conf.o
                0x0800e808                USBD_LL_StallEP
 .text.USBD_LL_ClearStallEP
                0x0800e846       0x3e ./USB_Device/Target/usbd_conf.o
                0x0800e846                USBD_LL_ClearStallEP
 .text.USBD_LL_IsStallEP
                0x0800e884       0x58 ./USB_Device/Target/usbd_conf.o
                0x0800e884                USBD_LL_IsStallEP
 .text.USBD_LL_SetUSBAddress
                0x0800e8dc       0x3e ./USB_Device/Target/usbd_conf.o
                0x0800e8dc                USBD_LL_SetUSBAddress
 .text.USBD_LL_Transmit
                0x0800e91a       0x42 ./USB_Device/Target/usbd_conf.o
                0x0800e91a                USBD_LL_Transmit
 .text.USBD_LL_PrepareReceive
                0x0800e95c       0x42 ./USB_Device/Target/usbd_conf.o
                0x0800e95c                USBD_LL_PrepareReceive
 .text.USBD_LL_GetRxDataSize
                0x0800e99e       0x26 ./USB_Device/Target/usbd_conf.o
                0x0800e99e                USBD_LL_GetRxDataSize
 .text.HAL_PCDEx_LPM_Callback
                0x0800e9c4       0x6c ./USB_Device/Target/usbd_conf.o
                0x0800e9c4                HAL_PCDEx_LPM_Callback
 .text.USBD_static_malloc
                0x0800ea30       0x1c ./USB_Device/Target/usbd_conf.o
                0x0800ea30                USBD_static_malloc
 .text.USBD_static_free
                0x0800ea4c       0x14 ./USB_Device/Target/usbd_conf.o
                0x0800ea4c                USBD_static_free
 .text.SystemClockConfig_Resume
                0x0800ea60        0xc ./USB_Device/Target/usbd_conf.o
 .text.USBD_Get_USB_Status
                0x0800ea6c       0x58 ./USB_Device/Target/usbd_conf.o
 .text.sprintf  0x0800eac4       0x40 C:/ST/STM32CubeIDE_1.15.1/STM32CubeIDE/plugins/com.st.stm32cube.ide.mcu.externaltools.gnu-tools-for-stm32.12.3.rel1.win32_1.0.100.202403111256/tools/bin/../lib/gcc/arm-none-eabi/12.3.1/../../../../arm-none-eabi/lib/thumb/v7e-m+fp/hard\libc_nano.a(libc_a-sprintf.o)
                0x0800eac4                siprintf
                0x0800eac4                sprintf
 .text.memset   0x0800eb04       0x10 C:/ST/STM32CubeIDE_1.15.1/STM32CubeIDE/plugins/com.st.stm32cube.ide.mcu.externaltools.gnu-tools-for-stm32.12.3.rel1.win32_1.0.100.202403111256/tools/bin/../lib/gcc/arm-none-eabi/12.3.1/../../../../arm-none-eabi/lib/thumb/v7e-m+fp/hard\libc_nano.a(libc_a-memset.o)
                0x0800eb04                memset
 .text.__errno  0x0800eb14        0xc C:/ST/STM32CubeIDE_1.15.1/STM32CubeIDE/plugins/com.st.stm32cube.ide.mcu.externaltools.gnu-tools-for-stm32.12.3.rel1.win32_1.0.100.202403111256/tools/bin/../lib/gcc/arm-none-eabi/12.3.1/../../../../arm-none-eabi/lib/thumb/v7e-m+fp/hard\libc_nano.a(libc_a-errno.o)
                0x0800eb14                __errno
 .text.__libc_init_array
                0x0800eb20       0x48 C:/ST/STM32CubeIDE_1.15.1/STM32CubeIDE/plugins/com.st.stm32cube.ide.mcu.externaltools.gnu-tools-for-stm32.12.3.rel1.win32_1.0.100.202403111256/tools/bin/../lib/gcc/arm-none-eabi/12.3.1/../../../../arm-none-eabi/lib/thumb/v7e-m+fp/hard\libc_nano.a(libc_a-init.o)
                0x0800eb20                __libc_init_array
 .text.__retarget_lock_acquire_recursive
                0x0800eb68        0x2 C:/ST/STM32CubeIDE_1.15.1/STM32CubeIDE/plugins/com.st.stm32cube.ide.mcu.externaltools.gnu-tools-for-stm32.12.3.rel1.win32_1.0.100.202403111256/tools/bin/../lib/gcc/arm-none-eabi/12.3.1/../../../../arm-none-eabi/lib/thumb/v7e-m+fp/hard\libc_nano.a(libc_a-lock.o)
                0x0800eb68                __retarget_lock_acquire_recursive
 .text.__retarget_lock_release_recursive
                0x0800eb6a        0x2 C:/ST/STM32CubeIDE_1.15.1/STM32CubeIDE/plugins/com.st.stm32cube.ide.mcu.externaltools.gnu-tools-for-stm32.12.3.rel1.win32_1.0.100.202403111256/tools/bin/../lib/gcc/arm-none-eabi/12.3.1/../../../../arm-none-eabi/lib/thumb/v7e-m+fp/hard\libc_nano.a(libc_a-lock.o)
                0x0800eb6a                __retarget_lock_release_recursive
 .text._free_r  0x0800eb6c       0x94 C:/ST/STM32CubeIDE_1.15.1/STM32CubeIDE/plugins/com.st.stm32cube.ide.mcu.externaltools.gnu-tools-for-stm32.12.3.rel1.win32_1.0.100.202403111256/tools/bin/../lib/gcc/arm-none-eabi/12.3.1/../../../../arm-none-eabi/lib/thumb/v7e-m+fp/hard\libc_nano.a(libc_a-freer.o)
                0x0800eb6c                _free_r
 .text.sbrk_aligned
                0x0800ec00       0x44 C:/ST/STM32CubeIDE_1.15.1/STM32CubeIDE/plugins/com.st.stm32cube.ide.mcu.externaltools.gnu-tools-for-stm32.12.3.rel1.win32_1.0.100.202403111256/tools/bin/../lib/gcc/arm-none-eabi/12.3.1/../../../../arm-none-eabi/lib/thumb/v7e-m+fp/hard\libc_nano.a(libc_a-mallocr.o)
 .text._malloc_r
                0x0800ec44      0x100 C:/ST/STM32CubeIDE_1.15.1/STM32CubeIDE/plugins/com.st.stm32cube.ide.mcu.externaltools.gnu-tools-for-stm32.12.3.rel1.win32_1.0.100.202403111256/tools/bin/../lib/gcc/arm-none-eabi/12.3.1/../../../../arm-none-eabi/lib/thumb/v7e-m+fp/hard\libc_nano.a(libc_a-mallocr.o)
                0x0800ec44                _malloc_r
 .text.__malloc_lock
                0x0800ed44        0xc C:/ST/STM32CubeIDE_1.15.1/STM32CubeIDE/plugins/com.st.stm32cube.ide.mcu.externaltools.gnu-tools-for-stm32.12.3.rel1.win32_1.0.100.202403111256/tools/bin/../lib/gcc/arm-none-eabi/12.3.1/../../../../arm-none-eabi/lib/thumb/v7e-m+fp/hard\libc_nano.a(libc_a-mlock.o)
                0x0800ed44                __malloc_lock
 .text.__malloc_unlock
                0x0800ed50        0xc C:/ST/STM32CubeIDE_1.15.1/STM32CubeIDE/plugins/com.st.stm32cube.ide.mcu.externaltools.gnu-tools-for-stm32.12.3.rel1.win32_1.0.100.202403111256/tools/bin/../lib/gcc/arm-none-eabi/12.3.1/../../../../arm-none-eabi/lib/thumb/v7e-m+fp/hard\libc_nano.a(libc_a-mlock.o)
                0x0800ed50                __malloc_unlock
 .text.__ssputs_r
                0x0800ed5c       0xb6 C:/ST/STM32CubeIDE_1.15.1/STM32CubeIDE/plugins/com.st.stm32cube.ide.mcu.externaltools.gnu-tools-for-stm32.12.3.rel1.win32_1.0.100.202403111256/tools/bin/../lib/gcc/arm-none-eabi/12.3.1/../../../../arm-none-eabi/lib/thumb/v7e-m+fp/hard\libc_nano.a(libc_a-nano-svfprintf.o)
                0x0800ed5c                __ssputs_r
 *fill*         0x0800ee12        0x2 
 .text._svfprintf_r
                0x0800ee14      0x1f8 C:/ST/STM32CubeIDE_1.15.1/STM32CubeIDE/plugins/com.st.stm32cube.ide.mcu.externaltools.gnu-tools-for-stm32.12.3.rel1.win32_1.0.100.202403111256/tools/bin/../lib/gcc/arm-none-eabi/12.3.1/../../../../arm-none-eabi/lib/thumb/v7e-m+fp/hard\libc_nano.a(libc_a-nano-svfprintf.o)
                0x0800ee14                _svfiprintf_r
                0x0800ee14                _svfprintf_r
 .text._printf_common
                0x0800f00c       0xda C:/ST/STM32CubeIDE_1.15.1/STM32CubeIDE/plugins/com.st.stm32cube.ide.mcu.externaltools.gnu-tools-for-stm32.12.3.rel1.win32_1.0.100.202403111256/tools/bin/../lib/gcc/arm-none-eabi/12.3.1/../../../../arm-none-eabi/lib/thumb/v7e-m+fp/hard\libc_nano.a(libc_a-nano-vfprintf_i.o)
                0x0800f00c                _printf_common
 *fill*         0x0800f0e6        0x2 
 .text._printf_i
                0x0800f0e8      0x240 C:/ST/STM32CubeIDE_1.15.1/STM32CubeIDE/plugins/com.st.stm32cube.ide.mcu.externaltools.gnu-tools-for-stm32.12.3.rel1.win32_1.0.100.202403111256/tools/bin/../lib/gcc/arm-none-eabi/12.3.1/../../../../arm-none-eabi/lib/thumb/v7e-m+fp/hard\libc_nano.a(libc_a-nano-vfprintf_i.o)
                0x0800f0e8                _printf_i
 .text.memmove  0x0800f328       0x34 C:/ST/STM32CubeIDE_1.15.1/STM32CubeIDE/plugins/com.st.stm32cube.ide.mcu.externaltools.gnu-tools-for-stm32.12.3.rel1.win32_1.0.100.202403111256/tools/bin/../lib/gcc/arm-none-eabi/12.3.1/../../../../arm-none-eabi/lib/thumb/v7e-m+fp/hard\libc_nano.a(libc_a-memmove.o)
                0x0800f328                memmove
 .text._sbrk_r  0x0800f35c       0x20 C:/ST/STM32CubeIDE_1.15.1/STM32CubeIDE/plugins/com.st.stm32cube.ide.mcu.externaltools.gnu-tools-for-stm32.12.3.rel1.win32_1.0.100.202403111256/tools/bin/../lib/gcc/arm-none-eabi/12.3.1/../../../../arm-none-eabi/lib/thumb/v7e-m+fp/hard\libc_nano.a(libc_a-sbrkr.o)
                0x0800f35c                _sbrk_r
 .text.memcpy   0x0800f37c       0x1c C:/ST/STM32CubeIDE_1.15.1/STM32CubeIDE/plugins/com.st.stm32cube.ide.mcu.externaltools.gnu-tools-for-stm32.12.3.rel1.win32_1.0.100.202403111256/tools/bin/../lib/gcc/arm-none-eabi/12.3.1/../../../../arm-none-eabi/lib/thumb/v7e-m+fp/hard\libc_nano.a(libc_a-memcpy-stub.o)
                0x0800f37c                memcpy
 .text._realloc_r
                0x0800f398       0x5c C:/ST/STM32CubeIDE_1.15.1/STM32CubeIDE/plugins/com.st.stm32cube.ide.mcu.externaltools.gnu-tools-for-stm32.12.3.rel1.win32_1.0.100.202403111256/tools/bin/../lib/gcc/arm-none-eabi/12.3.1/../../../../arm-none-eabi/lib/thumb/v7e-m+fp/hard\libc_nano.a(libc_a-reallocr.o)
                0x0800f398                _realloc_r
 .text._malloc_usable_size_r
                0x0800f3f4       0x10 C:/ST/STM32CubeIDE_1.15.1/STM32CubeIDE/plugins/com.st.stm32cube.ide.mcu.externaltools.gnu-tools-for-stm32.12.3.rel1.win32_1.0.100.202403111256/tools/bin/../lib/gcc/arm-none-eabi/12.3.1/../../../../arm-none-eabi/lib/thumb/v7e-m+fp/hard\libc_nano.a(libc_a-msizer.o)
                0x0800f3f4                _malloc_usable_size_r
 .text.sinf     0x0800f404       0x8c C:/ST/STM32CubeIDE_1.15.1/STM32CubeIDE/plugins/com.st.stm32cube.ide.mcu.externaltools.gnu-tools-for-stm32.12.3.rel1.win32_1.0.100.202403111256/tools/bin/../lib/gcc/arm-none-eabi/12.3.1/../../../../arm-none-eabi/lib/thumb/v7e-m+fp/hard\libm.a(libm_a-sf_sin.o)
                0x0800f404                sinf
 .text.__kernel_cosf
                0x0800f490       0xb0 C:/ST/STM32CubeIDE_1.15.1/STM32CubeIDE/plugins/com.st.stm32cube.ide.mcu.externaltools.gnu-tools-for-stm32.12.3.rel1.win32_1.0.100.202403111256/tools/bin/../lib/gcc/arm-none-eabi/12.3.1/../../../../arm-none-eabi/lib/thumb/v7e-m+fp/hard\libm.a(libm_a-kf_cos.o)
                0x0800f490                __kernel_cosf
 .text.__kernel_sinf
                0x0800f540       0x90 C:/ST/STM32CubeIDE_1.15.1/STM32CubeIDE/plugins/com.st.stm32cube.ide.mcu.externaltools.gnu-tools-for-stm32.12.3.rel1.win32_1.0.100.202403111256/tools/bin/../lib/gcc/arm-none-eabi/12.3.1/../../../../arm-none-eabi/lib/thumb/v7e-m+fp/hard\libm.a(libm_a-kf_sin.o)
                0x0800f540                __kernel_sinf
 .text.__ieee754_rem_pio2f
                0x0800f5d0      0x260 C:/ST/STM32CubeIDE_1.15.1/STM32CubeIDE/plugins/com.st.stm32cube.ide.mcu.externaltools.gnu-tools-for-stm32.12.3.rel1.win32_1.0.100.202403111256/tools/bin/../lib/gcc/arm-none-eabi/12.3.1/../../../../arm-none-eabi/lib/thumb/v7e-m+fp/hard\libm.a(libm_a-ef_rem_pio2.o)
                0x0800f5d0                __ieee754_rem_pio2f
 .text.fabsf    0x0800f830        0xe C:/ST/STM32CubeIDE_1.15.1/STM32CubeIDE/plugins/com.st.stm32cube.ide.mcu.externaltools.gnu-tools-for-stm32.12.3.rel1.win32_1.0.100.202403111256/tools/bin/../lib/gcc/arm-none-eabi/12.3.1/../../../../arm-none-eabi/lib/thumb/v7e-m+fp/hard\libm.a(libm_a-sf_fabs.o)
                0x0800f830                fabsf
 *fill*         0x0800f83e        0x2 
 .text.__kernel_rem_pio2f
                0x0800f840      0x4e4 C:/ST/STM32CubeIDE_1.15.1/STM32CubeIDE/plugins/com.st.stm32cube.ide.mcu.externaltools.gnu-tools-for-stm32.12.3.rel1.win32_1.0.100.202403111256/tools/bin/../lib/gcc/arm-none-eabi/12.3.1/../../../../arm-none-eabi/lib/thumb/v7e-m+fp/hard\libm.a(libm_a-kf_rem_pio2.o)
                0x0800f840                __kernel_rem_pio2f
 .text.scalbnf  0x0800fd24       0xcc C:/ST/STM32CubeIDE_1.15.1/STM32CubeIDE/plugins/com.st.stm32cube.ide.mcu.externaltools.gnu-tools-for-stm32.12.3.rel1.win32_1.0.100.202403111256/tools/bin/../lib/gcc/arm-none-eabi/12.3.1/../../../../arm-none-eabi/lib/thumb/v7e-m+fp/hard\libm.a(libm_a-sf_scalbn.o)
                0x0800fd24                scalbnf
 .text.floorf   0x0800fdf0       0x88 C:/ST/STM32CubeIDE_1.15.1/STM32CubeIDE/plugins/com.st.stm32cube.ide.mcu.externaltools.gnu-tools-for-stm32.12.3.rel1.win32_1.0.100.202403111256/tools/bin/../lib/gcc/arm-none-eabi/12.3.1/../../../../arm-none-eabi/lib/thumb/v7e-m+fp/hard\libm.a(libm_a-sf_floor.o)
                0x0800fdf0                floorf
 *(.glue_7)
 .glue_7        0x0800fe78        0x0 linker stubs
 *(.glue_7t)
 .glue_7t       0x0800fe78        0x0 linker stubs
 *(.eh_frame)
 .eh_frame      0x0800fe78        0x0 C:/ST/STM32CubeIDE_1.15.1/STM32CubeIDE/plugins/com.st.stm32cube.ide.mcu.externaltools.gnu-tools-for-stm32.12.3.rel1.win32_1.0.100.202403111256/tools/bin/../lib/gcc/arm-none-eabi/12.3.1/thumb/v7e-m+fp/hard/crtbegin.o
 *(.init)
 .init          0x0800fe78        0x4 C:/ST/STM32CubeIDE_1.15.1/STM32CubeIDE/plugins/com.st.stm32cube.ide.mcu.externaltools.gnu-tools-for-stm32.12.3.rel1.win32_1.0.100.202403111256/tools/bin/../lib/gcc/arm-none-eabi/12.3.1/thumb/v7e-m+fp/hard/crti.o
                0x0800fe78                _init
 .init          0x0800fe7c        0x8 C:/ST/STM32CubeIDE_1.15.1/STM32CubeIDE/plugins/com.st.stm32cube.ide.mcu.externaltools.gnu-tools-for-stm32.12.3.rel1.win32_1.0.100.202403111256/tools/bin/../lib/gcc/arm-none-eabi/12.3.1/thumb/v7e-m+fp/hard/crtn.o
 *(.fini)
 .fini          0x0800fe84        0x4 C:/ST/STM32CubeIDE_1.15.1/STM32CubeIDE/plugins/com.st.stm32cube.ide.mcu.externaltools.gnu-tools-for-stm32.12.3.rel1.win32_1.0.100.202403111256/tools/bin/../lib/gcc/arm-none-eabi/12.3.1/thumb/v7e-m+fp/hard/crti.o
                0x0800fe84                _fini
 .fini          0x0800fe88        0x8 C:/ST/STM32CubeIDE_1.15.1/STM32CubeIDE/plugins/com.st.stm32cube.ide.mcu.externaltools.gnu-tools-for-stm32.12.3.rel1.win32_1.0.100.202403111256/tools/bin/../lib/gcc/arm-none-eabi/12.3.1/thumb/v7e-m+fp/hard/crtn.o
                0x0800fe90                        . = ALIGN (0x4)
                0x0800fe90                        _etext = .

.vfp11_veneer   0x0800fe90        0x0
 .vfp11_veneer  0x0800fe90        0x0 linker stubs

.v4_bx          0x0800fe90        0x0
 .v4_bx         0x0800fe90        0x0 linker stubs

.iplt           0x0800fe90        0x0
 .iplt          0x0800fe90        0x0 C:/ST/STM32CubeIDE_1.15.1/STM32CubeIDE/plugins/com.st.stm32cube.ide.mcu.externaltools.gnu-tools-for-stm32.12.3.rel1.win32_1.0.100.202403111256/tools/bin/../lib/gcc/arm-none-eabi/12.3.1/thumb/v7e-m+fp/hard/crtbegin.o

.rodata         0x0800fe90      0x47c
                0x0800fe90                        . = ALIGN (0x4)
 *(.rodata)
 .rodata        0x0800fe90       0x1e ./Core/Src/main.o
 *fill*         0x0800feae        0x2 
 .rodata        0x0800feb0       0x46 ./USB_Device/App/usbd_desc.o
 *(.rodata*)
 *fill*         0x0800fef6        0x2 
 .rodata.AHBPrescTable
                0x0800fef8       0x10 ./Core/Src/system_stm32g4xx.o
                0x0800fef8                AHBPrescTable
 .rodata._svfprintf_r.str1.1
                0x0800ff08       0x11 C:/ST/STM32CubeIDE_1.15.1/STM32CubeIDE/plugins/com.st.stm32cube.ide.mcu.externaltools.gnu-tools-for-stm32.12.3.rel1.win32_1.0.100.202403111256/tools/bin/../lib/gcc/arm-none-eabi/12.3.1/../../../../arm-none-eabi/lib/thumb/v7e-m+fp/hard\libc_nano.a(libc_a-nano-svfprintf.o)
 .rodata._printf_i.str1.1
                0x0800ff19       0x22 C:/ST/STM32CubeIDE_1.15.1/STM32CubeIDE/plugins/com.st.stm32cube.ide.mcu.externaltools.gnu-tools-for-stm32.12.3.rel1.win32_1.0.100.202403111256/tools/bin/../lib/gcc/arm-none-eabi/12.3.1/../../../../arm-none-eabi/lib/thumb/v7e-m+fp/hard\libc_nano.a(libc_a-nano-vfprintf_i.o)
 *fill*         0x0800ff3b        0x1 
 .rodata.npio2_hw
                0x0800ff3c       0x80 C:/ST/STM32CubeIDE_1.15.1/STM32CubeIDE/plugins/com.st.stm32cube.ide.mcu.externaltools.gnu-tools-for-stm32.12.3.rel1.win32_1.0.100.202403111256/tools/bin/../lib/gcc/arm-none-eabi/12.3.1/../../../../arm-none-eabi/lib/thumb/v7e-m+fp/hard\libm.a(libm_a-ef_rem_pio2.o)
 .rodata.two_over_pi
                0x0800ffbc      0x318 C:/ST/STM32CubeIDE_1.15.1/STM32CubeIDE/plugins/com.st.stm32cube.ide.mcu.externaltools.gnu-tools-for-stm32.12.3.rel1.win32_1.0.100.202403111256/tools/bin/../lib/gcc/arm-none-eabi/12.3.1/../../../../arm-none-eabi/lib/thumb/v7e-m+fp/hard\libm.a(libm_a-ef_rem_pio2.o)
 .rodata.PIo2   0x080102d4       0x2c C:/ST/STM32CubeIDE_1.15.1/STM32CubeIDE/plugins/com.st.stm32cube.ide.mcu.externaltools.gnu-tools-for-stm32.12.3.rel1.win32_1.0.100.202403111256/tools/bin/../lib/gcc/arm-none-eabi/12.3.1/../../../../arm-none-eabi/lib/thumb/v7e-m+fp/hard\libm.a(libm_a-kf_rem_pio2.o)
 .rodata.init_jk
                0x08010300        0xc C:/ST/STM32CubeIDE_1.15.1/STM32CubeIDE/plugins/com.st.stm32cube.ide.mcu.externaltools.gnu-tools-for-stm32.12.3.rel1.win32_1.0.100.202403111256/tools/bin/../lib/gcc/arm-none-eabi/12.3.1/../../../../arm-none-eabi/lib/thumb/v7e-m+fp/hard\libm.a(libm_a-kf_rem_pio2.o)
                0x0801030c                        . = ALIGN (0x4)

.ARM.extab      0x0801030c        0x0
                0x0801030c                        . = ALIGN (0x4)
 *(.ARM.extab* .gnu.linkonce.armextab.*)
                0x0801030c                        . = ALIGN (0x4)

.ARM            0x0801030c        0x8
                0x0801030c                        . = ALIGN (0x4)
                0x0801030c                        __exidx_start = .
 *(.ARM.exidx*)
 .ARM.exidx     0x0801030c        0x8 C:/ST/STM32CubeIDE_1.15.1/STM32CubeIDE/plugins/com.st.stm32cube.ide.mcu.externaltools.gnu-tools-for-stm32.12.3.rel1.win32_1.0.100.202403111256/tools/bin/../lib/gcc/arm-none-eabi/12.3.1/../../../../arm-none-eabi/lib/thumb/v7e-m+fp/hard\libc_nano.a(libc_a-memchr.o)
                0x08010314                        __exidx_end = .
                0x08010314                        . = ALIGN (0x4)

.preinit_array  0x08010314        0x0
                0x08010314                        . = ALIGN (0x4)
                0x08010314                        PROVIDE (__preinit_array_start = .)
 *(.preinit_array*)
                0x08010314                        PROVIDE (__preinit_array_end = .)
                0x08010314                        . = ALIGN (0x4)

.init_array     0x08010314        0x4
                0x08010314                        . = ALIGN (0x4)
                0x08010314                        PROVIDE (__init_array_start = .)
 *(SORT_BY_NAME(.init_array.*))
 *(.init_array*)
 .init_array    0x08010314        0x4 C:/ST/STM32CubeIDE_1.15.1/STM32CubeIDE/plugins/com.st.stm32cube.ide.mcu.externaltools.gnu-tools-for-stm32.12.3.rel1.win32_1.0.100.202403111256/tools/bin/../lib/gcc/arm-none-eabi/12.3.1/thumb/v7e-m+fp/hard/crtbegin.o
                0x08010318                        PROVIDE (__init_array_end = .)
                0x08010318                        . = ALIGN (0x4)

.fini_array     0x08010318        0x4
                0x08010318                        . = ALIGN (0x4)
                [!provide]                        PROVIDE (__fini_array_start = .)
 *(SORT_BY_NAME(.fini_array.*))
 *(.fini_array*)
 .fini_array    0x08010318        0x4 C:/ST/STM32CubeIDE_1.15.1/STM32CubeIDE/plugins/com.st.stm32cube.ide.mcu.externaltools.gnu-tools-for-stm32.12.3.rel1.win32_1.0.100.202403111256/tools/bin/../lib/gcc/arm-none-eabi/12.3.1/thumb/v7e-m+fp/hard/crtbegin.o
                [!provide]                        PROVIDE (__fini_array_end = .)
                0x0801031c                        . = ALIGN (0x4)
                0x0801031c                        _sidata = LOADADDR (.data)

.rel.dyn        0x0801031c        0x0
 .rel.iplt      0x0801031c        0x0 C:/ST/STM32CubeIDE_1.15.1/STM32CubeIDE/plugins/com.st.stm32cube.ide.mcu.externaltools.gnu-tools-for-stm32.12.3.rel1.win32_1.0.100.202403111256/tools/bin/../lib/gcc/arm-none-eabi/12.3.1/thumb/v7e-m+fp/hard/crtbegin.o

.data           0x20000000      0x1d4 load address 0x0801031c
                0x20000000                        . = ALIGN (0x4)
                0x20000000                        _sdata = .
 *(.data)
 *(.data*)
 .data.SystemCoreClock
                0x20000000        0x4 ./Core/Src/system_stm32g4xx.o
                0x20000000                SystemCoreClock
 .data.uwTickPrio
                0x20000004        0x4 ./Drivers/STM32G4xx_HAL_Driver/Src/stm32g4xx_hal.o
                0x20000004                uwTickPrio
 .data.uwTickFreq
                0x20000008        0x4 ./Drivers/STM32G4xx_HAL_Driver/Src/stm32g4xx_hal.o
                0x20000008                uwTickFreq
 .data.USBD_CDC_DeviceQualifierDesc
                0x2000000c        0xa ./Middlewares/ST/STM32_USB_Device_Library/Class/CDC/Src/usbd_cdc.o
 *fill*         0x20000016        0x2 
 .data.USBD_CDC
                0x20000018       0x38 ./Middlewares/ST/STM32_USB_Device_Library/Class/CDC/Src/usbd_cdc.o
                0x20000018                USBD_CDC
 .data.USBD_CDC_CfgHSDesc
                0x20000050       0x43 ./Middlewares/ST/STM32_USB_Device_Library/Class/CDC/Src/usbd_cdc.o
 *fill*         0x20000093        0x1 
 .data.USBD_CDC_CfgFSDesc
                0x20000094       0x43 ./Middlewares/ST/STM32_USB_Device_Library/Class/CDC/Src/usbd_cdc.o
 *fill*         0x200000d7        0x1 
 .data.USBD_CDC_OtherSpeedCfgDesc
                0x200000d8       0x43 ./Middlewares/ST/STM32_USB_Device_Library/Class/CDC/Src/usbd_cdc.o
 *fill*         0x2000011b        0x1 
 .data.USBD_Interface_fops_FS
                0x2000011c       0x14 ./USB_Device/App/usbd_cdc_if.o
                0x2000011c                USBD_Interface_fops_FS
 .data.CDC_Desc
                0x20000130       0x20 ./USB_Device/App/usbd_desc.o
                0x20000130                CDC_Desc
 .data.USBD_CDC_DeviceDesc
                0x20000150       0x12 ./USB_Device/App/usbd_desc.o
                0x20000150                USBD_CDC_DeviceDesc
 *fill*         0x20000162        0x2 
 .data.USBD_LangIDDesc
                0x20000164        0x4 ./USB_Device/App/usbd_desc.o
                0x20000164                USBD_LangIDDesc
 .data.USBD_StringSerial
                0x20000168       0x1a ./USB_Device/App/usbd_desc.o
                0x20000168                USBD_StringSerial
 *fill*         0x20000182        0x2 
 .data._impure_ptr
                0x20000184        0x4 C:/ST/STM32CubeIDE_1.15.1/STM32CubeIDE/plugins/com.st.stm32cube.ide.mcu.externaltools.gnu-tools-for-stm32.12.3.rel1.win32_1.0.100.202403111256/tools/bin/../lib/gcc/arm-none-eabi/12.3.1/../../../../arm-none-eabi/lib/thumb/v7e-m+fp/hard\libc_nano.a(libc_a-impure.o)
                0x20000184                _impure_ptr
 .data._impure_data
                0x20000188       0x4c C:/ST/STM32CubeIDE_1.15.1/STM32CubeIDE/plugins/com.st.stm32cube.ide.mcu.externaltools.gnu-tools-for-stm32.12.3.rel1.win32_1.0.100.202403111256/tools/bin/../lib/gcc/arm-none-eabi/12.3.1/../../../../arm-none-eabi/lib/thumb/v7e-m+fp/hard\libc_nano.a(libc_a-impure.o)
                0x20000188                _impure_data
 *(.RamFunc)
 *(.RamFunc*)
                0x200001d4                        . = ALIGN (0x4)
                0x200001d4                        _edata = .

.igot.plt       0x200001d4        0x0 load address 0x080104f0
 .igot.plt      0x200001d4        0x0 C:/ST/STM32CubeIDE_1.15.1/STM32CubeIDE/plugins/com.st.stm32cube.ide.mcu.externaltools.gnu-tools-for-stm32.12.3.rel1.win32_1.0.100.202403111256/tools/bin/../lib/gcc/arm-none-eabi/12.3.1/thumb/v7e-m+fp/hard/crtbegin.o
                0x200001d4                        . = ALIGN (0x4)

.bss            0x200001d4     0x4e34 load address 0x080104f0
                0x200001d4                        _sbss = .
                0x200001d4                        __bss_start__ = _sbss
 *(.bss)
 .bss           0x200001d4       0x1c C:/ST/STM32CubeIDE_1.15.1/STM32CubeIDE/plugins/com.st.stm32cube.ide.mcu.externaltools.gnu-tools-for-stm32.12.3.rel1.win32_1.0.100.202403111256/tools/bin/../lib/gcc/arm-none-eabi/12.3.1/thumb/v7e-m+fp/hard/crtbegin.o
 *(.bss*)
 .bss.hadc1     0x200001f0       0x6c ./Core/Src/main.o
                0x200001f0                hadc1
 .bss.hadc2     0x2000025c       0x6c ./Core/Src/main.o
                0x2000025c                hadc2
 .bss.hadc3     0x200002c8       0x6c ./Core/Src/main.o
                0x200002c8                hadc3
 .bss.hdma_adc1
                0x20000334       0x60 ./Core/Src/main.o
                0x20000334                hdma_adc1
 .bss.hdma_adc2
                0x20000394       0x60 ./Core/Src/main.o
                0x20000394                hdma_adc2
 .bss.hdma_adc3
                0x200003f4       0x60 ./Core/Src/main.o
                0x200003f4                hdma_adc3
 .bss.hopamp1   0x20000454       0x3c ./Core/Src/main.o
                0x20000454                hopamp1
 .bss.hopamp3   0x20000490       0x3c ./Core/Src/main.o
                0x20000490                hopamp3
 .bss.htim1     0x200004cc       0x4c ./Core/Src/main.o
                0x200004cc                htim1
 .bss.htim2     0x20000518       0x4c ./Core/Src/main.o
                0x20000518                htim2
 .bss.htim3     0x20000564       0x4c ./Core/Src/main.o
                0x20000564                htim3
 .bss.htim4     0x200005b0       0x4c ./Core/Src/main.o
                0x200005b0                htim4
 .bss.htim15    0x200005fc       0x4c ./Core/Src/main.o
                0x200005fc                htim15
 .bss.hdma_tim3_ch4
                0x20000648       0x60 ./Core/Src/main.o
                0x20000648                hdma_tim3_ch4
 .bss.uwIC2Value
                0x200006a8        0x4 ./Core/Src/main.o
                0x200006a8                uwIC2Value
 .bss.uwDutyCycle
                0x200006ac        0x4 ./Core/Src/main.o
                0x200006ac                uwDutyCycle
 .bss.uwFrequency
                0x200006b0        0x4 ./Core/Src/main.o
                0x200006b0                uwFrequency
 .bss.USER_CounterTicks
                0x200006b4        0x4 ./Core/Src/main.o
                0x200006b4                USER_CounterTicks
 .bss.ADC_BUFFER
                0x200006b8      0xfa0 ./Core/Src/main.o
                0x200006b8                ADC_BUFFER
 .bss.WHILE_BUFFER
                0x20001658      0xfa0 ./Core/Src/main.o
                0x20001658                WHILE_BUFFER
 .bss.CDC_BUFFER
                0x200025f8       0x32 ./Core/Src/main.o
                0x200025f8                CDC_BUFFER
 *fill*         0x2000262a        0x2 
 .bss.WHILE_FLAG
                0x2000262c        0x4 ./Core/Src/main.o
                0x2000262c                WHILE_FLAG
 .bss.BOOT0_BTN_COUNT
                0x20002630        0x4 ./Core/Src/main.o
                0x20002630                BOOT0_BTN_COUNT
 .bss.HAL_RCC_ADC12_CLK_ENABLED
                0x20002634        0x4 ./Core/Src/stm32g4xx_hal_msp.o
 .bss.__sbrk_heap_end
                0x20002638        0x4 ./Core/Src/sysmem.o
 .bss.ws2812_color
                0x2000263c       0xc8 ./Core/Src/ws2812.o
                0x2000263c                ws2812_color
 .bss._ws2812_color_current
                0x20002704       0xc8 ./Core/Src/ws2812.o
 .bss.r.9       0x200027cc        0x1 ./Core/Src/ws2812.o
 .bss.g.8       0x200027cd        0x1 ./Core/Src/ws2812.o
 .bss.b.7       0x200027ce        0x1 ./Core/Src/ws2812.o
 *fill*         0x200027cf        0x1 
 .bss.ws2812_data.6
                0x200027d0      0xa28 ./Core/Src/ws2812.o
 .bss.start_r.5
                0x200031f8       0x32 ./Core/Src/ws2812.o
 *fill*         0x2000322a        0x2 
 .bss.start_g.4
                0x2000322c       0x32 ./Core/Src/ws2812.o
 *fill*         0x2000325e        0x2 
 .bss.start_b.3
                0x20003260       0x32 ./Core/Src/ws2812.o
 *fill*         0x20003292        0x2 
 .bss.r_step.2  0x20003294       0xc8 ./Core/Src/ws2812.o
 .bss.g_step.1  0x2000335c       0xc8 ./Core/Src/ws2812.o
 .bss.b_step.0  0x20003424       0xc8 ./Core/Src/ws2812.o
 .bss.uwTick    0x200034ec        0x4 ./Drivers/STM32G4xx_HAL_Driver/Src/stm32g4xx_hal.o
                0x200034ec                uwTick
 .bss.cfgidx.0  0x200034f0        0x1 ./Middlewares/ST/STM32_USB_Device_Library/Core/Src/usbd_ctlreq.o
 *fill*         0x200034f1        0x3 
 .bss.hUsbDeviceFS
                0x200034f4      0x2d0 ./USB_Device/App/usb_device.o
                0x200034f4                hUsbDeviceFS
 .bss.UserRxBufferFS
                0x200037c4      0x800 ./USB_Device/App/usbd_cdc_if.o
                0x200037c4                UserRxBufferFS
 .bss.UserTxBufferFS
                0x20003fc4      0x800 ./USB_Device/App/usbd_cdc_if.o
                0x20003fc4                UserTxBufferFS
 .bss.USBD_StrDesc
                0x200047c4      0x200 ./USB_Device/App/usbd_desc.o
                0x200047c4                USBD_StrDesc
 .bss.hpcd_USB_FS
                0x200049c4      0x2dc ./USB_Device/Target/usbd_conf.o
                0x200049c4                hpcd_USB_FS
 .bss.mem.0     0x20004ca0      0x220 ./USB_Device/Target/usbd_conf.o
 .bss.__sf      0x20004ec0      0x138 C:/ST/STM32CubeIDE_1.15.1/STM32CubeIDE/plugins/com.st.stm32cube.ide.mcu.externaltools.gnu-tools-for-stm32.12.3.rel1.win32_1.0.100.202403111256/tools/bin/../lib/gcc/arm-none-eabi/12.3.1/../../../../arm-none-eabi/lib/thumb/v7e-m+fp/hard\libc_nano.a(libc_a-findfp.o)
                0x20004ec0                __sf
 .bss.errno     0x20004ff8        0x4 C:/ST/STM32CubeIDE_1.15.1/STM32CubeIDE/plugins/com.st.stm32cube.ide.mcu.externaltools.gnu-tools-for-stm32.12.3.rel1.win32_1.0.100.202403111256/tools/bin/../lib/gcc/arm-none-eabi/12.3.1/../../../../arm-none-eabi/lib/thumb/v7e-m+fp/hard\libc_nano.a(libc_a-reent.o)
                0x20004ff8                errno
 .bss.__lock___malloc_recursive_mutex
                0x20004ffc        0x1 C:/ST/STM32CubeIDE_1.15.1/STM32CubeIDE/plugins/com.st.stm32cube.ide.mcu.externaltools.gnu-tools-for-stm32.12.3.rel1.win32_1.0.100.202403111256/tools/bin/../lib/gcc/arm-none-eabi/12.3.1/../../../../arm-none-eabi/lib/thumb/v7e-m+fp/hard\libc_nano.a(libc_a-lock.o)
                0x20004ffc                __lock___malloc_recursive_mutex
 *fill*         0x20004ffd        0x3 
 .bss.__malloc_sbrk_start
                0x20005000        0x4 C:/ST/STM32CubeIDE_1.15.1/STM32CubeIDE/plugins/com.st.stm32cube.ide.mcu.externaltools.gnu-tools-for-stm32.12.3.rel1.win32_1.0.100.202403111256/tools/bin/../lib/gcc/arm-none-eabi/12.3.1/../../../../arm-none-eabi/lib/thumb/v7e-m+fp/hard\libc_nano.a(libc_a-mallocr.o)
                0x20005000                __malloc_sbrk_start
 .bss.__malloc_free_list
                0x20005004        0x4 C:/ST/STM32CubeIDE_1.15.1/STM32CubeIDE/plugins/com.st.stm32cube.ide.mcu.externaltools.gnu-tools-for-stm32.12.3.rel1.win32_1.0.100.202403111256/tools/bin/../lib/gcc/arm-none-eabi/12.3.1/../../../../arm-none-eabi/lib/thumb/v7e-m+fp/hard\libc_nano.a(libc_a-mallocr.o)
                0x20005004                __malloc_free_list
 *(COMMON)
                0x20005008                        . = ALIGN (0x4)
                0x20005008                        _ebss = .
                0x20005008                        __bss_end__ = _ebss

._user_heap_stack
                0x20005008      0x600 load address 0x080104f0
                0x20005008                        . = ALIGN (0x8)
                [!provide]                        PROVIDE (end = .)
                0x20005008                        PROVIDE (_end = .)
                0x20005208                        . = (. + _Min_Heap_Size)
 *fill*         0x20005008      0x200 
                0x20005608                        . = (. + _Min_Stack_Size)
 *fill*         0x20005208      0x400 
                0x20005608                        . = ALIGN (0x8)

/DISCARD/
 libc.a(*)
 libm.a(*)
 libgcc.a(*)

.ARM.attributes
                0x00000000       0x30
 *(.ARM.attributes)
 .ARM.attributes
                0x00000000       0x22 C:/ST/STM32CubeIDE_1.15.1/STM32CubeIDE/plugins/com.st.stm32cube.ide.mcu.externaltools.gnu-tools-for-stm32.12.3.rel1.win32_1.0.100.202403111256/tools/bin/../lib/gcc/arm-none-eabi/12.3.1/thumb/v7e-m+fp/hard/crti.o
 .ARM.attributes
                0x00000022       0x34 C:/ST/STM32CubeIDE_1.15.1/STM32CubeIDE/plugins/com.st.stm32cube.ide.mcu.externaltools.gnu-tools-for-stm32.12.3.rel1.win32_1.0.100.202403111256/tools/bin/../lib/gcc/arm-none-eabi/12.3.1/thumb/v7e-m+fp/hard/crtbegin.o
 .ARM.attributes
                0x00000056       0x34 ./Core/Src/main.o
 .ARM.attributes
                0x0000008a       0x34 ./Core/Src/stm32g4xx_hal_msp.o
 .ARM.attributes
                0x000000be       0x34 ./Core/Src/stm32g4xx_it.o
 .ARM.attributes
                0x000000f2       0x34 ./Core/Src/sysmem.o
 .ARM.attributes
                0x00000126       0x34 ./Core/Src/system_stm32g4xx.o
 .ARM.attributes
                0x0000015a       0x34 ./Core/Src/ws2812.o
 .ARM.attributes
                0x0000018e       0x21 ./Core/Startup/startup_stm32g474retx.o
 .ARM.attributes
                0x000001af       0x34 ./Drivers/STM32G4xx_HAL_Driver/Src/stm32g4xx_hal.o
 .ARM.attributes
                0x000001e3       0x34 ./Drivers/STM32G4xx_HAL_Driver/Src/stm32g4xx_hal_adc.o
 .ARM.attributes
                0x00000217       0x34 ./Drivers/STM32G4xx_HAL_Driver/Src/stm32g4xx_hal_adc_ex.o
 .ARM.attributes
                0x0000024b       0x34 ./Drivers/STM32G4xx_HAL_Driver/Src/stm32g4xx_hal_cortex.o
 .ARM.attributes
                0x0000027f       0x34 ./Drivers/STM32G4xx_HAL_Driver/Src/stm32g4xx_hal_dma.o
 .ARM.attributes
                0x000002b3       0x34 ./Drivers/STM32G4xx_HAL_Driver/Src/stm32g4xx_hal_gpio.o
 .ARM.attributes
                0x000002e7       0x34 ./Drivers/STM32G4xx_HAL_Driver/Src/stm32g4xx_hal_opamp.o
 .ARM.attributes
                0x0000031b       0x34 ./Drivers/STM32G4xx_HAL_Driver/Src/stm32g4xx_hal_pcd.o
 .ARM.attributes