18:25:52 **** Incremental Build of configuration Debug for project FMAC_431 ****
make -j20 all 
arm-none-eabi-gcc "../Core/Src/main.c" -mcpu=cortex-m4 -std=gnu11 -g3 -DDEBUG -DUSE_HAL_DRIVER -DSTM32G431xx -c -I../Core/Inc -I../Drivers/STM32G4xx_HAL_Driver/Inc -I../Drivers/STM32G4xx_HAL_Driver/Inc/Legacy -I../Drivers/CMSIS/Device/ST/STM32G4xx/Include -I../Drivers/CMSIS/Include -I"C:/Users/87407/OneDrive/Stm32G431/FMAC_431/Drivers/CMSIS/DSP_DRIVERS/Include" -I../USB_Device/App -I../USB_Device/Target -I../Middlewares/ST/STM32_USB_Device_Library/Core/Inc -I../Middlewares/ST/STM32_USB_Device_Library/Class/CDC/Inc -O0 -ffunction-sections -fdata-sections -Wall -fstack-usage -fcyclomatic-complexity -MMD -MP -MF"Core/Src/main.d" -MT"Core/Src/main.o" --specs=nano.specs -mfpu=fpv4-sp-d16 -mfloat-abi=hard -mthumb -o "Core/Src/main.o"
../Core/Src/main.c: In function 'main':
../Core/Src/main.c:209:35: warning: pointer targets in passing argument 1 of 'sprintf' differ in signedness [-Wpointer-sign]
  209 |                           sprintf(CDC_BUFFER,"V:%d,%d\r\n",WHILE_BUFFER[i],i);
      |                                   ^~~~~~~~~~
      |                                   |
      |                                   uint8_t * {aka unsigned char *}
In file included from ../USB_Device/Target/usbd_conf.h:30,
                 from ../Middlewares/ST/STM32_USB_Device_Library/Core/Inc/usbd_def.h:29,
                 from ../USB_Device/App/usb_device.h:32,
                 from ../Core/Src/main.c:21:
C:\ST\STM32CubeIDE_1.15.1\STM32CubeIDE\plugins\com.st.stm32cube.ide.mcu.externaltools.gnu-tools-for-stm32.12.3.rel1.win32_1.0.100.202403111256\tools\bin/../lib/gcc/arm-none-eabi/12.3.1/../../../../arm-none-eabi/include/stdio.h:250:18: note: expected 'char * restrict' but argument is of type 'uint8_t *' {aka 'unsigned char *'}
  250 | int     sprintf (char *__restrict, const char *__restrict, ...)
      |                  ^
../Core/Src/main.c:209:50: warning: format '%d' expects argument of type 'int', but argument 3 has type 'uint32_t' {aka 'long unsigned int'} [-Wformat=]
  209 |                           sprintf(CDC_BUFFER,"V:%d,%d\r\n",WHILE_BUFFER[i],i);
      |                                                 ~^         ~~~~~~~~~~~~~~~
      |                                                  |                     |
      |                                                  int                   uint32_t {aka long unsigned int}
      |                                                 %ld
arm-none-eabi-gcc -o "FMAC_431.elf" @"objects.list"  -larm_cortexM4lf_math -mcpu=cortex-m4 -T"C:\Users\87407\OneDrive\Stm32G431\FMAC_431\STM32G431RBTX_FLASH.ld" --specs=nosys.specs -Wl,-Map="FMAC_431.map" -Wl,--gc-sections -static -L"C:\Users\87407\OneDrive\Stm32G431\FMAC_431\Drivers\CMSIS\DSP_DRIVERS\Lib\GCC" -L../Middlewares/ST/ARM/DSP/Lib --specs=nano.specs -mfpu=fpv4-sp-d16 -mfloat-abi=hard -mthumb -Wl,--start-group -lc -lm -Wl,--end-group
Finished building target: FMAC_431.elf
 
arm-none-eabi-size  FMAC_431.elf 
arm-none-eabi-objdump -h -S FMAC_431.elf  > "FMAC_431.list"
   text	   data	    bss	    dec	    hex	filename
  48340	    468	  31684	  80492	  13a6c	FMAC_431.elf
Finished building: default.size.stdout
 
Finished building: FMAC_431.list
 

18:25:53 Build Finished. 0 errors, 2 warnings. (took 1s.107ms)

